/home/elejandc/Documents/MCUXpresso_11.8.0_1165/workspace/Pad3/drivers/fsl_clock.h:368:20:CLOCK_EnableClock	16	static
/home/elejandc/Documents/MCUXpresso_11.8.0_1165/workspace/Pad3/drivers/fsl_clock.h:379:20:CLOCK_DisableClock	16	static
/home/elejandc/Documents/MCUXpresso_11.8.0_1165/workspace/Pad3/drivers/fsl_iocon.h:102:22:IOCON_PinMuxSet	24	static
../board/pin_mux.c:37:6:BOARD_InitBootPins	8	static
../board/pin_mux.c:62:6:BOARD_InitPins	8	static
../board/pin_mux.c:89:6:BOARD_InitLEDsPins	32	static
../board/pin_mux.c:170:6:BOARD_InitDEBUG_UARTPins	16	static
../board/pin_mux.c:229:6:BOARD_InitSWD_DEBUGPins	24	static
../board/pin_mux.c:301:6:BOARD_InitI2CPins	16	static
../board/pin_mux.c:361:6:BOARD_InitBUTTONsPins	24	static
../board/pin_mux.c:429:6:BOARD_InitISPIPins	8	static
../board/pin_mux.c:470:6:MotorA	16	static
../board/pin_mux.c:535:6:Servo	16	static
