Archive member included to satisfy reference by file (symbol)

/usr/local/mcuxpressoide-11.5.0_7232/ide/plugins/com.nxp.mcuxpresso.tools.linux_11.5.0.202107051138/tools/bin/../lib/gcc/arm-none-eabi/10.3.1/../../../../arm-none-eabi/lib/thumb/v6-m/nofp/libcr_nohost_nf.a(_cr__main.o)
                              ./startup/startup_lpc804.o (__main)
/usr/local/mcuxpressoide-11.5.0_7232/ide/plugins/com.nxp.mcuxpresso.tools.linux_11.5.0.202107051138/tools/bin/../lib/gcc/arm-none-eabi/10.3.1/../../../../arm-none-eabi/lib/thumb/v6-m/nofp/libcr_c.a(memcpy.o)
                              ./utilities/fsl_debug_console.o (memcpy)
/usr/local/mcuxpressoide-11.5.0_7232/ide/plugins/com.nxp.mcuxpresso.tools.linux_11.5.0.202107051138/tools/bin/../lib/gcc/arm-none-eabi/10.3.1/../../../../arm-none-eabi/lib/thumb/v6-m/nofp/libcr_c.a(memset.o)
                              ./drivers/fsl_ctimer.o (memset)
/usr/local/mcuxpressoide-11.5.0_7232/ide/plugins/com.nxp.mcuxpresso.tools.linux_11.5.0.202107051138/tools/bin/../lib/gcc/arm-none-eabi/10.3.1/../../../../arm-none-eabi/lib/thumb/v6-m/nofp/libcr_c.a(alloc.o)
                              ./drivers/fsl_common.o (malloc)
/usr/local/mcuxpressoide-11.5.0_7232/ide/plugins/com.nxp.mcuxpresso.tools.linux_11.5.0.202107051138/tools/bin/../lib/gcc/arm-none-eabi/10.3.1/../../../../arm-none-eabi/lib/thumb/v6-m/nofp/libcr_c.a(errno.o)
                              ./utilities/fsl_str.o (errno)
/usr/local/mcuxpressoide-11.5.0_7232/ide/plugins/com.nxp.mcuxpresso.tools.linux_11.5.0.202107051138/tools/bin/../lib/gcc/arm-none-eabi/10.3.1/../../../../arm-none-eabi/lib/thumb/v6-m/nofp/libcr_c.a(initio.o)
                              /usr/local/mcuxpressoide-11.5.0_7232/ide/plugins/com.nxp.mcuxpresso.tools.linux_11.5.0.202107051138/tools/bin/../lib/gcc/arm-none-eabi/10.3.1/../../../../arm-none-eabi/lib/thumb/v6-m/nofp/libcr_nohost_nf.a(_cr__main.o) (_initio)
/usr/local/mcuxpressoide-11.5.0_7232/ide/plugins/com.nxp.mcuxpresso.tools.linux_11.5.0.202107051138/tools/bin/../lib/gcc/arm-none-eabi/10.3.1/../../../../arm-none-eabi/lib/thumb/v6-m/nofp/libcr_c.a(scanf.o)
                              ./utilities/fsl_str.o (strtoul)
/usr/local/mcuxpressoide-11.5.0_7232/ide/plugins/com.nxp.mcuxpresso.tools.linux_11.5.0.202107051138/tools/bin/../lib/gcc/arm-none-eabi/10.3.1/../../../../arm-none-eabi/lib/thumb/v6-m/nofp/libcr_c.a(setvbuf.o)
                              /usr/local/mcuxpressoide-11.5.0_7232/ide/plugins/com.nxp.mcuxpresso.tools.linux_11.5.0.202107051138/tools/bin/../lib/gcc/arm-none-eabi/10.3.1/../../../../arm-none-eabi/lib/thumb/v6-m/nofp/libcr_c.a(initio.o) (setvbuf)
/usr/local/mcuxpressoide-11.5.0_7232/ide/plugins/com.nxp.mcuxpresso.tools.linux_11.5.0.202107051138/tools/bin/../lib/gcc/arm-none-eabi/10.3.1/../../../../arm-none-eabi/lib/thumb/v6-m/nofp/libcr_c.a(stdlib.o)
                              ./source/Pad2.o (abs)
/usr/local/mcuxpressoide-11.5.0_7232/ide/plugins/com.nxp.mcuxpresso.tools.linux_11.5.0.202107051138/tools/bin/../lib/gcc/arm-none-eabi/10.3.1/../../../../arm-none-eabi/lib/thumb/v6-m/nofp/libcr_c.a(strlen.o)
                              ./utilities/fsl_debug_console.o (strlen)
/usr/local/mcuxpressoide-11.5.0_7232/ide/plugins/com.nxp.mcuxpresso.tools.linux_11.5.0.202107051138/tools/bin/../lib/gcc/arm-none-eabi/10.3.1/../../../../arm-none-eabi/lib/thumb/v6-m/nofp/libcr_c.a(ungetc.o)
                              /usr/local/mcuxpressoide-11.5.0_7232/ide/plugins/com.nxp.mcuxpresso.tools.linux_11.5.0.202107051138/tools/bin/../lib/gcc/arm-none-eabi/10.3.1/../../../../arm-none-eabi/lib/thumb/v6-m/nofp/libcr_c.a(scanf.o) (ungetc)
/usr/local/mcuxpressoide-11.5.0_7232/ide/plugins/com.nxp.mcuxpresso.tools.linux_11.5.0.202107051138/tools/bin/../lib/gcc/arm-none-eabi/10.3.1/../../../../arm-none-eabi/lib/thumb/v6-m/nofp/libcr_c.a(__fillbuf.o)
                              /usr/local/mcuxpressoide-11.5.0_7232/ide/plugins/com.nxp.mcuxpresso.tools.linux_11.5.0.202107051138/tools/bin/../lib/gcc/arm-none-eabi/10.3.1/../../../../arm-none-eabi/lib/thumb/v6-m/nofp/libcr_c.a(scanf.o) (__filbuf)
/usr/local/mcuxpressoide-11.5.0_7232/ide/plugins/com.nxp.mcuxpresso.tools.linux_11.5.0.202107051138/tools/bin/../lib/gcc/arm-none-eabi/10.3.1/../../../../arm-none-eabi/lib/thumb/v6-m/nofp/libcr_c.a(__init_alloc.o)
                              /usr/local/mcuxpressoide-11.5.0_7232/ide/plugins/com.nxp.mcuxpresso.tools.linux_11.5.0.202107051138/tools/bin/../lib/gcc/arm-none-eabi/10.3.1/../../../../arm-none-eabi/lib/thumb/v6-m/nofp/libcr_c.a(alloc.o) (__heaps)
/usr/local/mcuxpressoide-11.5.0_7232/ide/plugins/com.nxp.mcuxpresso.tools.linux_11.5.0.202107051138/tools/bin/../lib/gcc/arm-none-eabi/10.3.1/../../../../arm-none-eabi/lib/thumb/v6-m/nofp/libcr_c.a(_cr_sbrk.o)
                              /usr/local/mcuxpressoide-11.5.0_7232/ide/plugins/com.nxp.mcuxpresso.tools.linux_11.5.0.202107051138/tools/bin/../lib/gcc/arm-none-eabi/10.3.1/../../../../arm-none-eabi/lib/thumb/v6-m/nofp/libcr_c.a(alloc.o) (_sbrk)
[...]
Memory Configuration

Name             Origin             Length             Attributes
PROGRAM_FLASH    0x0000000000000000 0x0000000000007f80 xr
BOOT_FLASH       0x0000000000007f80 0x0000000000000080 xr
SRAM             0x0000000010000000 0x0000000000000fe0 xrw
IAP_SRAM         0x0000000010000fe0 0x0000000000000020 xrw
*default*        0x0000000000000000 0xffffffffffffffff

Linker script and memory map

LOAD ./utilities/fsl_assert.o
LOAD ./utilities/fsl_debug_console.o
LOAD ./utilities/fsl_str.o
LOAD ./startup/startup_lpc804.o
LOAD ./source/Pad2.o
LOAD ./source/semihost_hardfault.o
LOAD ./drivers/fsl_clock.o
LOAD ./drivers/fsl_common.o
LOAD ./drivers/fsl_common_arm.o
LOAD ./drivers/fsl_ctimer.o
LOAD ./drivers/fsl_gpio.o
LOAD ./drivers/fsl_i2c.o
LOAD ./drivers/fsl_power.o
LOAD ./drivers/fsl_reset.o
LOAD ./drivers/fsl_spi.o
LOAD ./drivers/fsl_swm.o
LOAD ./drivers/fsl_usart.o
LOAD ./device/system_LPC804.o
LOAD ./component/uart/fsl_adapter_miniusart.o
LOAD ./board/board.o
LOAD ./board/clock_config.o
LOAD ./board/peripherals.o
LOAD ./board/pin_mux.o
START GROUP
LOAD /usr/local/mcuxpressoide-11.5.0_7232/ide/plugins/com.nxp.mcuxpresso.tools.linux_11.5.0.202107051138/tools/bin/../lib/gcc/arm-none-eabi/10.3.1/../../../../arm-none-eabi/lib/thumb/v6-m/nofp/libcr_nohost_nf.a
LOAD /usr/local/mcuxpressoide-11.5.0_7232/ide/plugins/com.nxp.mcuxpresso.tools.linux_11.5.0.202107051138/tools/bin/../lib/gcc/arm-none-eabi/10.3.1/../../../../arm-none-eabi/lib/thumb/v6-m/nofp/libcr_c.a
LOAD /usr/local/mcuxpressoide-11.5.0_7232/ide/plugins/com.nxp.mcuxpresso.tools.linux_11.5.0.202107051138/tools/bin/../lib/gcc/arm-none-eabi/10.3.1/thumb/v6-m/nofp/libcr_eabihelpers.a
LOAD /usr/local/mcuxpressoide-11.5.0_7232/ide/plugins/com.nxp.mcuxpresso.tools.linux_11.5.0.202107051138/tools/bin/../lib/gcc/arm-none-eabi/10.3.1/thumb/v6-m/nofp/libgcc.a
END GROUP
                0x0000000000000000                __base_PROGRAM_FLASH = 0x0
                0x0000000000000000                __base_Flash = 0x0
                0x0000000000007f80                __top_PROGRAM_FLASH = 0x7f80
                0x0000000000007f80                __top_Flash = 0x7f80
                0x0000000000007f80                __base_BOOT_FLASH = 0x7f80
                0x0000000000007f80                __base_Flash2 = 0x7f80
                0x0000000000008000                __top_BOOT_FLASH = 0x8000
                0x0000000000008000                __top_Flash2 = 0x8000
                0x0000000010000000                __base_SRAM = 0x10000000
                0x0000000010000000                __base_RAM = 0x10000000
                0x0000000010000fe0                __top_SRAM = 0x10000fe0
                0x0000000010000fe0                __top_RAM = 0x10000fe0
                0x0000000010000fe0                __base_IAP_SRAM = 0x10000fe0
                0x0000000010000fe0                __base_RAM2 = 0x10000fe0
                0x0000000010001000                __top_IAP_SRAM = 0x10001000
                0x0000000010001000                __top_RAM2 = 0x10001000

.text_Flash2    0x0000000000007f80        0x0
 FILL mask 0xff
 *(SORT_BY_ALIGNMENT(.text_Flash2))
 *(SORT_BY_ALIGNMENT(.text_BOOT_FLASH))
 *(SORT_BY_ALIGNMENT(.text.$Flash2))
 *(SORT_BY_ALIGNMENT(.text.$BOOT_FLASH))
 *(SORT_BY_ALIGNMENT(.text_Flash2.*))
 *(SORT_BY_ALIGNMENT(.text_BOOT_FLASH.*))
 *(SORT_BY_ALIGNMENT(.text.$Flash2.*))
 *(SORT_BY_ALIGNMENT(.text.$BOOT_FLASH.*))
 *(SORT_BY_ALIGNMENT(.rodata.$Flash2))
 *(SORT_BY_ALIGNMENT(.rodata.$BOOT_FLASH))
 *(SORT_BY_ALIGNMENT(.rodata.$Flash2.*))
 *(SORT_BY_ALIGNMENT(.rodata.$BOOT_FLASH.*))

.text           0x0000000000000000     0x3e3c
 FILL mask 0xff
                0x0000000000000000                __vectors_start__ = ABSOLUTE (.)
 *(SORT_BY_ALIGNMENT(.isr_vector))
 .isr_vector    0x0000000000000000       0xc0 ./startup/startup_lpc804.o
                0x0000000000000000                __Vectors
                0x0000000000000000                g_pfnVectors
                0x00000000000000c0                . = ALIGN (0x4)
                0x00000000000000c0                __section_table_start = .
                0x00000000000000c0                __data_section_table = .
                0x00000000000000c0        0x4 LONG 0x3e3c LOADADDR (.data)
                0x00000000000000c4        0x4 LONG 0x10000000 ADDR (.data)
                0x00000000000000c8        0x4 LONG 0x1c SIZEOF (.data)
                0x00000000000000cc        0x4 LONG 0x3e3c LOADADDR (.data_RAM2)
                0x00000000000000d0        0x4 LONG 0x10000fe0 ADDR (.data_RAM2)
                0x00000000000000d4        0x4 LONG 0x0 SIZEOF (.data_RAM2)
                0x00000000000000d8                __data_section_table_end = .
                0x00000000000000d8                __bss_section_table = .
                0x00000000000000d8        0x4 LONG 0x1000001c ADDR (.bss)
                0x00000000000000dc        0x4 LONG 0x14c SIZEOF (.bss)
                0x00000000000000e0        0x4 LONG 0x10000fe0 ADDR (.bss_RAM2)
                0x00000000000000e4        0x4 LONG 0x0 SIZEOF (.bss_RAM2)
                0x00000000000000e8                __bss_section_table_end = .
                0x00000000000000e8                __section_table_end = .
 *(SORT_BY_ALIGNMENT(.after_vectors*))
 .after_vectors.reset
                0x00000000000000e8       0x54 ./startup/startup_lpc804.o
                0x00000000000000e8                ResetISR
 .after_vectors.init_data
                0x000000000000013c       0x12 ./startup/startup_lpc804.o
                0x000000000000013c                data_init
 .after_vectors.init_bss
                0x000000000000014e       0x10 ./startup/startup_lpc804.o
                0x000000000000014e                bss_init
 .after_vectors
                0x000000000000015e      0x10c ./startup/startup_lpc804.o
                0x000000000000015e                NMI_Handler
                0x0000000000000162                SVC_Handler
                0x0000000000000164                PendSV_Handler
                0x0000000000000168                Reserved21_DriverIRQHandler
                0x0000000000000168                ADC_SEQA_DriverIRQHandler
                0x0000000000000168                PIN_INT3_DriverIRQHandler
                0x0000000000000168                PIN_INT2_DriverIRQHandler
                0x0000000000000168                Reserved36_DriverIRQHandler
                0x0000000000000168                ADC_SEQB_DriverIRQHandler
                0x0000000000000168                PIN_INT0_DriverIRQHandler
                0x0000000000000168                Reserved17_DriverIRQHandler
                0x0000000000000168                IntDefaultHandler
                0x0000000000000168                WKT_DriverIRQHandler
                0x0000000000000168                DAC0_DriverIRQHandler
                0x0000000000000168                MRT0_DriverIRQHandler
                0x0000000000000168                PIN_INT4_DriverIRQHandler
                0x0000000000000168                PIN_INT5_DriverIRQHandler
                0x0000000000000168                CMP_CAPT_DriverIRQHandler
                0x0000000000000168                PIN_INT7_DriverIRQHandler
                0x0000000000000168                ADC_THCMP_DriverIRQHandler
                0x0000000000000168                Reserved38_DriverIRQHandler
                0x0000000000000168                Reserved22_DriverIRQHandler
                0x0000000000000168                ADC_OVR_DriverIRQHandler
                0x0000000000000168                FLASH_DriverIRQHandler
                0x0000000000000168                PIN_INT6_DriverIRQHandler
                0x0000000000000168                WDT_DriverIRQHandler
                0x0000000000000168                PIN_INT1_DriverIRQHandler
                0x0000000000000168                Reserved25_DriverIRQHandler
                0x0000000000000168                BOD_DriverIRQHandler
                0x0000000000000168                Reserved37_DriverIRQHandler
                0x000000000000016a                SPI0_IRQHandler
                0x0000000000000172                Reserved17_IRQHandler
                0x000000000000017a                DAC0_IRQHandler
                0x0000000000000182                USART0_IRQHandler
                0x000000000000018a                USART1_IRQHandler
                0x0000000000000192                Reserved21_IRQHandler
                0x000000000000019a                Reserved22_IRQHandler
                0x00000000000001a2                I2C1_IRQHandler
                0x00000000000001aa                I2C0_IRQHandler
                0x00000000000001b2                Reserved25_IRQHandler
                0x00000000000001ba                MRT0_IRQHandler
                0x00000000000001c2                CMP_CAPT_IRQHandler
                0x00000000000001ca                WDT_IRQHandler
                0x00000000000001d2                BOD_IRQHandler
                0x00000000000001da                FLASH_IRQHandler
                0x00000000000001e2                WKT_IRQHandler
                0x00000000000001ea                ADC_SEQA_IRQHandler
                0x00000000000001f2                ADC_SEQB_IRQHandler
                0x00000000000001fa                ADC_THCMP_IRQHandler
                0x0000000000000202                ADC_OVR_IRQHandler
                0x000000000000020a                Reserved36_IRQHandler
                0x0000000000000212                Reserved37_IRQHandler
                0x000000000000021a                Reserved38_IRQHandler
                0x0000000000000222                CTIMER0_IRQHandler
                0x000000000000022a                PIN_INT0_IRQHandler
                0x0000000000000232                PIN_INT1_IRQHandler
                0x000000000000023a                PIN_INT2_IRQHandler
                0x0000000000000242                PIN_INT3_IRQHandler
                0x000000000000024a                PIN_INT4_IRQHandler
                0x0000000000000252                PIN_INT5_IRQHandler
                0x000000000000025a                PIN_INT6_IRQHandler
                0x0000000000000262                PIN_INT7_IRQHandler
                0x00000000000002fc                . = 0x2fc
 *fill*         0x000000000000026a       0x92 ff
                0x00000000000002fc                PROVIDE (__CRP_WORD_START__ = .)
 *(SORT_BY_ALIGNMENT(.crp))
 .crp           0x00000000000002fc        0x4 ./startup/startup_lpc804.o
                0x00000000000002fc                CRP_WORD
                0x0000000000000300                PROVIDE (__CRP_WORD_END__ = .)
                0x0000000000000001                ASSERT (! ((__CRP_WORD_START__ == __CRP_WORD_END__)), Linker CRP Enabled, but no CRP_WORD provided within application)
 *(SORT_BY_ALIGNMENT(.text*))
 .text.__assertion_failed
                0x0000000000000300       0x1c ./utilities/fsl_assert.o
                0x0000000000000300                __assertion_failed
 .text.DbgConsole_Init
                0x000000000000031c       0xa8 ./utilities/fsl_debug_console.o
                0x000000000000031c                DbgConsole_Init
 .text.DbgConsole_Vprintf
                0x00000000000003c4       0x40 ./utilities/fsl_debug_console.o
                0x00000000000003c4                DbgConsole_Vprintf
 .text.DbgConsole_Putchar
                0x0000000000000404       0x30 ./utilities/fsl_debug_console.o
                0x0000000000000404                DbgConsole_Putchar
 .text.__NVIC_SetPriority
                0x0000000000000434       0xdc ./source/Pad2.o
 .text.SysTick_Config
                0x0000000000000510       0x48 ./source/Pad2.o
 .text.setSpeed
                0x0000000000000558       0x80 ./source/Pad2.o
                0x0000000000000558                setSpeed
 .text.setDirection
                0x00000000000005d8       0xa0 ./source/Pad2.o
                0x00000000000005d8                setDirection
 .text.cbTimer  0x0000000000000678       0x28 ./source/Pad2.o
                0x0000000000000678                cbTimer
 .text.MasterStartTransfer
                0x00000000000006a0       0x60 ./source/Pad2.o
 .text.readingController
                0x0000000000000700       0xdc ./source/Pad2.o
                0x0000000000000700                readingController
 .text.SysTick_Handler
                0x00000000000007dc       0x1c ./source/Pad2.o
                0x00000000000007dc                SysTick_Handler
 .text.main     0x00000000000007f8       0x54 ./source/Pad2.o
                0x00000000000007f8                main
 .text.HardFault_Handler
                0x000000000000084c       0x30 ./source/semihost_hardfault.o
                0x000000000000084c                HardFault_Handler
 .text.CLOCK_GetLPOscFreq
                0x000000000000087c       0x14 ./drivers/fsl_clock.o
 .text.CLOCK_GetExtClkFreq
                0x0000000000000890       0x14 ./drivers/fsl_clock.o
 .text.CLOCK_SetFRGClkFreq
                0x00000000000008a4       0xa0 ./drivers/fsl_clock.o
 .text.CLOCK_UpdateClkSrc
                0x0000000000000944       0x4c ./drivers/fsl_clock.o
 .text.CLOCK_SetFRG0ClkFreq
                0x0000000000000990       0x24 ./drivers/fsl_clock.o
                0x0000000000000990                CLOCK_SetFRG0ClkFreq
 .text.CLOCK_GetMainClkFreq
                0x00000000000009b4       0x68 ./drivers/fsl_clock.o
                0x00000000000009b4                CLOCK_GetMainClkFreq
 .text.CLOCK_GetFroFreq
                0x0000000000000a1c       0x14 ./drivers/fsl_clock.o
                0x0000000000000a1c                CLOCK_GetFroFreq
 .text.CLOCK_SetMainClkSrc
                0x0000000000000a30       0x4c ./drivers/fsl_clock.o
                0x0000000000000a30                CLOCK_SetMainClkSrc
 .text.CLOCK_SetFroOscFreq
                0x0000000000000a7c       0x44 ./drivers/fsl_clock.o
                0x0000000000000a7c                CLOCK_SetFroOscFreq
 .text.__NVIC_EnableIRQ
                0x0000000000000ac0       0x34 ./drivers/fsl_ctimer.o
 .text.CLOCK_EnableClock
                0x0000000000000af4       0x54 ./drivers/fsl_ctimer.o
 .text.CTIMER_GetInstance
                0x0000000000000b48       0x50 ./drivers/fsl_ctimer.o
 .text.CTIMER_Init
                0x0000000000000b98       0x68 ./drivers/fsl_ctimer.o
                0x0000000000000b98                CTIMER_Init
 .text.CTIMER_RegisterCallBack
                0x0000000000000c00       0x40 ./drivers/fsl_ctimer.o
                0x0000000000000c00                CTIMER_RegisterCallBack
 .text.CTIMER_GenericIRQHandler
                0x0000000000000c40       0xb0 ./drivers/fsl_ctimer.o
 .text.CLOCK_EnableClock
                0x0000000000000cf0       0x54 ./drivers/fsl_gpio.o
 .text.GPIO_EnablePortClock
                0x0000000000000d44       0x2c ./drivers/fsl_gpio.o
 .text.I2C_TransferCommonIRQHandler
                0x0000000000000d70       0x40 ./drivers/fsl_i2c.o
 .text.I2C0_DriverIRQHandler
                0x0000000000000db0       0x20 ./drivers/fsl_i2c.o
                0x0000000000000db0                I2C0_DriverIRQHandler
 .text.I2C1_DriverIRQHandler
                0x0000000000000dd0       0x20 ./drivers/fsl_i2c.o
                0x0000000000000dd0                I2C1_DriverIRQHandler
 .text.RESET_SetPeripheralReset
                0x0000000000000df0       0x70 ./drivers/fsl_reset.o
 .text.RESET_ClearPeripheralReset
                0x0000000000000e60       0x6c ./drivers/fsl_reset.o
 .text.__NVIC_EnableIRQ
                0x0000000000000ecc       0x34 ./drivers/fsl_spi.o
 .text.CLOCK_EnableClock
                0x0000000000000f00       0x54 ./drivers/fsl_spi.o
 .text.SPI_GetStatusFlags
                0x0000000000000f54       0x28 ./drivers/fsl_spi.o
 .text.SPI_EnableInterrupts
                0x0000000000000f7c       0x2c ./drivers/fsl_spi.o
 .text.SPI_DisableInterrupts
                0x0000000000000fa8       0x2c ./drivers/fsl_spi.o
 .text.SPI_WriteConfigFlags
                0x0000000000000fd4       0x2c ./drivers/fsl_spi.o
 .text.SPI_SendTransfer
                0x0000000000001000       0xc0 ./drivers/fsl_spi.o
 .text.SPI_GetInstance
                0x00000000000010c0       0x5c ./drivers/fsl_spi.o
                0x00000000000010c0                SPI_GetInstance
 .text.SPI_SetDummyData
                0x000000000000111c       0x34 ./drivers/fsl_spi.o
                0x000000000000111c                SPI_SetDummyData
 .text.SPI_SetTransferDelay
                0x0000000000001150       0x58 ./drivers/fsl_spi.o
                0x0000000000001150                SPI_SetTransferDelay
 .text.SPI_MasterInit
                0x00000000000011a8      0x114 ./drivers/fsl_spi.o
                0x00000000000011a8                SPI_MasterInit
 .text.SPI_MasterSetBaudRate
                0x00000000000012bc       0x70 ./drivers/fsl_spi.o
                0x00000000000012bc                SPI_MasterSetBaudRate
 .text.SPI_MasterTransferCreateHandle
                0x000000000000132c       0x8c ./drivers/fsl_spi.o
                0x000000000000132c                SPI_MasterTransferCreateHandle
 .text.SPI_MasterTransferNonBlocking
                0x00000000000013b8      0x1f0 ./drivers/fsl_spi.o
                0x00000000000013b8                SPI_MasterTransferNonBlocking
 .text.SPI_MasterTransferHandleIRQ
                0x00000000000015a8       0xa4 ./drivers/fsl_spi.o
                0x00000000000015a8                SPI_MasterTransferHandleIRQ
 .text.SPI_CommonIRQHandler
                0x000000000000164c       0x40 ./drivers/fsl_spi.o
 .text.SPI0_DriverIRQHandler
                0x000000000000168c       0x34 ./drivers/fsl_spi.o
                0x000000000000168c                SPI0_DriverIRQHandler
 .text.SWM_SetMovablePinSelect
                0x00000000000016c0       0x98 ./drivers/fsl_swm.o
                0x00000000000016c0                SWM_SetMovablePinSelect
 .text.CLOCK_EnableClock
                0x0000000000001758       0x54 ./drivers/fsl_usart.o
 .text.USART_EnableContinuousSCLK
                0x00000000000017ac       0x40 ./drivers/fsl_usart.o
 .text.USART_GetInstance
                0x00000000000017ec       0x4c ./drivers/fsl_usart.o
                0x00000000000017ec                USART_GetInstance
 .text.USART_Init
                0x0000000000001838      0x12c ./drivers/fsl_usart.o
                0x0000000000001838                USART_Init
 .text.USART_GetDefaultConfig
                0x0000000000001964       0x74 ./drivers/fsl_usart.o
                0x0000000000001964                USART_GetDefaultConfig
 .text.USART_SetBaudRate
                0x00000000000019d8      0x148 ./drivers/fsl_usart.o
                0x00000000000019d8                USART_SetBaudRate
 .text.USART_WriteBlocking
                0x0000000000001b20       0x64 ./drivers/fsl_usart.o
                0x0000000000001b20                USART_WriteBlocking
 .text.USART_ReadBlocking
                0x0000000000001b84       0xc0 ./drivers/fsl_usart.o
                0x0000000000001b84                USART_ReadBlocking
 .text.USART0_DriverIRQHandler
                0x0000000000001c44       0x24 ./drivers/fsl_usart.o
                0x0000000000001c44                USART0_DriverIRQHandler
 .text.USART1_DriverIRQHandler
                0x0000000000001c68       0x24 ./drivers/fsl_usart.o
                0x0000000000001c68                USART1_DriverIRQHandler
 .text.SystemInit
                0x0000000000001c8c       0x2c ./device/system_LPC804.o
                0x0000000000001c8c                SystemInit
 .text.HAL_UartGetStatus
                0x0000000000001cb8       0x20 ./component/uart/fsl_adapter_miniusart.o
 .text.HAL_UartInit
                0x0000000000001cd8      0x11c ./component/uart/fsl_adapter_miniusart.o
                0x0000000000001cd8                HAL_UartInit
 .text.HAL_UartReceiveBlocking
                0x0000000000001df4       0x78 ./component/uart/fsl_adapter_miniusart.o
                0x0000000000001df4                HAL_UartReceiveBlocking
 .text.HAL_UartSendBlocking
                0x0000000000001e6c       0x6c ./component/uart/fsl_adapter_miniusart.o
                0x0000000000001e6c                HAL_UartSendBlocking
 .text.CLOCK_Select
                0x0000000000001ed8       0x38 ./board/board.o
 .text.BOARD_InitDebugConsole
                0x0000000000001f10       0x4c ./board/board.o
                0x0000000000001f10                BOARD_InitDebugConsole
 .text.CLOCK_Select
                0x0000000000001f5c       0x38 ./board/clock_config.o
 .text.CLOCK_SetCoreSysClkDiv
                0x0000000000001f94       0x3c ./board/clock_config.o
 .text.POWER_DisablePD
                0x0000000000001fd0       0x2c ./board/clock_config.o
 .text.BOARD_BootClockFRO18M
                0x0000000000001ffc       0x74 ./board/clock_config.o
                0x0000000000001ffc                BOARD_BootClockFRO18M
 .text.__NVIC_EnableIRQ
                0x0000000000002070       0x34 ./board/peripherals.o
 .text.CTIMER_EnableInterrupts
                0x00000000000020a4       0x38 ./board/peripherals.o
 .text.SPI0_init
                0x00000000000020dc       0x34 ./board/peripherals.o
 .text.CTIMER0_init
                0x0000000000002110       0x68 ./board/peripherals.o
 .text.CLOCK_EnableClock
                0x0000000000002178       0x54 ./board/pin_mux.o
 .text.CLOCK_DisableClock
                0x00000000000021cc       0x58 ./board/pin_mux.o
 .text.BOARD_InitDEBUG_UARTPins
                0x0000000000002224       0x60 ./board/pin_mux.o
                0x0000000000002224                BOARD_InitDEBUG_UARTPins
 .text.BOARD_InitISPIPins
                0x0000000000002284       0x4c ./board/pin_mux.o
                0x0000000000002284                BOARD_InitISPIPins
 .text.MotorA   0x00000000000022d0       0x94 ./board/pin_mux.o
                0x00000000000022d0                MotorA
 .text.Servo    0x0000000000002364       0x7c ./board/pin_mux.o
                0x0000000000002364                Servo
 .text._initio  0x00000000000023e0       0x7c /usr/local/mcuxpressoide-11.5.0_7232/ide/plugins/com.nxp.mcuxpresso.tools.linux_11.5.0.202107051138/tools/bin/../lib/gcc/arm-none-eabi/10.3.1/../../../../arm-none-eabi/lib/thumb/v6-m/nofp/libcr_c.a(initio.o)
                0x00000000000023e0                _initio
 .text.setvbuf  0x000000000000245c       0x4c /usr/local/mcuxpressoide-11.5.0_7232/ide/plugins/com.nxp.mcuxpresso.tools.linux_11.5.0.202107051138/tools/bin/../lib/gcc/arm-none-eabi/10.3.1/../../../../arm-none-eabi/lib/thumb/v6-m/nofp/libcr_c.a(setvbuf.o)
                0x000000000000245c                setvbuf
 .text.strlen   0x00000000000024a8       0x58 /usr/local/mcuxpressoide-11.5.0_7232/ide/plugins/com.nxp.mcuxpresso.tools.linux_11.5.0.202107051138/tools/bin/../lib/gcc/arm-none-eabi/10.3.1/../../../../arm-none-eabi/lib/thumb/v6-m/nofp/libcr_c.a(strlen.o)
                0x00000000000024a8                strlen
 .text._deferredlazyseek
                0x0000000000002500       0x40 /usr/local/mcuxpressoide-11.5.0_7232/ide/plugins/com.nxp.mcuxpresso.tools.linux_11.5.0.202107051138/tools/bin/../lib/gcc/arm-none-eabi/10.3.1/../../../../arm-none-eabi/lib/thumb/v6-m/nofp/libcr_c.a(_deferredlazyseek.o)
                0x0000000000002500                _deferredlazyseek
 .text._fdopen  0x0000000000002540       0x74 /usr/local/mcuxpressoide-11.5.0_7232/ide/plugins/com.nxp.mcuxpresso.tools.linux_11.5.0.202107051138/tools/bin/../lib/gcc/arm-none-eabi/10.3.1/../../../../arm-none-eabi/lib/thumb/v6-m/nofp/libcr_c.a(_fdopen.o)
                0x0000000000002540                _fdopen
 .text._fflush  0x00000000000025b4       0x60 /usr/local/mcuxpressoide-11.5.0_7232/ide/plugins/com.nxp.mcuxpresso.tools.linux_11.5.0.202107051138/tools/bin/../lib/gcc/arm-none-eabi/10.3.1/../../../../arm-none-eabi/lib/thumb/v6-m/nofp/libcr_c.a(_fflush.o)
                0x00000000000025b4                _fflush
 .text._Cwritebuf
                0x0000000000002614       0x68 /usr/local/mcuxpressoide-11.5.0_7232/ide/plugins/com.nxp.mcuxpresso.tools.linux_11.5.0.202107051138/tools/bin/../lib/gcc/arm-none-eabi/10.3.1/../../../../arm-none-eabi/lib/thumb/v6-m/nofp/libcr_c.a(_writebuf.o)
                0x0000000000002614                _Cwritebuf
 .text.fclose   0x000000000000267c       0x5c /usr/local/mcuxpressoide-11.5.0_7232/ide/plugins/com.nxp.mcuxpresso.tools.linux_11.5.0.202107051138/tools/bin/../lib/gcc/arm-none-eabi/10.3.1/../../../../arm-none-eabi/lib/thumb/v6-m/nofp/libcr_c.a(fclose.o)
                0x000000000000267c                fclose
 .text.fflush   0x00000000000026d8       0x44 /usr/local/mcuxpressoide-11.5.0_7232/ide/plugins/com.nxp.mcuxpresso.tools.linux_11.5.0.202107051138/tools/bin/../lib/gcc/arm-none-eabi/10.3.1/../../../../arm-none-eabi/lib/thumb/v6-m/nofp/libcr_c.a(fflush.o)
                0x00000000000026d8                fflush
 .text.fseek    0x000000000000271c       0xf0 /usr/local/mcuxpressoide-11.5.0_7232/ide/plugins/com.nxp.mcuxpresso.tools.linux_11.5.0.202107051138/tools/bin/../lib/gcc/arm-none-eabi/10.3.1/../../../../arm-none-eabi/lib/thumb/v6-m/nofp/libcr_c.a(fseek.o)
                0x000000000000271c                fseek
 .text.ftell    0x000000000000280c       0x48 /usr/local/mcuxpressoide-11.5.0_7232/ide/plugins/com.nxp.mcuxpresso.tools.linux_11.5.0.202107051138/tools/bin/../lib/gcc/arm-none-eabi/10.3.1/../../../../arm-none-eabi/lib/thumb/v6-m/nofp/libcr_c.a(ftell.o)
                0x000000000000280c                ftell
 .text._do_fflush
                0x0000000000002854       0x48 /usr/local/mcuxpressoide-11.5.0_7232/ide/plugins/com.nxp.mcuxpresso.tools.linux_11.5.0.202107051138/tools/bin/../lib/gcc/arm-none-eabi/10.3.1/../../../../arm-none-eabi/lib/thumb/v6-m/nofp/libcr_c.a(_do_fflush.o)
                0x0000000000002854                _do_fflush
 .text.DbgConsole_Printf
                0x000000000000289c       0x32 ./utilities/fsl_debug_console.o
                0x000000000000289c                DbgConsole_Printf
 .text.DbgConsole_PrintfPaddingCharacter
                0x00000000000028ce       0x48 ./utilities/fsl_debug_console.o
 .text.DbgConsole_ConvertRadixNumToString
                0x0000000000002916       0xc2 ./utilities/fsl_debug_console.o
 .text.DbgConsole_PrintfFormattedData
                0x00000000000029d8      0x3da ./utilities/fsl_debug_console.o
 .text.GPIO_PinWrite
                0x0000000000002db2       0x30 ./source/Pad2.o
 .text.mapSpeedValue
                0x0000000000002de2       0x62 ./source/Pad2.o
                0x0000000000002de2                mapSpeedValue
 .text.CLOCK_GetFRGInputClkFreq
                0x0000000000002e44       0x42 ./drivers/fsl_clock.o
 .text.EnableIRQ
                0x0000000000002e86       0x36 ./drivers/fsl_ctimer.o
 .text.CTIMER_GetStatusFlags
                0x0000000000002ebc       0x14 ./drivers/fsl_ctimer.o
 .text.CTIMER_ClearStatusFlags
                0x0000000000002ed0       0x18 ./drivers/fsl_ctimer.o
 .text.CTIMER_SetupPwmPeriod
                0x0000000000002ee8      0x102 ./drivers/fsl_ctimer.o
                0x0000000000002ee8                CTIMER_SetupPwmPeriod
 .text.CTIMER_UpdatePwmDutycycle
                0x0000000000002fea       0x70 ./drivers/fsl_ctimer.o
                0x0000000000002fea                CTIMER_UpdatePwmDutycycle
 .text.CTIMER0_DriverIRQHandler
                0x000000000000305a       0x10 ./drivers/fsl_ctimer.o
                0x000000000000305a                CTIMER0_DriverIRQHandler
 .text.GPIO_PinInit
                0x000000000000306a       0xc0 ./drivers/fsl_gpio.o
                0x000000000000306a                GPIO_PinInit
 .text.RESET_PeripheralReset
                0x000000000000312a       0x20 ./drivers/fsl_reset.o
                0x000000000000312a                RESET_PeripheralReset
 .text.EnableIRQ
                0x000000000000314a       0x36 ./drivers/fsl_spi.o
 .text.SPI_Enable
                0x0000000000003180       0x3a ./drivers/fsl_spi.o
 .text.SPI_IsMaster
                0x00000000000031ba       0x1e ./drivers/fsl_spi.o
 .text.SPI_WriteData
                0x00000000000031d8       0x1e ./drivers/fsl_spi.o
 .text.SPI_ReadData
                0x00000000000031f6       0x18 ./drivers/fsl_spi.o
 .text.SPI_ReceiveTransfer
                0x000000000000320e       0x7a ./drivers/fsl_spi.o
 .text.USART_EnableTx
                0x0000000000003288       0x46 ./drivers/fsl_usart.o
 .text.USART_EnableRx
                0x00000000000032ce       0x44 ./drivers/fsl_usart.o
 .text.SystemInitHook
                0x0000000000003312        0xa ./device/system_LPC804.o
                0x0000000000003312                SystemInitHook
 .text.BOARD_InitBootClocks
                0x000000000000331c        0xe ./board/clock_config.o
                0x000000000000331c                BOARD_InitBootClocks
 .text.EnableIRQ
                0x000000000000332a       0x36 ./board/peripherals.o
 .text.CTIMER_StartTimer
                0x0000000000003360       0x1c ./board/peripherals.o
 .text.BOARD_InitPeripherals
                0x000000000000337c       0x12 ./board/peripherals.o
                0x000000000000337c                BOARD_InitPeripherals
 .text.BOARD_InitBootPeripherals
                0x000000000000338e        0xe ./board/peripherals.o
                0x000000000000338e                BOARD_InitBootPeripherals
 .text.IOCON_PinMuxSet
                0x000000000000339c       0x26 ./board/pin_mux.o
 .text.BOARD_InitBootPins
                0x00000000000033c2       0x1a ./board/pin_mux.o
                0x00000000000033c2                BOARD_InitBootPins
 .text.__main   0x00000000000033dc        0xc /usr/local/mcuxpressoide-11.5.0_7232/ide/plugins/com.nxp.mcuxpresso.tools.linux_11.5.0.202107051138/tools/bin/../lib/gcc/arm-none-eabi/10.3.1/../../../../arm-none-eabi/lib/thumb/v6-m/nofp/libcr_nohost_nf.a(_cr__main.o)
                0x00000000000033dc                __main
 .text.memcpy   0x00000000000033e8        0x8 /usr/local/mcuxpressoide-11.5.0_7232/ide/plugins/com.nxp.mcuxpresso.tools.linux_11.5.0.202107051138/tools/bin/../lib/gcc/arm-none-eabi/10.3.1/../../../../arm-none-eabi/lib/thumb/v6-m/nofp/libcr_c.a(memcpy.o)
                0x00000000000033e8                memcpy
 .text.memset   0x00000000000033f0        0x8 /usr/local/mcuxpressoide-11.5.0_7232/ide/plugins/com.nxp.mcuxpresso.tools.linux_11.5.0.202107051138/tools/bin/../lib/gcc/arm-none-eabi/10.3.1/../../../../arm-none-eabi/lib/thumb/v6-m/nofp/libcr_c.a(memset.o)
                0x00000000000033f0                memset
 .text.free     0x00000000000033f8       0x2c /usr/local/mcuxpressoide-11.5.0_7232/ide/plugins/com.nxp.mcuxpresso.tools.linux_11.5.0.202107051138/tools/bin/../lib/gcc/arm-none-eabi/10.3.1/../../../../arm-none-eabi/lib/thumb/v6-m/nofp/libcr_c.a(alloc.o)
                0x00000000000033f8                free
 .text.abs      0x0000000000003424        0x8 /usr/local/mcuxpressoide-11.5.0_7232/ide/plugins/com.nxp.mcuxpresso.tools.linux_11.5.0.202107051138/tools/bin/../lib/gcc/arm-none-eabi/10.3.1/../../../../arm-none-eabi/lib/thumb/v6-m/nofp/libcr_c.a(stdlib.o)
                0x0000000000003424                abs
 .text.remove   0x000000000000342c       0x12 /usr/local/mcuxpressoide-11.5.0_7232/ide/plugins/com.nxp.mcuxpresso.tools.linux_11.5.0.202107051138/tools/bin/../lib/gcc/arm-none-eabi/10.3.1/../../../../arm-none-eabi/lib/thumb/v6-m/nofp/libcr_c.a(remove.o)
                0x000000000000342c                remove
 .text.__aeabi_division_idivmod
                0x000000000000343e       0x78 /usr/local/mcuxpressoide-11.5.0_7232/ide/plugins/com.nxp.mcuxpresso.tools.linux_11.5.0.202107051138/tools/bin/../lib/gcc/arm-none-eabi/10.3.1/thumb/v6-m/nofp/libcr_eabihelpers.a(division_32.o)
                0x000000000000343e                __aeabi_idiv
                0x000000000000343e                __aeabi_idivmod
                0x0000000000003444                __aeabi_uidiv
                0x0000000000003444                __aeabi_uidivmod
 .text.__aeabi_division_uldivmod
                0x00000000000034b6       0x5a /usr/local/mcuxpressoide-11.5.0_7232/ide/plugins/com.nxp.mcuxpresso.tools.linux_11.5.0.202107051138/tools/bin/../lib/gcc/arm-none-eabi/10.3.1/thumb/v6-m/nofp/libcr_eabihelpers.a(division_64.o)
                0x00000000000034b6                __aeabi_uldivmod
 .text.__aeabi_division_idiv0
                0x0000000000003510        0x2 /usr/local/mcuxpressoide-11.5.0_7232/ide/plugins/com.nxp.mcuxpresso.tools.linux_11.5.0.202107051138/tools/bin/../lib/gcc/arm-none-eabi/10.3.1/thumb/v6-m/nofp/libcr_eabihelpers.a(division_idiv0.o)
                0x0000000000003510                __aeabi_idiv0
 .text.__aeabi_memcpy
                0x0000000000003512       0x2c /usr/local/mcuxpressoide-11.5.0_7232/ide/plugins/com.nxp.mcuxpresso.tools.linux_11.5.0.202107051138/tools/bin/../lib/gcc/arm-none-eabi/10.3.1/thumb/v6-m/nofp/libcr_eabihelpers.a(memcpy.o)
                0x0000000000003512                __aeabi_memcpy
                0x0000000000003512                __aeabi_memcpy4
                0x0000000000003512                __aeabi_memcpy8
 .text.__aeabi_memset_lowlevel
                0x000000000000353e       0x2a /usr/local/mcuxpressoide-11.5.0_7232/ide/plugins/com.nxp.mcuxpresso.tools.linux_11.5.0.202107051138/tools/bin/../lib/gcc/arm-none-eabi/10.3.1/thumb/v6-m/nofp/libcr_eabihelpers.a(memcpy.o)
                0x000000000000353e                __aeabi_lowlevel_memset
 .text.__sys_close
                0x0000000000003568        0x6 /usr/local/mcuxpressoide-11.5.0_7232/ide/plugins/com.nxp.mcuxpresso.tools.linux_11.5.0.202107051138/tools/bin/../lib/gcc/arm-none-eabi/10.3.1/../../../../arm-none-eabi/lib/thumb/v6-m/nofp/libcr_nohost_nf.a(__sys_close.o)
                0x0000000000003568                __sys_close
 .text.__sys_flen
                0x000000000000356e        0x6 /usr/local/mcuxpressoide-11.5.0_7232/ide/plugins/com.nxp.mcuxpresso.tools.linux_11.5.0.202107051138/tools/bin/../lib/gcc/arm-none-eabi/10.3.1/../../../../arm-none-eabi/lib/thumb/v6-m/nofp/libcr_nohost_nf.a(__sys_flen.o)
                0x000000000000356e                __sys_flen
 .text.__sys_istty
                0x0000000000003574        0x6 /usr/local/mcuxpressoide-11.5.0_7232/ide/plugins/com.nxp.mcuxpresso.tools.linux_11.5.0.202107051138/tools/bin/../lib/gcc/arm-none-eabi/10.3.1/../../../../arm-none-eabi/lib/thumb/v6-m/nofp/libcr_nohost_nf.a(__sys_istty.o)
                0x0000000000003574                __sys_istty
 .text.__sys_remove
                0x000000000000357a        0x6 /usr/local/mcuxpressoide-11.5.0_7232/ide/plugins/com.nxp.mcuxpresso.tools.linux_11.5.0.202107051138/tools/bin/../lib/gcc/arm-none-eabi/10.3.1/../../../../arm-none-eabi/lib/thumb/v6-m/nofp/libcr_nohost_nf.a(__sys_remove.o)
                0x000000000000357a                __sys_remove
 .text.__sys_seek
                0x0000000000003580        0x6 /usr/local/mcuxpressoide-11.5.0_7232/ide/plugins/com.nxp.mcuxpresso.tools.linux_11.5.0.202107051138/tools/bin/../lib/gcc/arm-none-eabi/10.3.1/../../../../arm-none-eabi/lib/thumb/v6-m/nofp/libcr_nohost_nf.a(__sys_seek.o)
                0x0000000000003580                __sys_seek
 .text.__sys_tmpnam
                0x0000000000003586        0x6 /usr/local/mcuxpressoide-11.5.0_7232/ide/plugins/com.nxp.mcuxpresso.tools.linux_11.5.0.202107051138/tools/bin/../lib/gcc/arm-none-eabi/10.3.1/../../../../arm-none-eabi/lib/thumb/v6-m/nofp/libcr_nohost_nf.a(__sys_tmpnam.o)
                0x0000000000003586                __sys_tmpnam
 .text.__sys_write
                0x000000000000358c        0x4 /usr/local/mcuxpressoide-11.5.0_7232/ide/plugins/com.nxp.mcuxpresso.tools.linux_11.5.0.202107051138/tools/bin/../lib/gcc/arm-none-eabi/10.3.1/../../../../arm-none-eabi/lib/thumb/v6-m/nofp/libcr_nohost_nf.a(__sys_write.o)
                0x000000000000358c                __sys_write
 *(SORT_BY_ALIGNMENT(.rodata) SORT_BY_ALIGNMENT(.rodata.*) SORT_BY_ALIGNMENT(.constdata) SORT_BY_ALIGNMENT(.constdata.*))
 .rodata.__assertion_failed.str1.4
                0x0000000000003590       0x14 ./utilities/fsl_assert.o
 .rodata.readingController.str1.4
                0x00000000000035a4       0x39 ./source/Pad2.o
 *fill*         0x00000000000035dd        0x3 ff
 .rodata.SysTick_Handler.str1.4
                0x00000000000035e0        0x3 ./source/Pad2.o
 *fill*         0x00000000000035e3        0x1 ff
 .rodata.main.str1.4
                0x00000000000035e4        0x6 ./source/Pad2.o
 *fill*         0x00000000000035ea        0x2 ff
 .rodata.CLOCK_SetFRGClkFreq.str1.4
                0x00000000000035ec       0x16 ./drivers/fsl_clock.o
 *fill*         0x0000000000003602        0x2 ff
 .rodata.CLOCK_UpdateClkSrc.str1.4
                0x0000000000003604       0x16 ./drivers/fsl_clock.o
 *fill*         0x000000000000361a        0x2 ff
 .rodata.CLOCK_GetMainClkFreq.str1.4
                0x000000000000361c       0x18 ./drivers/fsl_clock.o
 .rodata.CTIMER_GetInstance.str1.4
                0x0000000000003634       0x2e ./drivers/fsl_ctimer.o
 *fill*         0x0000000000003662        0x2 ff
 .rodata.CTIMER_Init.str1.4
                0x0000000000003664       0x22 ./drivers/fsl_ctimer.o
 *fill*         0x0000000000003686        0x2 ff
 .rodata.GPIO_EnablePortClock.str1.4
                0x0000000000003688       0x33 ./drivers/fsl_gpio.o
 *fill*         0x00000000000036bb        0x1 ff
 .rodata.RESET_SetPeripheralReset.str1.4
                0x00000000000036bc       0x1f ./drivers/fsl_reset.o
 *fill*         0x00000000000036db        0x1 ff
 .rodata.RESET_ClearPeripheralReset.str1.4
                0x00000000000036dc       0x1f ./drivers/fsl_reset.o
 *fill*         0x00000000000036fb        0x1 ff
 .rodata.SPI_GetStatusFlags.str1.4
                0x00000000000036fc       0x1d ./drivers/fsl_spi.o
 *fill*         0x0000000000003719        0x3 ff
 .rodata.SPI_EnableInterrupts.str1.4
                0x000000000000371c       0x1d ./drivers/fsl_spi.o
 *fill*         0x0000000000003739        0x3 ff
 .rodata.SPI_DisableInterrupts.str1.4
                0x000000000000373c       0x1d ./drivers/fsl_spi.o
 *fill*         0x0000000000003759        0x3 ff
 .rodata.SPI_GetInstance.str1.4
                0x000000000000375c       0x58 ./drivers/fsl_spi.o
 .rodata.SPI_SetTransferDelay.str1.4
                0x00000000000037b4       0x1f ./drivers/fsl_spi.o
 *fill*         0x00000000000037d3        0x1 ff
 .rodata.SPI_MasterInit.str1.4
                0x00000000000037d4       0x4d ./drivers/fsl_spi.o
 *fill*         0x0000000000003821        0x3 ff
 .rodata.SPI_MasterSetBaudRate.str1.4
                0x0000000000003824       0x51 ./drivers/fsl_spi.o
 *fill*         0x0000000000003875        0x3 ff
 .rodata.SPI_MasterTransferCreateHandle.str1.4
                0x0000000000003878       0x33 ./drivers/fsl_spi.o
 *fill*         0x00000000000038ab        0x1 ff
 .rodata.SPI_MasterTransferNonBlocking.str1.4
                0x00000000000038ac       0x7e ./drivers/fsl_spi.o
 *fill*         0x000000000000392a        0x2 ff
 .rodata.SPI_MasterTransferHandleIRQ.str1.4
                0x000000000000392c       0x33 ./drivers/fsl_spi.o
 *fill*         0x000000000000395f        0x1 ff
 .rodata.SPI0_DriverIRQHandler.str1.4
                0x0000000000003960       0x27 ./drivers/fsl_spi.o
 *fill*         0x0000000000003987        0x1 ff
 .rodata.SWM_SetMovablePinSelect.str1.4
                0x0000000000003988       0x49 ./drivers/fsl_swm.o
 *fill*         0x00000000000039d1        0x3 ff
 .rodata.s_usartBaseAddrs
                0x00000000000039d4        0x8 ./drivers/fsl_usart.o
 .rodata.s_usartClock
                0x00000000000039dc        0x4 ./drivers/fsl_usart.o
 .rodata.s_usartRest
                0x00000000000039e0        0x8 ./drivers/fsl_usart.o
 .rodata.USART_GetInstance.str1.4
                0x00000000000039e8       0x3b ./drivers/fsl_usart.o
 *fill*         0x0000000000003a23        0x1 ff
 .rodata.USART_Init.str1.4
                0x0000000000003a24       0x4f ./drivers/fsl_usart.o
 *fill*         0x0000000000003a73        0x1 ff
 .rodata.USART_GetDefaultConfig.str1.4
                0x0000000000003a74       0x21 ./drivers/fsl_usart.o
 *fill*         0x0000000000003a95        0x3 ff
 .rodata.USART_SetBaudRate.str1.4
                0x0000000000003a98       0x8f ./drivers/fsl_usart.o
 *fill*         0x0000000000003b27        0x1 ff
 .rodata.USART_WriteBlocking.str1.4
                0x0000000000003b28       0x36 ./drivers/fsl_usart.o
 *fill*         0x0000000000003b5e        0x2 ff
 .rodata.USART_ReadBlocking.str1.4
                0x0000000000003b60       0x36 ./drivers/fsl_usart.o
 *fill*         0x0000000000003b96        0x2 ff
 .rodata.s_UsartAdapterBase
                0x0000000000003b98        0x8 ./component/uart/fsl_adapter_miniusart.o
 .rodata.HAL_UartInit.str1.4
                0x0000000000003ba0       0xfb ./component/uart/fsl_adapter_miniusart.o
 *fill*         0x0000000000003c9b        0x1 ff
 .rodata.HAL_UartReceiveBlocking.str1.4
                0x0000000000003c9c       0x71 ./component/uart/fsl_adapter_miniusart.o
 *fill*         0x0000000000003d0d        0x3 ff
 .rodata.HAL_UartSendBlocking.str1.4
                0x0000000000003d10       0x71 ./component/uart/fsl_adapter_miniusart.o
 *fill*         0x0000000000003d81        0x3 ff
 .rodata.BOARD_InitDebugConsole.str1.4
                0x0000000000003d84       0x27 ./board/board.o
 *fill*         0x0000000000003dab        0x1 ff
 .rodata.CLOCK_SetCoreSysClkDiv.str1.4
                0x0000000000003dac       0x65 ./board/clock_config.o
 *fill*         0x0000000000003e11        0x3 ff
 .rodata.SPI0_config
                0x0000000000003e14       0x18 ./board/peripherals.o
                0x0000000000003e14                SPI0_config
 .rodata.CTIMER0_config
                0x0000000000003e2c        0x8 ./board/peripherals.o
                0x0000000000003e2c                CTIMER0_config
 .rodata.__num_Ciob_streams
                0x0000000000003e34        0x4 /usr/local/mcuxpressoide-11.5.0_7232/ide/plugins/com.nxp.mcuxpresso.tools.linux_11.5.0.202107051138/tools/bin/../lib/gcc/arm-none-eabi/10.3.1/../../../../arm-none-eabi/lib/thumb/v6-m/nofp/libcr_nohost_nf.a(__ciob.o)
                0x0000000000003e34                __num_Ciob_streams
 .rodata._initio.str1.1
                0x0000000000003e38        0x4 /usr/local/mcuxpressoide-11.5.0_7232/ide/plugins/com.nxp.mcuxpresso.tools.linux_11.5.0.202107051138/tools/bin/../lib/gcc/arm-none-eabi/10.3.1/../../../../arm-none-eabi/lib/thumb/v6-m/nofp/libcr_c.a(initio.o)
                0x0000000000003e3c                . = ALIGN (0x4)

.glue_7         0x0000000000003e3c        0x0
 .glue_7        0x0000000000003e3c        0x0 linker stubs

.glue_7t        0x0000000000003e3c        0x0
 .glue_7t       0x0000000000003e3c        0x0 linker stubs

.vfp11_veneer   0x0000000000003e3c        0x0
 .vfp11_veneer  0x0000000000003e3c        0x0 linker stubs

.v4_bx          0x0000000000003e3c        0x0
 .v4_bx         0x0000000000003e3c        0x0 linker stubs

.iplt           0x0000000000003e3c        0x0
 .iplt          0x0000000000003e3c        0x0 ./utilities/fsl_assert.o

.rel.dyn        0x0000000000003e3c        0x0
 .rel.iplt      0x0000000000003e3c        0x0 ./utilities/fsl_assert.o

.ARM.extab
 *(SORT_BY_ALIGNMENT(.ARM.extab*) SORT_BY_ALIGNMENT(.gnu.linkonce.armextab.*))

.ARM.exidx      0x0000000000003e3c        0x0
                0x0000000000003e3c                __exidx_start = .
 *(SORT_BY_ALIGNMENT(.ARM.exidx*) SORT_BY_ALIGNMENT(.gnu.linkonce.armexidx.*))
                0x0000000000003e3c                __exidx_end = .
                0x0000000000003e3c                _etext = .

.data_RAM2      0x0000000010000fe0        0x0 load address 0x0000000000003e3c
 FILL mask 0xff
                [!provide]                        PROVIDE (__start_data_RAM2 = .)
                [!provide]                        PROVIDE (__start_data_IAP_SRAM = .)
 *(SORT_BY_ALIGNMENT(.ramfunc.$RAM2))
 *(SORT_BY_ALIGNMENT(.ramfunc.$IAP_SRAM))
 *(SORT_BY_ALIGNMENT(.data.$RAM2))
 *(SORT_BY_ALIGNMENT(.data.$IAP_SRAM))
 *(SORT_BY_ALIGNMENT(.data.$RAM2.*))
 *(SORT_BY_ALIGNMENT(.data.$IAP_SRAM.*))
                0x0000000010000fe0                . = ALIGN (0x4)
                [!provide]                        PROVIDE (__end_data_RAM2 = .)
                [!provide]                        PROVIDE (__end_data_IAP_SRAM = .)

.uninit_RESERVED
                0x0000000010000000        0x0
                0x0000000010000000                _start_uninit_RESERVED = .
 *(SORT_BY_ALIGNMENT(.bss.$RESERVED*))
                0x0000000010000000                . = ALIGN (0x4)
                0x0000000010000000                _end_uninit_RESERVED = .

.data           0x0000000010000000       0x1c load address 0x0000000000003e3c
 FILL mask 0xff
                0x0000000010000000                _data = .
                [!provide]                        PROVIDE (__start_data_RAM = .)
                [!provide]                        PROVIDE (__start_data_SRAM = .)
 *(SORT_BY_ALIGNMENT(vtable))
 *(SORT_BY_ALIGNMENT(.ramfunc*))
 *(SORT_BY_ALIGNMENT(CodeQuickAccess))
 *(SORT_BY_ALIGNMENT(DataQuickAccess))
 *(SORT_BY_ALIGNMENT(RamFunction))
 *(SORT_BY_ALIGNMENT(.data*))
 .data.g_LP_Osc_Freq
                0x0000000010000000        0x4 ./drivers/fsl_clock.o
                0x0000000010000000                g_LP_Osc_Freq
 .data.SystemCoreClock
                0x0000000010000004        0x4 ./device/system_LPC804.o
                0x0000000010000004                SystemCoreClock
 .data.SPI0_transfer
                0x0000000010000008       0x10 ./board/peripherals.o
                0x0000000010000008                SPI0_transfer
 .data.CTIMER0_callback
                0x0000000010000018        0x4 ./board/peripherals.o
                0x0000000010000018                CTIMER0_callback
                0x000000001000001c                . = ALIGN (0x4)
                0x000000001000001c                _edata = .
                [!provide]                        PROVIDE (__end_data_RAM = .)
                [!provide]                        PROVIDE (__end_data_SRAM = .)

.igot.plt       0x000000001000001c        0x0 load address 0x0000000000003e58
 .igot.plt      0x000000001000001c        0x0 ./utilities/fsl_assert.o

.bss_RAM2       0x0000000010000fe0        0x0
                [!provide]                        PROVIDE (__start_bss_RAM2 = .)
                [!provide]                        PROVIDE (__start_bss_IAP_SRAM = .)
 *(SORT_BY_ALIGNMENT(.bss.$RAM2))
 *(SORT_BY_ALIGNMENT(.bss.$IAP_SRAM))
 *(SORT_BY_ALIGNMENT(.bss.$RAM2.*))
 *(SORT_BY_ALIGNMENT(.bss.$IAP_SRAM.*))
                0x0000000010000fe0                . = ALIGN ((. != 0x0)?0x4:0x1)
                [!provide]                        PROVIDE (__end_bss_RAM2 = .)
                [!provide]                        PROVIDE (__end_bss_IAP_SRAM = .)

.bss            0x000000001000001c      0x14c
                0x000000001000001c                _bss = .
                [!provide]                        PROVIDE (__start_bss_RAM = .)
                [!provide]                        PROVIDE (__start_bss_SRAM = .)
 *(SORT_BY_ALIGNMENT(.bss*))
 .bss.s_debugConsole
                0x000000001000001c       0x14 ./utilities/fsl_debug_console.o
 .bss.g_Ext_Clk_Freq
                0x0000000010000030        0x4 ./drivers/fsl_clock.o
                0x0000000010000030                g_Ext_Clk_Freq
 .bss.g_Fro_Osc_Freq
                0x0000000010000034        0x4 ./drivers/fsl_clock.o
                0x0000000010000034                g_Fro_Osc_Freq
 .bss.s_ctimerCallback
                0x0000000010000038        0x4 ./drivers/fsl_ctimer.o
 .bss.ctimerCallbackType
                0x000000001000003c        0x1 ./drivers/fsl_ctimer.o
 *fill*         0x000000001000003d        0x3 
 .bss.s_i2cHandle
                0x0000000010000040        0x8 ./drivers/fsl_i2c.o
 .bss.s_i2cMasterIsr
                0x0000000010000048        0x4 ./drivers/fsl_i2c.o
 .bss.s_i2cSlaveIsr
                0x000000001000004c        0x4 ./drivers/fsl_i2c.o
 .bss.s_spiHandle
                0x0000000010000050        0x4 ./drivers/fsl_spi.o
 .bss.s_spiMasterIsr
                0x0000000010000054        0x4 ./drivers/fsl_spi.o
 .bss.s_spiSlaveIsr
                0x0000000010000058        0x4 ./drivers/fsl_spi.o
 .bss.s_dummyData
                0x000000001000005c        0x2 ./drivers/fsl_spi.o
                0x000000001000005c                s_dummyData
 *fill*         0x000000001000005e        0x2 
 .bss.s_usartHandle
                0x0000000010000060        0x8 ./drivers/fsl_usart.o
 .bss.s_usartIsr
                0x0000000010000068        0x4 ./drivers/fsl_usart.o
 .bss.SPI0_txBuffer
                0x000000001000006c        0x9 ./board/peripherals.o
                0x000000001000006c                SPI0_txBuffer
 *fill*         0x0000000010000075        0x3 
 .bss.SPI0_rxBuffer
                0x0000000010000078        0x9 ./board/peripherals.o
                0x0000000010000078                SPI0_rxBuffer
 *fill*         0x0000000010000081        0x3 
 .bss.SPI0_handle
                0x0000000010000084       0x28 ./board/peripherals.o
                0x0000000010000084                SPI0_handle
 .bss.errno     0x00000000100000ac        0x4 /usr/local/mcuxpressoide-11.5.0_7232/ide/plugins/com.nxp.mcuxpresso.tools.linux_11.5.0.202107051138/tools/bin/../lib/gcc/arm-none-eabi/10.3.1/../../../../arm-none-eabi/lib/thumb/v6-m/nofp/libcr_c.a(errno.o)
                0x00000000100000ac                errno
 .bss.__Ciob    0x00000000100000b0       0xb4 /usr/local/mcuxpressoide-11.5.0_7232/ide/plugins/com.nxp.mcuxpresso.tools.linux_11.5.0.202107051138/tools/bin/../lib/gcc/arm-none-eabi/10.3.1/../../../../arm-none-eabi/lib/thumb/v6-m/nofp/libcr_nohost_nf.a(__ciob.o)
                0x00000000100000b0                __Ciob
 .bss.joysticAx
                0x0000000010000164        0x1 ./source/Pad2.o
                0x0000000010000164                joysticAx
 .bss.motorApwm
                0x0000000010000165        0x1 ./source/Pad2.o
                0x0000000010000165                motorApwm
 .bss.direction
                0x0000000010000166        0x1 ./source/Pad2.o
                0x0000000010000166                direction
 *(SORT_BY_ALIGNMENT(COMMON))
                0x0000000010000168                . = ALIGN (0x4)
 *fill*         0x0000000010000167        0x1 
                0x0000000010000168                _ebss = .
                [!provide]                        PROVIDE (__end_bss_RAM = .)
                [!provide]                        PROVIDE (__end_bss_SRAM = .)
                [!provide]                        PROVIDE (end = .)

.noinit_RAM2    0x0000000010000fe0        0x0
                [!provide]                        PROVIDE (__start_noinit_RAM2 = .)
                [!provide]                        PROVIDE (__start_noinit_IAP_SRAM = .)
 *(SORT_BY_ALIGNMENT(.noinit.$RAM2))
 *(SORT_BY_ALIGNMENT(.noinit.$IAP_SRAM))
 *(SORT_BY_ALIGNMENT(.noinit.$RAM2.*))
 *(SORT_BY_ALIGNMENT(.noinit.$IAP_SRAM.*))
                0x0000000010000fe0                . = ALIGN (0x4)
                [!provide]                        PROVIDE (__end_noinit_RAM2 = .)
                [!provide]                        PROVIDE (__end_noinit_IAP_SRAM = .)

.noinit         0x0000000010000168        0x0
                0x0000000010000168                _noinit = .
                [!provide]                        PROVIDE (__start_noinit_RAM = .)
                [!provide]                        PROVIDE (__start_noinit_SRAM = .)
 *(SORT_BY_ALIGNMENT(.noinit*))
                0x0000000010000168                . = ALIGN (0x4)
                0x0000000010000168                _end_noinit = .
                [!provide]                        PROVIDE (__end_noinit_RAM = .)
                [!provide]                        PROVIDE (__end_noinit_SRAM = .)
                0x00000000000000f8                _HeapSize = 0xf8

.heap           0x0000000010000168       0xf8
                0x0000000010000168                _pvHeapStart = .
                0x0000000010000260                . = (. + _HeapSize)
 *fill*         0x0000000010000168       0xf8 
                0x0000000010000260                . = ALIGN (0x4)
                0x0000000010000260                _pvHeapLimit = .
                0x00000000000000f8                _StackSize = 0xf8

.heap2stackfill
                0x0000000010000260       0xf8
                0x0000000010000358                . = (. + _StackSize)
 *fill*         0x0000000010000260       0xf8 

.stack          0x0000000010000ee8        0x0
                0x0000000010000ee8                _vStackBase = .
                0x0000000010000ee8                . = ALIGN (0x4)
                0x0000000010000fe0                _vStackTop = (. + _StackSize)
                0xffffffffefffe58b                PROVIDE (__valid_user_code_checksum = (0x0 - (((_vStackTop + (ResetISR + 0x1)) + (DEFINED (NMI_Handler)?NMI_Handler:M0_NMI_Handler + 0x1)) + (DEFINED (HardFault_Handler)?HardFault_Handler:M0_HardFault_Handler + 0x1))))
                0x0000000000000000                _image_start = LOADADDR (.text)
                0x0000000000003e58                _image_end = (LOADADDR (.data) + SIZEOF (.data))
                0x0000000000003e58                _image_size = (_image_end - _image_start)
OUTPUT(Pad2.axf elf32-littlearm)
LOAD linker stubs

.debug_info     0x0000000000000000    0x1027c
 .debug_info    0x0000000000000000       0xa3 ./utilities/fsl_assert.o
 .debug_info    0x00000000000000a3      0xf12 ./utilities/fsl_debug_console.o
 .debug_info    0x0000000000000fb5      0x4a6 ./startup/startup_lpc804.o
 .debug_info    0x000000000000145b     0x1233 ./source/Pad2.o
 .debug_info    0x000000000000268e       0x3c ./source/semihost_hardfault.o
 .debug_info    0x00000000000026ca      0xf29 ./drivers/fsl_clock.o
 .debug_info    0x00000000000035f3     0x159e ./drivers/fsl_ctimer.o
 .debug_info    0x0000000000004b91      0xc2f ./drivers/fsl_gpio.o
 .debug_info    0x00000000000057c0     0x244d ./drivers/fsl_i2c.o
 .debug_info    0x0000000000007c0d      0x5d1 ./drivers/fsl_reset.o
 .debug_info    0x00000000000081de     0x1b39 ./drivers/fsl_spi.o
 .debug_info    0x0000000000009d17      0x75a ./drivers/fsl_swm.o
 .debug_info    0x000000000000a471     0x19ec ./drivers/fsl_usart.o
 .debug_info    0x000000000000be5d      0x598 ./device/system_LPC804.o
 .debug_info    0x000000000000c3f5      0xdb7 ./component/uart/fsl_adapter_miniusart.o
 .debug_info    0x000000000000d1ac      0x9da ./board/board.o
 .debug_info    0x000000000000db86      0x6d0 ./board/clock_config.o
 .debug_info    0x000000000000e256     0x11e5 ./board/peripherals.o
 .debug_info    0x000000000000f43b      0xe41 ./board/pin_mux.o

.debug_abbrev   0x0000000000000000     0x274d
 .debug_abbrev  0x0000000000000000       0x66 ./utilities/fsl_assert.o
 .debug_abbrev  0x0000000000000066      0x281 ./utilities/fsl_debug_console.o
 .debug_abbrev  0x00000000000002e7      0x1ba ./startup/startup_lpc804.o
 .debug_abbrev  0x00000000000004a1      0x2c9 ./source/Pad2.o
 .debug_abbrev  0x000000000000076a       0x31 ./source/semihost_hardfault.o
 .debug_abbrev  0x000000000000079b      0x335 ./drivers/fsl_clock.o
 .debug_abbrev  0x0000000000000ad0      0x32a ./drivers/fsl_ctimer.o
 .debug_abbrev  0x0000000000000dfa      0x1c3 ./drivers/fsl_gpio.o
 .debug_abbrev  0x0000000000000fbd      0x37a ./drivers/fsl_i2c.o
 .debug_abbrev  0x0000000000001337      0x15c ./drivers/fsl_reset.o
 .debug_abbrev  0x0000000000001493      0x330 ./drivers/fsl_spi.o
 .debug_abbrev  0x00000000000017c3      0x16e ./drivers/fsl_swm.o
 .debug_abbrev  0x0000000000001931      0x316 ./drivers/fsl_usart.o
 .debug_abbrev  0x0000000000001c47      0x14c ./device/system_LPC804.o
 .debug_abbrev  0x0000000000001d93      0x1cb ./component/uart/fsl_adapter_miniusart.o
 .debug_abbrev  0x0000000000001f5e      0x173 ./board/board.o
 .debug_abbrev  0x00000000000020d1      0x1b6 ./board/clock_config.o
 .debug_abbrev  0x0000000000002287      0x23e ./board/peripherals.o
 .debug_abbrev  0x00000000000024c5      0x288 ./board/pin_mux.o

.debug_aranges  0x0000000000000000      0xa38
 .debug_aranges
                0x0000000000000000       0x20 ./utilities/fsl_assert.o
 .debug_aranges
                0x0000000000000020       0x68 ./utilities/fsl_debug_console.o
 .debug_aranges
                0x0000000000000088      0x160 ./startup/startup_lpc804.o
 .debug_aranges
                0x00000000000001e8       0x70 ./source/Pad2.o
 .debug_aranges
                0x0000000000000258       0x20 ./source/semihost_hardfault.o
 .debug_aranges
                0x0000000000000278       0xa0 ./drivers/fsl_clock.o
 .debug_aranges
                0x0000000000000318       0xc0 ./drivers/fsl_ctimer.o
 .debug_aranges
                0x00000000000003d8       0x38 ./drivers/fsl_gpio.o
 .debug_aranges
                0x0000000000000410      0x1b8 ./drivers/fsl_i2c.o
 .debug_aranges
                0x00000000000005c8       0x30 ./drivers/fsl_reset.o
 .debug_aranges
                0x00000000000005f8      0x130 ./drivers/fsl_spi.o
 .debug_aranges
                0x0000000000000728       0x30 ./drivers/fsl_swm.o
 .debug_aranges
                0x0000000000000758      0x110 ./drivers/fsl_usart.o
 .debug_aranges
                0x0000000000000868       0x30 ./device/system_LPC804.o
 .debug_aranges
                0x0000000000000898       0x50 ./component/uart/fsl_adapter_miniusart.o
 .debug_aranges
                0x00000000000008e8       0x28 ./board/board.o
 .debug_aranges
                0x0000000000000910       0x50 ./board/clock_config.o
 .debug_aranges
                0x0000000000000960       0x58 ./board/peripherals.o
 .debug_aranges
                0x00000000000009b8       0x80 ./board/pin_mux.o

.debug_ranges   0x0000000000000000      0x950
 .debug_ranges  0x0000000000000000       0x10 ./utilities/fsl_assert.o
 .debug_ranges  0x0000000000000010       0x58 ./utilities/fsl_debug_console.o
 .debug_ranges  0x0000000000000068      0x150 ./startup/startup_lpc804.o
 .debug_ranges  0x00000000000001b8       0x60 ./source/Pad2.o
 .debug_ranges  0x0000000000000218       0x10 ./source/semihost_hardfault.o
 .debug_ranges  0x0000000000000228       0x90 ./drivers/fsl_clock.o
 .debug_ranges  0x00000000000002b8       0xb0 ./drivers/fsl_ctimer.o
 .debug_ranges  0x0000000000000368       0x28 ./drivers/fsl_gpio.o
 .debug_ranges  0x0000000000000390      0x1f0 ./drivers/fsl_i2c.o
 .debug_ranges  0x0000000000000580       0x20 ./drivers/fsl_reset.o
 .debug_ranges  0x00000000000005a0      0x120 ./drivers/fsl_spi.o
 .debug_ranges  0x00000000000006c0       0x20 ./drivers/fsl_swm.o
 .debug_ranges  0x00000000000006e0      0x100 ./drivers/fsl_usart.o
 .debug_ranges  0x00000000000007e0       0x20 ./device/system_LPC804.o
 .debug_ranges  0x0000000000000800       0x40 ./component/uart/fsl_adapter_miniusart.o
 .debug_ranges  0x0000000000000840       0x18 ./board/board.o
 .debug_ranges  0x0000000000000858       0x40 ./board/clock_config.o
 .debug_ranges  0x0000000000000898       0x48 ./board/peripherals.o
 .debug_ranges  0x00000000000008e0       0x70 ./board/pin_mux.o

.debug_macro    0x0000000000000000     0x787b
 .debug_macro   0x0000000000000000      0x13b ./utilities/fsl_assert.o
 .debug_macro   0x000000000000013b      0xa7e ./utilities/fsl_assert.o
 .debug_macro   0x0000000000000bb9       0x10 ./utilities/fsl_assert.o
 .debug_macro   0x0000000000000bc9       0x1c ./utilities/fsl_assert.o
 .debug_macro   0x0000000000000be5       0x22 ./utilities/fsl_assert.o
 .debug_macro   0x0000000000000c07      0x12e ./utilities/fsl_assert.o
 .debug_macro   0x0000000000000d35      0x5b3 ./utilities/fsl_assert.o
 .debug_macro   0x00000000000012e8       0x22 ./utilities/fsl_assert.o
 .debug_macro   0x000000000000130a       0x10 ./utilities/fsl_assert.o
 .debug_macro   0x000000000000131a       0x3f ./utilities/fsl_assert.o
 .debug_macro   0x0000000000001359       0x1c ./utilities/fsl_assert.o
 .debug_macro   0x0000000000001375       0x22 ./utilities/fsl_assert.o
 .debug_macro   0x0000000000001397       0xd1 ./utilities/fsl_assert.o
 .debug_macro   0x0000000000001468      0x3ad ./utilities/fsl_assert.o
 .debug_macro   0x0000000000001815       0x22 ./utilities/fsl_assert.o
 .debug_macro   0x0000000000001837     0x3f2e ./utilities/fsl_assert.o
 .debug_macro   0x0000000000005765      0x1c3 ./utilities/fsl_assert.o
 .debug_macro   0x0000000000005928       0x7a ./utilities/fsl_assert.o
 .debug_macro   0x00000000000059a2       0x96 ./utilities/fsl_assert.o
 .debug_macro   0x0000000000005a38      0x10a ./utilities/fsl_assert.o
 .debug_macro   0x0000000000005b42       0x16 ./utilities/fsl_assert.o
 .debug_macro   0x0000000000005b58       0x77 ./utilities/fsl_assert.o
 .debug_macro   0x0000000000005bcf       0x1c ./utilities/fsl_assert.o
 .debug_macro   0x0000000000005beb       0x1c ./utilities/fsl_assert.o
 .debug_macro   0x0000000000005c07       0x34 ./utilities/fsl_assert.o
 .debug_macro   0x0000000000005c3b      0x16b ./utilities/fsl_debug_console.o
 .debug_macro   0x0000000000005da6       0x16 ./utilities/fsl_debug_console.o
 .debug_macro   0x0000000000005dbc       0x10 ./utilities/fsl_debug_console.o
 .debug_macro   0x0000000000005dcc       0x28 ./utilities/fsl_debug_console.o
 .debug_macro   0x0000000000005df4       0xc4 ./utilities/fsl_debug_console.o
 .debug_macro   0x0000000000005eb8       0x16 ./utilities/fsl_debug_console.o
 .debug_macro   0x0000000000005ece       0x46 ./utilities/fsl_debug_console.o
 .debug_macro   0x0000000000005f14       0x32 ./startup/startup_lpc804.o
 .debug_macro   0x0000000000005f46       0x34 ./startup/startup_lpc804.o
 .debug_macro   0x0000000000005f7a      0x1ab ./source/Pad2.o
 .debug_macro   0x0000000000006125       0xd8 ./source/Pad2.o
 .debug_macro   0x00000000000061fd       0x22 ./source/Pad2.o
 .debug_macro   0x000000000000621f       0x10 ./source/Pad2.o
 .debug_macro   0x000000000000622f      0x11e ./source/Pad2.o
 .debug_macro   0x000000000000634d       0x22 ./source/Pad2.o
 .debug_macro   0x000000000000636f       0x10 ./source/Pad2.o
 .debug_macro   0x000000000000637f       0x4c ./source/Pad2.o
 .debug_macro   0x00000000000063cb      0x25d ./source/Pad2.o
 .debug_macro   0x0000000000006628       0x11 ./source/semihost_hardfault.o
 .debug_macro   0x0000000000006639      0x12d ./drivers/fsl_clock.o
 .debug_macro   0x0000000000006766       0x28 ./drivers/fsl_clock.o
 .debug_macro   0x000000000000678e      0x13a ./drivers/fsl_ctimer.o
 .debug_macro   0x00000000000068c8      0x13a ./drivers/fsl_gpio.o
 .debug_macro   0x0000000000006a02      0x138 ./drivers/fsl_i2c.o
 .debug_macro   0x0000000000006b3a       0x16 ./drivers/fsl_i2c.o
 .debug_macro   0x0000000000006b50       0x1c ./drivers/fsl_i2c.o
 .debug_macro   0x0000000000006b6c       0x4c ./drivers/fsl_i2c.o
 .debug_macro   0x0000000000006bb8      0x12a ./drivers/fsl_reset.o
 .debug_macro   0x0000000000006ce2      0x139 ./drivers/fsl_spi.o
 .debug_macro   0x0000000000006e1b       0x1c ./drivers/fsl_spi.o
 .debug_macro   0x0000000000006e37      0x144 ./drivers/fsl_swm.o
 .debug_macro   0x0000000000006f7b      0x139 ./drivers/fsl_usart.o
 .debug_macro   0x00000000000070b4       0x1c ./drivers/fsl_usart.o
 .debug_macro   0x00000000000070d0       0x97 ./device/system_LPC804.o
 .debug_macro   0x0000000000007167      0x136 ./component/uart/fsl_adapter_miniusart.o
 .debug_macro   0x000000000000729d       0x22 ./component/uart/fsl_adapter_miniusart.o
 .debug_macro   0x00000000000072bf      0x162 ./board/board.o
 .debug_macro   0x0000000000007421       0x28 ./board/board.o
 .debug_macro   0x0000000000007449      0x14a ./board/clock_config.o
 .debug_macro   0x0000000000007593      0x149 ./board/peripherals.o
 .debug_macro   0x00000000000076dc      0x159 ./board/pin_mux.o
 .debug_macro   0x0000000000007835       0x46 ./board/pin_mux.o

.debug_line     0x0000000000000000     0x76f0
 .debug_line    0x0000000000000000      0x397 ./utilities/fsl_assert.o
 .debug_line    0x0000000000000397      0x827 ./utilities/fsl_debug_console.o
 .debug_line    0x0000000000000bbe      0x273 ./startup/startup_lpc804.o
 .debug_line    0x0000000000000e31      0x6f4 ./source/Pad2.o
 .debug_line    0x0000000000001525       0x59 ./source/semihost_hardfault.o
 .debug_line    0x000000000000157e      0x675 ./drivers/fsl_clock.o
 .debug_line    0x0000000000001bf3      0x855 ./drivers/fsl_ctimer.o
 .debug_line    0x0000000000002448      0x3c6 ./drivers/fsl_gpio.o
 .debug_line    0x000000000000280e     0x12a1 ./drivers/fsl_i2c.o
 .debug_line    0x0000000000003aaf      0x393 ./drivers/fsl_reset.o
 .debug_line    0x0000000000003e42      0xcf4 ./drivers/fsl_spi.o
 .debug_line    0x0000000000004b36      0x410 ./drivers/fsl_swm.o
 .debug_line    0x0000000000004f46      0xc7c ./drivers/fsl_usart.o
 .debug_line    0x0000000000005bc2      0x2ce ./device/system_LPC804.o
 .debug_line    0x0000000000005e90      0x520 ./component/uart/fsl_adapter_miniusart.o
 .debug_line    0x00000000000063b0      0x432 ./board/board.o
 .debug_line    0x00000000000067e2      0x479 ./board/clock_config.o
 .debug_line    0x0000000000006c5b      0x488 ./board/peripherals.o
 .debug_line    0x00000000000070e3      0x60d ./board/pin_mux.o

.debug_str      0x0000000000000000    0x31d93
 .debug_str     0x0000000000000000    0x28f2c ./utilities/fsl_assert.o
                                      0x28fdf (size before relaxing)
 .debug_str     0x0000000000028f2c     0x186c ./utilities/fsl_debug_console.o
                                      0x2a8a9 (size before relaxing)
 .debug_str     0x000000000002a798      0x4da ./startup/startup_lpc804.o
                                       0x31b9 (size before relaxing)
 .debug_str     0x000000000002ac72     0x20cd ./source/Pad2.o
                                      0x2bcef (size before relaxing)
 .debug_str     0x000000000002cd3f       0x1f ./source/semihost_hardfault.o
                                       0x2ccd (size before relaxing)
 .debug_str     0x000000000002cd5e      0x607 ./drivers/fsl_clock.o
                                      0x29fc1 (size before relaxing)
 .debug_str     0x000000000002d365      0x993 ./drivers/fsl_ctimer.o
                                      0x2a773 (size before relaxing)
 .debug_str     0x000000000002dcf8      0x11c ./drivers/fsl_gpio.o
                                      0x29e82 (size before relaxing)
 .debug_str     0x000000000002de14      0xfbc ./drivers/fsl_i2c.o
                                      0x2b0d4 (size before relaxing)
 .debug_str     0x000000000002edd0       0xae ./drivers/fsl_reset.o
                                      0x292db (size before relaxing)
 .debug_str     0x000000000002ee7e      0x986 ./drivers/fsl_spi.o
                                      0x2ac0f (size before relaxing)
 .debug_str     0x000000000002f804      0xdb7 ./drivers/fsl_swm.o
                                      0x29cde (size before relaxing)
 .debug_str     0x00000000000305bb      0xc2f ./drivers/fsl_usart.o
                                      0x2ad8d (size before relaxing)
 .debug_str     0x00000000000311ea       0x4a ./device/system_LPC804.o
                                      0x279b7 (size before relaxing)
 .debug_str     0x0000000000031234       0xfb ./component/uart/fsl_adapter_miniusart.o
                                      0x2a2ea (size before relaxing)
 .debug_str     0x000000000003132f      0x2f9 ./board/board.o
                                      0x2ad10 (size before relaxing)
 .debug_str     0x0000000000031628      0x1f8 ./board/clock_config.o
                                      0x296a5 (size before relaxing)
 .debug_str     0x0000000000031820      0x1a5 ./board/peripherals.o
                                      0x2a6ce (size before relaxing)
 .debug_str     0x00000000000319c5      0x3ce ./board/pin_mux.o
                                      0x2a94e (size before relaxing)

.comment        0x0000000000000000       0x49
 .comment       0x0000000000000000       0x49 ./utilities/fsl_assert.o
                                         0x4a (size before relaxing)
 .comment       0x0000000000000049       0x4a ./utilities/fsl_debug_console.o
 .comment       0x0000000000000049       0x4a ./startup/startup_lpc804.o
 .comment       0x0000000000000049       0x4a ./source/Pad2.o
 .comment       0x0000000000000049       0x4a ./source/semihost_hardfault.o
 .comment       0x0000000000000049       0x4a ./drivers/fsl_clock.o
 .comment       0x0000000000000049       0x4a ./drivers/fsl_ctimer.o
 .comment       0x0000000000000049       0x4a ./drivers/fsl_gpio.o
 .comment       0x0000000000000049       0x4a ./drivers/fsl_i2c.o
 .comment       0x0000000000000049       0x4a ./drivers/fsl_reset.o
 .comment       0x0000000000000049       0x4a ./drivers/fsl_spi.o
 .comment       0x0000000000000049       0x4a ./drivers/fsl_swm.o
 .comment       0x0000000000000049       0x4a ./drivers/fsl_usart.o
 .comment       0x0000000000000049       0x4a ./device/system_LPC804.o
 .comment       0x0000000000000049       0x4a ./component/uart/fsl_adapter_miniusart.o
 .comment       0x0000000000000049       0x4a ./board/board.o
 .comment       0x0000000000000049       0x4a ./board/clock_config.o
 .comment       0x0000000000000049       0x4a ./board/peripherals.o
 .comment       0x0000000000000049       0x4a ./board/pin_mux.o
 .comment       0x0000000000000049       0x4a /usr/local/mcuxpressoide-11.5.0_7232/ide/plugins/com.nxp.mcuxpresso.tools.linux_11.5.0.202107051138/tools/bin/../lib/gcc/arm-none-eabi/10.3.1/../../../../arm-none-eabi/lib/thumb/v6-m/nofp/libcr_nohost_nf.a(_cr__main.o)
 .comment       0x0000000000000049       0x4a /usr/local/mcuxpressoide-11.5.0_7232/ide/plugins/com.nxp.mcuxpresso.tools.linux_11.5.0.202107051138/tools/bin/../lib/gcc/arm-none-eabi/10.3.1/../../../../arm-none-eabi/lib/thumb/v6-m/nofp/libcr_c.a(memcpy.o)
 .comment       0x0000000000000049       0x4a /usr/local/mcuxpressoide-11.5.0_7232/ide/plugins/com.nxp.mcuxpresso.tools.linux_11.5.0.202107051138/tools/bin/../lib/gcc/arm-none-eabi/10.3.1/../../../../arm-none-eabi/lib/thumb/v6-m/nofp/libcr_c.a(memset.o)
 .comment       0x0000000000000049       0x4a /usr/local/mcuxpressoide-11.5.0_7232/ide/plugins/com.nxp.mcuxpresso.tools.linux_11.5.0.202107051138/tools/bin/../lib/gcc/arm-none-eabi/10.3.1/../../../../arm-none-eabi/lib/thumb/v6-m/nofp/libcr_c.a(alloc.o)
 .comment       0x0000000000000049       0x4a /usr/local/mcuxpressoide-11.5.0_7232/ide/plugins/com.nxp.mcuxpresso.tools.linux_11.5.0.202107051138/tools/bin/../lib/gcc/arm-none-eabi/10.3.1/../../../../arm-none-eabi/lib/thumb/v6-m/nofp/libcr_c.a(errno.o)
 .comment       0x0000000000000049       0x4a /usr/local/mcuxpressoide-11.5.0_7232/ide/plugins/com.nxp.mcuxpresso.tools.linux_11.5.0.202107051138/tools/bin/../lib/gcc/arm-none-eabi/10.3.1/../../../../arm-none-eabi/lib/thumb/v6-m/nofp/libcr_c.a(initio.o)
 .comment       0x0000000000000049       0x4a /usr/local/mcuxpressoide-11.5.0_7232/ide/plugins/com.nxp.mcuxpresso.tools.linux_11.5.0.202107051138/tools/bin/../lib/gcc/arm-none-eabi/10.3.1/../../../../arm-none-eabi/lib/thumb/v6-m/nofp/libcr_c.a(setvbuf.o)
 .comment       0x0000000000000049       0x4a /usr/local/mcuxpressoide-11.5.0_7232/ide/plugins/com.nxp.mcuxpresso.tools.linux_11.5.0.202107051138/tools/bin/../lib/gcc/arm-none-eabi/10.3.1/../../../../arm-none-eabi/lib/thumb/v6-m/nofp/libcr_c.a(stdlib.o)
 .comment       0x0000000000000049       0x4a /usr/local/mcuxpressoide-11.5.0_7232/ide/plugins/com.nxp.mcuxpresso.tools.linux_11.5.0.202107051138/tools/bin/../lib/gcc/arm-none-eabi/10.3.1/../../../../arm-none-eabi/lib/thumb/v6-m/nofp/libcr_c.a(strlen.o)
 .comment       0x0000000000000049       0x4a /usr/local/mcuxpressoide-11.5.0_7232/ide/plugins/com.nxp.mcuxpresso.tools.linux_11.5.0.202107051138/tools/bin/../lib/gcc/arm-none-eabi/10.3.1/../../../../arm-none-eabi/lib/thumb/v6-m/nofp/libcr_c.a(_deferredlazyseek.o)
 .comment       0x0000000000000049       0x4a /usr/local/mcuxpressoide-11.5.0_7232/ide/plugins/com.nxp.mcuxpresso.tools.linux_11.5.0.202107051138/tools/bin/../lib/gcc/arm-none-eabi/10.3.1/../../../../arm-none-eabi/lib/thumb/v6-m/nofp/libcr_c.a(_fdopen.o)
 .comment       0x0000000000000049       0x4a /usr/local/mcuxpressoide-11.5.0_7232/ide/plugins/com.nxp.mcuxpresso.tools.linux_11.5.0.202107051138/tools/bin/../lib/gcc/arm-none-eabi/10.3.1/../../../../arm-none-eabi/lib/thumb/v6-m/nofp/libcr_c.a(_fflush.o)
 .comment       0x0000000000000049       0x4a /usr/local/mcuxpressoide-11.5.0_7232/ide/plugins/com.nxp.mcuxpresso.tools.linux_11.5.0.202107051138/tools/bin/../lib/gcc/arm-none-eabi/10.3.1/../../../../arm-none-eabi/lib/thumb/v6-m/nofp/libcr_c.a(_writebuf.o)
 .comment       0x0000000000000049       0x4a /usr/local/mcuxpressoide-11.5.0_7232/ide/plugins/com.nxp.mcuxpresso.tools.linux_11.5.0.202107051138/tools/bin/../lib/gcc/arm-none-eabi/10.3.1/../../../../arm-none-eabi/lib/thumb/v6-m/nofp/libcr_c.a(fclose.o)
 .comment       0x0000000000000049       0x4a /usr/local/mcuxpressoide-11.5.0_7232/ide/plugins/com.nxp.mcuxpresso.tools.linux_11.5.0.202107051138/tools/bin/../lib/gcc/arm-none-eabi/10.3.1/../../../../arm-none-eabi/lib/thumb/v6-m/nofp/libcr_c.a(fflush.o)
 .comment       0x0000000000000049       0x4a /usr/local/mcuxpressoide-11.5.0_7232/ide/plugins/com.nxp.mcuxpresso.tools.linux_11.5.0.202107051138/tools/bin/../lib/gcc/arm-none-eabi/10.3.1/../../../../arm-none-eabi/lib/thumb/v6-m/nofp/libcr_c.a(fseek.o)
 .comment       0x0000000000000049       0x4a /usr/local/mcuxpressoide-11.5.0_7232/ide/plugins/com.nxp.mcuxpresso.tools.linux_11.5.0.202107051138/tools/bin/../lib/gcc/arm-none-eabi/10.3.1/../../../../arm-none-eabi/lib/thumb/v6-m/nofp/libcr_c.a(ftell.o)
 .comment       0x0000000000000049       0x4a /usr/local/mcuxpressoide-11.5.0_7232/ide/plugins/com.nxp.mcuxpresso.tools.linux_11.5.0.202107051138/tools/bin/../lib/gcc/arm-none-eabi/10.3.1/../../../../arm-none-eabi/lib/thumb/v6-m/nofp/libcr_c.a(remove.o)
 .comment       0x0000000000000049       0x4a /usr/local/mcuxpressoide-11.5.0_7232/ide/plugins/com.nxp.mcuxpresso.tools.linux_11.5.0.202107051138/tools/bin/../lib/gcc/arm-none-eabi/10.3.1/../../../../arm-none-eabi/lib/thumb/v6-m/nofp/libcr_c.a(_do_fflush.o)
 .comment       0x0000000000000049       0x4a /usr/local/mcuxpressoide-11.5.0_7232/ide/plugins/com.nxp.mcuxpresso.tools.linux_11.5.0.202107051138/tools/bin/../lib/gcc/arm-none-eabi/10.3.1/../../../../arm-none-eabi/lib/thumb/v6-m/nofp/libcr_nohost_nf.a(__ciob.o)
 .comment       0x0000000000000049       0x4a /usr/local/mcuxpressoide-11.5.0_7232/ide/plugins/com.nxp.mcuxpresso.tools.linux_11.5.0.202107051138/tools/bin/../lib/gcc/arm-none-eabi/10.3.1/../../../../arm-none-eabi/lib/thumb/v6-m/nofp/libcr_nohost_nf.a(__sys_close.o)
 .comment       0x0000000000000049       0x4a /usr/local/mcuxpressoide-11.5.0_7232/ide/plugins/com.nxp.mcuxpresso.tools.linux_11.5.0.202107051138/tools/bin/../lib/gcc/arm-none-eabi/10.3.1/../../../../arm-none-eabi/lib/thumb/v6-m/nofp/libcr_nohost_nf.a(__sys_flen.o)
 .comment       0x0000000000000049       0x4a /usr/local/mcuxpressoide-11.5.0_7232/ide/plugins/com.nxp.mcuxpresso.tools.linux_11.5.0.202107051138/tools/bin/../lib/gcc/arm-none-eabi/10.3.1/../../../../arm-none-eabi/lib/thumb/v6-m/nofp/libcr_nohost_nf.a(__sys_istty.o)
 .comment       0x0000000000000049       0x4a /usr/local/mcuxpressoide-11.5.0_7232/ide/plugins/com.nxp.mcuxpresso.tools.linux_11.5.0.202107051138/tools/bin/../lib/gcc/arm-none-eabi/10.3.1/../../../../arm-none-eabi/lib/thumb/v6-m/nofp/libcr_nohost_nf.a(__sys_remove.o)
 .comment       0x0000000000000049       0x4a /usr/local/mcuxpressoide-11.5.0_7232/ide/plugins/com.nxp.mcuxpresso.tools.linux_11.5.0.202107051138/tools/bin/../lib/gcc/arm-none-eabi/10.3.1/../../../../arm-none-eabi/lib/thumb/v6-m/nofp/libcr_nohost_nf.a(__sys_seek.o)
 .comment       0x0000000000000049       0x4a /usr/local/mcuxpressoide-11.5.0_7232/ide/plugins/com.nxp.mcuxpresso.tools.linux_11.5.0.202107051138/tools/bin/../lib/gcc/arm-none-eabi/10.3.1/../../../../arm-none-eabi/lib/thumb/v6-m/nofp/libcr_nohost_nf.a(__sys_tmpnam.o)
 .comment       0x0000000000000049       0x4a /usr/local/mcuxpressoide-11.5.0_7232/ide/plugins/com.nxp.mcuxpresso.tools.linux_11.5.0.202107051138/tools/bin/../lib/gcc/arm-none-eabi/10.3.1/../../../../arm-none-eabi/lib/thumb/v6-m/nofp/libcr_nohost_nf.a(__sys_write.o)

.ARM.attributes
                0x0000000000000000       0x2a
 .ARM.attributes
                0x0000000000000000       0x2c ./utilities/fsl_assert.o
 .ARM.attributes
                0x000000000000002c       0x2c ./utilities/fsl_debug_console.o
 .ARM.attributes
                0x0000000000000058       0x2c ./startup/startup_lpc804.o
 .ARM.attributes
                0x0000000000000084       0x2c ./source/Pad2.o
 .ARM.attributes
                0x00000000000000b0       0x2c ./source/semihost_hardfault.o
 .ARM.attributes
                0x00000000000000dc       0x2c ./drivers/fsl_clock.o
 .ARM.attributes
                0x0000000000000108       0x2c ./drivers/fsl_ctimer.o
 .ARM.attributes
                0x0000000000000134       0x2c ./drivers/fsl_gpio.o
 .ARM.attributes
                0x0000000000000160       0x2c ./drivers/fsl_i2c.o
 .ARM.attributes
                0x000000000000018c       0x2c ./drivers/fsl_reset.o
 .ARM.attributes
                0x00000000000001b8       0x2c ./drivers/fsl_spi.o
 .ARM.attributes
                0x00000000000001e4       0x2c ./drivers/fsl_swm.o
 .ARM.attributes
                0x0000000000000210       0x2c ./drivers/fsl_usart.o
 .ARM.attributes
                0x000000000000023c       0x2c ./device/system_LPC804.o
 .ARM.attributes
                0x0000000000000268       0x2c ./component/uart/fsl_adapter_miniusart.o
 .ARM.attributes
                0x0000000000000294       0x2c ./board/board.o
 .ARM.attributes
                0x00000000000002c0       0x2c ./board/clock_config.o
 .ARM.attributes
                0x00000000000002ec       0x2c ./board/peripherals.o
 .ARM.attributes
                0x0000000000000318       0x2c ./board/pin_mux.o
 .ARM.attributes
                0x0000000000000344       0x2c /usr/local/mcuxpressoide-11.5.0_7232/ide/plugins/com.nxp.mcuxpresso.tools.linux_11.5.0.202107051138/tools/bin/../lib/gcc/arm-none-eabi/10.3.1/../../../../arm-none-eabi/lib/thumb/v6-m/nofp/libcr_nohost_nf.a(_cr__main.o)
 .ARM.attributes
                0x0000000000000370       0x2c /usr/local/mcuxpressoide-11.5.0_7232/ide/plugins/com.nxp.mcuxpresso.tools.linux_11.5.0.202107051138/tools/bin/../lib/gcc/arm-none-eabi/10.3.1/../../../../arm-none-eabi/lib/thumb/v6-m/nofp/libcr_c.a(memcpy.o)
 .ARM.attributes
                0x000000000000039c       0x2c /usr/local/mcuxpressoide-11.5.0_7232/ide/plugins/com.nxp.mcuxpresso.tools.linux_11.5.0.202107051138/tools/bin/../lib/gcc/arm-none-eabi/10.3.1/../../../../arm-none-eabi/lib/thumb/v6-m/nofp/libcr_c.a(memset.o)
 .ARM.attributes
                0x00000000000003c8       0x2c /usr/local/mcuxpressoide-11.5.0_7232/ide/plugins/com.nxp.mcuxpresso.tools.linux_11.5.0.202107051138/tools/bin/../lib/gcc/arm-none-eabi/10.3.1/../../../../arm-none-eabi/lib/thumb/v6-m/nofp/libcr_c.a(alloc.o)
 .ARM.attributes
                0x00000000000003f4       0x31 /usr/local/mcuxpressoide-11.5.0_7232/ide/plugins/com.nxp.mcuxpresso.tools.linux_11.5.0.202107051138/tools/bin/../lib/gcc/arm-none-eabi/10.3.1/../../../../arm-none-eabi/lib/thumb/v6-m/nofp/libcr_c.a(errno.o)
 .ARM.attributes
                0x0000000000000425       0x2c /usr/local/mcuxpressoide-11.5.0_7232/ide/plugins/com.nxp.mcuxpresso.tools.linux_11.5.0.202107051138/tools/bin/../lib/gcc/arm-none-eabi/10.3.1/../../../../arm-none-eabi/lib/thumb/v6-m/nofp/libcr_c.a(initio.o)
 .ARM.attributes
                0x0000000000000451       0x2c /usr/local/mcuxpressoide-11.5.0_7232/ide/plugins/com.nxp.mcuxpresso.tools.linux_11.5.0.202107051138/tools/bin/../lib/gcc/arm-none-eabi/10.3.1/../../../../arm-none-eabi/lib/thumb/v6-m/nofp/libcr_c.a(setvbuf.o)
 .ARM.attributes
                0x000000000000047d       0x2c /usr/local/mcuxpressoide-11.5.0_7232/ide/plugins/com.nxp.mcuxpresso.tools.linux_11.5.0.202107051138/tools/bin/../lib/gcc/arm-none-eabi/10.3.1/../../../../arm-none-eabi/lib/thumb/v6-m/nofp/libcr_c.a(stdlib.o)
 .ARM.attributes
                0x00000000000004a9       0x2c /usr/local/mcuxpressoide-11.5.0_7232/ide/plugins/com.nxp.mcuxpresso.tools.linux_11.5.0.202107051138/tools/bin/../lib/gcc/arm-none-eabi/10.3.1/../../../../arm-none-eabi/lib/thumb/v6-m/nofp/libcr_c.a(strlen.o)
 .ARM.attributes
                0x00000000000004d5       0x2c /usr/local/mcuxpressoide-11.5.0_7232/ide/plugins/com.nxp.mcuxpresso.tools.linux_11.5.0.202107051138/tools/bin/../lib/gcc/arm-none-eabi/10.3.1/../../../../arm-none-eabi/lib/thumb/v6-m/nofp/libcr_c.a(_deferredlazyseek.o)
 .ARM.attributes
                0x0000000000000501       0x2c /usr/local/mcuxpressoide-11.5.0_7232/ide/plugins/com.nxp.mcuxpresso.tools.linux_11.5.0.202107051138/tools/bin/../lib/gcc/arm-none-eabi/10.3.1/../../../../arm-none-eabi/lib/thumb/v6-m/nofp/libcr_c.a(_fdopen.o)
 .ARM.attributes
                0x000000000000052d       0x2c /usr/local/mcuxpressoide-11.5.0_7232/ide/plugins/com.nxp.mcuxpresso.tools.linux_11.5.0.202107051138/tools/bin/../lib/gcc/arm-none-eabi/10.3.1/../../../../arm-none-eabi/lib/thumb/v6-m/nofp/libcr_c.a(_fflush.o)
 .ARM.attributes
                0x0000000000000559       0x2c /usr/local/mcuxpressoide-11.5.0_7232/ide/plugins/com.nxp.mcuxpresso.tools.linux_11.5.0.202107051138/tools/bin/../lib/gcc/arm-none-eabi/10.3.1/../../../../arm-none-eabi/lib/thumb/v6-m/nofp/libcr_c.a(_writebuf.o)
 .ARM.attributes
                0x0000000000000585       0x2c /usr/local/mcuxpressoide-11.5.0_7232/ide/plugins/com.nxp.mcuxpresso.tools.linux_11.5.0.202107051138/tools/bin/../lib/gcc/arm-none-eabi/10.3.1/../../../../arm-none-eabi/lib/thumb/v6-m/nofp/libcr_c.a(fclose.o)
 .ARM.attributes
                0x00000000000005b1       0x2c /usr/local/mcuxpressoide-11.5.0_7232/ide/plugins/com.nxp.mcuxpresso.tools.linux_11.5.0.202107051138/tools/bin/../lib/gcc/arm-none-eabi/10.3.1/../../../../arm-none-eabi/lib/thumb/v6-m/nofp/libcr_c.a(fflush.o)
 .ARM.attributes
                0x00000000000005dd       0x2c /usr/local/mcuxpressoide-11.5.0_7232/ide/plugins/com.nxp.mcuxpresso.tools.linux_11.5.0.202107051138/tools/bin/../lib/gcc/arm-none-eabi/10.3.1/../../../../arm-none-eabi/lib/thumb/v6-m/nofp/libcr_c.a(fseek.o)
 .ARM.attributes
                0x0000000000000609       0x2c /usr/local/mcuxpressoide-11.5.0_7232/ide/plugins/com.nxp.mcuxpresso.tools.linux_11.5.0.202107051138/tools/bin/../lib/gcc/arm-none-eabi/10.3.1/../../../../arm-none-eabi/lib/thumb/v6-m/nofp/libcr_c.a(ftell.o)
 .ARM.attributes
                0x0000000000000635       0x2c /usr/local/mcuxpressoide-11.5.0_7232/ide/plugins/com.nxp.mcuxpresso.tools.linux_11.5.0.202107051138/tools/bin/../lib/gcc/arm-none-eabi/10.3.1/../../../../arm-none-eabi/lib/thumb/v6-m/nofp/libcr_c.a(remove.o)
 .ARM.attributes
                0x0000000000000661       0x2c /usr/local/mcuxpressoide-11.5.0_7232/ide/plugins/com.nxp.mcuxpresso.tools.linux_11.5.0.202107051138/tools/bin/../lib/gcc/arm-none-eabi/10.3.1/../../../../arm-none-eabi/lib/thumb/v6-m/nofp/libcr_c.a(_do_fflush.o)
 .ARM.attributes
                0x000000000000068d       0x1c /usr/local/mcuxpressoide-11.5.0_7232/ide/plugins/com.nxp.mcuxpresso.tools.linux_11.5.0.202107051138/tools/bin/../lib/gcc/arm-none-eabi/10.3.1/thumb/v6-m/nofp/libcr_eabihelpers.a(division_32.o)
 .ARM.attributes
                0x00000000000006a9       0x1c /usr/local/mcuxpressoide-11.5.0_7232/ide/plugins/com.nxp.mcuxpresso.tools.linux_11.5.0.202107051138/tools/bin/../lib/gcc/arm-none-eabi/10.3.1/thumb/v6-m/nofp/libcr_eabihelpers.a(division_64.o)
 .ARM.attributes
                0x00000000000006c5       0x1c /usr/local/mcuxpressoide-11.5.0_7232/ide/plugins/com.nxp.mcuxpresso.tools.linux_11.5.0.202107051138/tools/bin/../lib/gcc/arm-none-eabi/10.3.1/thumb/v6-m/nofp/libcr_eabihelpers.a(division_idiv0.o)
 .ARM.attributes
                0x00000000000006e1       0x1c /usr/local/mcuxpressoide-11.5.0_7232/ide/plugins/com.nxp.mcuxpresso.tools.linux_11.5.0.202107051138/tools/bin/../lib/gcc/arm-none-eabi/10.3.1/thumb/v6-m/nofp/libcr_eabihelpers.a(memcpy.o)
 .ARM.attributes
                0x00000000000006fd       0x31 /usr/local/mcuxpressoide-11.5.0_7232/ide/plugins/com.nxp.mcuxpresso.tools.linux_11.5.0.202107051138/tools/bin/../lib/gcc/arm-none-eabi/10.3.1/../../../../arm-none-eabi/lib/thumb/v6-m/nofp/libcr_nohost_nf.a(__ciob.o)
 .ARM.attributes
                0x000000000000072e       0x2c /usr/local/mcuxpressoide-11.5.0_7232/ide/plugins/com.nxp.mcuxpresso.tools.linux_11.5.0.202107051138/tools/bin/../lib/gcc/arm-none-eabi/10.3.1/../../../../arm-none-eabi/lib/thumb/v6-m/nofp/libcr_nohost_nf.a(__sys_close.o)
 .ARM.attributes
                0x000000000000075a       0x2c /usr/local/mcuxpressoide-11.5.0_7232/ide/plugins/com.nxp.mcuxpresso.tools.linux_11.5.0.202107051138/tools/bin/../lib/gcc/arm-none-eabi/10.3.1/../../../../arm-none-eabi/lib/thumb/v6-m/nofp/libcr_nohost_nf.a(__sys_flen.o)
 .ARM.attributes
                0x0000000000000786       0x2c /usr/local/mcuxpressoide-11.5.0_7232/ide/plugins/com.nxp.mcuxpresso.tools.linux_11.5.0.202107051138/tools/bin/../lib/gcc/arm-none-eabi/10.3.1/../../../../arm-none-eabi/lib/thumb/v6-m/nofp/libcr_nohost_nf.a(__sys_istty.o)
 .ARM.attributes
                0x00000000000007b2       0x2c /usr/local/mcuxpressoide-11.5.0_7232/ide/plugins/com.nxp.mcuxpresso.tools.linux_11.5.0.202107051138/tools/bin/../lib/gcc/arm-none-eabi/10.3.1/../../../../arm-none-eabi/lib/thumb/v6-m/nofp/libcr_nohost_nf.a(__sys_remove.o)
 .ARM.attributes
                0x00000000000007de       0x2c /usr/local/mcuxpressoide-11.5.0_7232/ide/plugins/com.nxp.mcuxpresso.tools.linux_11.5.0.202107051138/tools/bin/../lib/gcc/arm-none-eabi/10.3.1/../../../../arm-none-eabi/lib/thumb/v6-m/nofp/libcr_nohost_nf.a(__sys_seek.o)
 .ARM.attributes
                0x000000000000080a       0x2c /usr/local/mcuxpressoide-11.5.0_7232/ide/plugins/com.nxp.mcuxpresso.tools.linux_11.5.0.202107051138/tools/bin/../lib/gcc/arm-none-eabi/10.3.1/../../../../arm-none-eabi/lib/thumb/v6-m/nofp/libcr_nohost_nf.a(__sys_tmpnam.o)
 .ARM.attributes
                0x0000000000000836       0x2c /usr/local/mcuxpressoide-11.5.0_7232/ide/plugins/com.nxp.mcuxpresso.tools.linux_11.5.0.202107051138/tools/bin/../lib/gcc/arm-none-eabi/10.3.1/../../../../arm-none-eabi/lib/thumb/v6-m/nofp/libcr_nohost_nf.a(__sys_write.o)

.debug_frame    0x0000000000000000     0x2100
 .debug_frame   0x0000000000000000       0x30 ./utilities/fsl_assert.o
 .debug_frame   0x0000000000000030      0x150 ./utilities/fsl_debug_console.o
 .debug_frame   0x0000000000000180      0x3a8 ./startup/startup_lpc804.o
 .debug_frame   0x0000000000000528      0x168 ./source/Pad2.o
 .debug_frame   0x0000000000000690       0x20 ./source/semihost_hardfault.o
 .debug_frame   0x00000000000006b0      0x228 ./drivers/fsl_clock.o
 .debug_frame   0x00000000000008d8      0x2b0 ./drivers/fsl_ctimer.o
 .debug_frame   0x0000000000000b88       0x90 ./drivers/fsl_gpio.o
 .debug_frame   0x0000000000000c18      0x688 ./drivers/fsl_i2c.o
 .debug_frame   0x00000000000012a0       0x70 ./drivers/fsl_reset.o
 .debug_frame   0x0000000000001310      0x46c ./drivers/fsl_spi.o
 .debug_frame   0x000000000000177c       0x70 ./drivers/fsl_swm.o
 .debug_frame   0x00000000000017ec      0x3e8 ./drivers/fsl_usart.o
 .debug_frame   0x0000000000001bd4       0x64 ./device/system_LPC804.o
 .debug_frame   0x0000000000001c38       0xf0 ./component/uart/fsl_adapter_miniusart.o
 .debug_frame   0x0000000000001d28       0x50 ./board/board.o
 .debug_frame   0x0000000000001d78       0xe0 ./board/clock_config.o
 .debug_frame   0x0000000000001e58      0x104 ./board/peripherals.o
 .debug_frame   0x0000000000001f5c      0x1a4 ./board/pin_mux.o

Cross Reference Table

Symbol                                            File
ADC_OVR_DriverIRQHandler                          ./startup/startup_lpc804.o
ADC_OVR_IRQHandler                                ./startup/startup_lpc804.o
ADC_SEQA_DriverIRQHandler                         ./startup/startup_lpc804.o
ADC_SEQA_IRQHandler                               ./startup/startup_lpc804.o
ADC_SEQB_DriverIRQHandler                         ./startup/startup_lpc804.o
ADC_SEQB_IRQHandler                               ./startup/startup_lpc804.o
ADC_THCMP_DriverIRQHandler                        ./startup/startup_lpc804.o
ADC_THCMP_IRQHandler                              ./startup/startup_lpc804.o
BOARD_BootClockFRO18M                             ./board/clock_config.o
BOARD_BootClockFRO24M                             ./board/clock_config.o
BOARD_BootClockFRO30M                             ./board/clock_config.o
BOARD_InitBUTTONsPins                             ./board/pin_mux.o
BOARD_InitBootClocks                              ./board/clock_config.o
                                                  ./source/Pad2.o
BOARD_InitBootPeripherals                         ./board/peripherals.o
                                                  ./source/Pad2.o
BOARD_InitBootPins                                ./board/pin_mux.o
                                                  ./source/Pad2.o
BOARD_InitDEBUG_UARTPins                          ./board/pin_mux.o
BOARD_InitDebugConsole                            ./board/board.o
                                                  ./source/Pad2.o
BOARD_InitI2CPins                                 ./board/pin_mux.o
BOARD_InitISPIPins                                ./board/pin_mux.o
BOARD_InitLEDsPins                                ./board/pin_mux.o
BOARD_InitPeripherals                             ./board/peripherals.o
BOARD_InitPins                                    ./board/pin_mux.o
BOARD_InitSWD_DEBUGPins                           ./board/pin_mux.o
BOD_DriverIRQHandler                              ./startup/startup_lpc804.o
BOD_IRQHandler                                    ./startup/startup_lpc804.o
CLOCK_GetClockOutClkFreq                          ./drivers/fsl_clock.o
CLOCK_GetFRG0ClkFreq                              ./drivers/fsl_clock.o
CLOCK_GetFreq                                     ./drivers/fsl_clock.o
CLOCK_GetFroFreq                                  ./drivers/fsl_clock.o
CLOCK_GetMainClkFreq                              ./drivers/fsl_clock.o
                                                  ./board/board.o
CLOCK_GetUart0ClkFreq                             ./drivers/fsl_clock.o
CLOCK_GetUart1ClkFreq                             ./drivers/fsl_clock.o
CLOCK_InitExtClkin                                ./drivers/fsl_clock.o
CLOCK_SetFRG0ClkFreq                              ./drivers/fsl_clock.o
                                                  ./board/clock_config.o
CLOCK_SetFroOscFreq                               ./drivers/fsl_clock.o
                                                  ./board/clock_config.o
CLOCK_SetMainClkSrc                               ./drivers/fsl_clock.o
                                                  ./board/clock_config.o
CMP_CAPT_DriverIRQHandler                         ./startup/startup_lpc804.o
CMP_CAPT_IRQHandler                               ./startup/startup_lpc804.o
CRP_WORD                                          ./startup/startup_lpc804.o
CTIMER0_DriverIRQHandler                          ./drivers/fsl_ctimer.o
                                                  ./startup/startup_lpc804.o
CTIMER0_IRQHandler                                ./startup/startup_lpc804.o
CTIMER0_callback                                  ./board/peripherals.o
CTIMER0_config                                    ./board/peripherals.o
CTIMER_Deinit                                     ./drivers/fsl_ctimer.o
CTIMER_GetDefaultConfig                           ./drivers/fsl_ctimer.o
CTIMER_GetOutputMatchStatus                       ./drivers/fsl_ctimer.o
CTIMER_Init                                       ./drivers/fsl_ctimer.o
                                                  ./board/peripherals.o
CTIMER_RegisterCallBack                           ./drivers/fsl_ctimer.o
                                                  ./board/peripherals.o
CTIMER_SetupCapture                               ./drivers/fsl_ctimer.o
CTIMER_SetupMatch                                 ./drivers/fsl_ctimer.o
CTIMER_SetupPwm                                   ./drivers/fsl_ctimer.o
CTIMER_SetupPwmPeriod                             ./drivers/fsl_ctimer.o
                                                  ./board/peripherals.o
CTIMER_UpdatePwmDutycycle                         ./drivers/fsl_ctimer.o
                                                  ./source/Pad2.o
DAC0_DriverIRQHandler                             ./startup/startup_lpc804.o
DAC0_IRQHandler                                   ./startup/startup_lpc804.o
DbgConsole_Deinit                                 ./utilities/fsl_debug_console.o
DbgConsole_Getchar                                ./utilities/fsl_debug_console.o
DbgConsole_Init                                   ./utilities/fsl_debug_console.o
                                                  ./board/board.o
DbgConsole_Printf                                 ./utilities/fsl_debug_console.o
                                                  ./source/Pad2.o
                                                  ./utilities/fsl_assert.o
DbgConsole_Putchar                                ./utilities/fsl_debug_console.o
DbgConsole_Scanf                                  ./utilities/fsl_debug_console.o
DbgConsole_Vprintf                                ./utilities/fsl_debug_console.o
DisableDeepSleepIRQ                               ./drivers/fsl_power.o
EnableDeepSleepIRQ                                ./drivers/fsl_power.o
ExtClockIn                                        ./board/board.o
FLASH_DriverIRQHandler                            ./startup/startup_lpc804.o
FLASH_IRQHandler                                  ./startup/startup_lpc804.o
GPIO_PinInit                                      ./drivers/fsl_gpio.o
                                                  ./board/pin_mux.o
GPIO_PortInit                                     ./drivers/fsl_gpio.o
HAL_UartDeinit                                    ./component/uart/fsl_adapter_miniusart.o
                                                  ./utilities/fsl_debug_console.o
HAL_UartEnterLowpower                             ./component/uart/fsl_adapter_miniusart.o
HAL_UartExitLowpower                              ./component/uart/fsl_adapter_miniusart.o
HAL_UartInit                                      ./component/uart/fsl_adapter_miniusart.o