Archive member included to satisfy reference by file (symbol)

/usr/local/mcuxpressoide-11.8.0_1165/ide/plugins/com.nxp.mcuxpresso.tools.linux_11.8.0.202306131047/tools/bin/../lib/gcc/arm-none-eabi/12.2.1/../../../../arm-none-eabi/lib/thumb/v6-m/nofp/libcr_nohost_nf.a(_cr__main.o)
                              ./startup/startup_lpc804.o (__main)
/usr/local/mcuxpressoide-11.8.0_1165/ide/plugins/com.nxp.mcuxpresso.tools.linux_11.8.0.202306131047/tools/bin/../lib/gcc/arm-none-eabi/12.2.1/../../../../arm-none-eabi/lib/thumb/v6-m/nofp/libcr_c.a(memcpy.o)
                              ./utilities/fsl_debug_console.o (memcpy)
/usr/local/mcuxpressoide-11.8.0_1165/ide/plugins/com.nxp.mcuxpresso.tools.linux_11.8.0.202306131047/tools/bin/../lib/gcc/arm-none-eabi/12.2.1/../../../../arm-none-eabi/lib/thumb/v6-m/nofp/libcr_c.a(memset.o)
                              ./drivers/fsl_ctimer.o (memset)
/usr/local/mcuxpressoide-11.8.0_1165/ide/plugins/com.nxp.mcuxpresso.tools.linux_11.8.0.202306131047/tools/bin/../lib/gcc/arm-none-eabi/12.2.1/../../../../arm-none-eabi/lib/thumb/v6-m/nofp/libcr_c.a(alloc.o)
                              ./drivers/fsl_common.o (malloc)
/usr/local/mcuxpressoide-11.8.0_1165/ide/plugins/com.nxp.mcuxpresso.tools.linux_11.8.0.202306131047/tools/bin/../lib/gcc/arm-none-eabi/12.2.1/../../../../arm-none-eabi/lib/thumb/v6-m/nofp/libcr_c.a(errno.o)
                              ./utilities/fsl_str.o (errno)
/usr/local/mcuxpressoide-11.8.0_1165/ide/plugins/com.nxp.mcuxpresso.tools.linux_11.8.0.202306131047/tools/bin/../lib/gcc/arm-none-eabi/12.2.1/../../../../arm-none-eabi/lib/thumb/v6-m/nofp/libcr_c.a(initio.o)
                              /usr/local/mcuxpressoide-11.8.0_1165/ide/plugins/com.nxp.mcuxpresso.tools.linux_11.8.0.202306131047/tools/bin/../lib/gcc/arm-none-eabi/12.2.1/../../../../arm-none-eabi/lib/thumb/v6-m/nofp/libcr_nohost_nf.a(_cr__main.o) (_initio)
/usr/local/mcuxpressoide-11.8.0_1165/ide/plugins/com.nxp.mcuxpresso.tools.linux_11.8.0.202306131047/tools/bin/../lib/gcc/arm-none-eabi/12.2.1/../../../../arm-none-eabi/lib/thumb/v6-m/nofp/libcr_c.a(scanf.o)
                              ./utilities/fsl_str.o (strtoul)
/usr/local/mcuxpressoide-11.8.0_1165/ide/plugins/com.nxp.mcuxpresso.tools.linux_11.8.0.202306131047/tools/bin/../lib/gcc/arm-none-eabi/12.2.1/../../../../arm-none-eabi/lib/thumb/v6-m/nofp/libcr_c.a(setvbuf.o)
                              /usr/local/mcuxpressoide-11.8.0_1165/ide/plugins/com.nxp.mcuxpresso.tools.linux_11.8.0.202306131047/tools/bin/../lib/gcc/arm-none-eabi/12.2.1/../../../../arm-none-eabi/lib/thumb/v6-m/nofp/libcr_c.a(initio.o) (setvbuf)
/usr/local/mcuxpressoide-11.8.0_1165/ide/plugins/com.nxp.mcuxpresso.tools.linux_11.8.0.202306131047/tools/bin/../lib/gcc/arm-none-eabi/12.2.1/../../../../arm-none-eabi/lib/thumb/v6-m/nofp/libcr_c.a(stdlib.o)
                              ./source/Pad2.o (abs)
/usr/local/mcuxpressoide-11.8.0_1165/ide/plugins/com.nxp.mcuxpresso.tools.linux_11.8.0.202306131047/tools/bin/../lib/gcc/arm-none-eabi/12.2.1/../../../../arm-none-eabi/lib/thumb/v6-m/nofp/libcr_c.a(strlen.o)
                              ./utilities/fsl_debug_console.o (strlen)
/usr/local/mcuxpressoide-11.8.0_1165/ide/plugins/com.nxp.mcuxpresso.tools.linux_11.8.0.202306131047/tools/bin/../lib/gcc/arm-none-eabi/12.2.1/../../../../arm-none-eabi/lib/thumb/v6-m/nofp/libcr_c.a(ungetc.o)
                              /usr/local/mcuxpressoide-11.8.0_1165/ide/plugins/com.nxp.mcuxpresso.tools.linux_11.8.0.202306131047/tools/bin/../lib/gcc/arm-none-eabi/12.2.1/../../../../arm-none-eabi/lib/thumb/v6-m/nofp/libcr_c.a(scanf.o) (ungetc)
/usr/local/mcuxpressoide-11.8.0_1165/ide/plugins/com.nxp.mcuxpresso.tools.linux_11.8.0.202306131047/tools/bin/../lib/gcc/arm-none-eabi/12.2.1/../../../../arm-none-eabi/lib/thumb/v6-m/nofp/libcr_c.a(__fillbuf.o)
                              /usr/local/mcuxpressoide-11.8.0_1165/ide/plugins/com.nxp.mcuxpresso.tools.linux_11.8.0.202306131047/tools/bin/../lib/gcc/arm-none-eabi/12.2.1/../../../../arm-none-eabi/lib/thumb/v6-m/nofp/libcr_c.a(scanf.o) (__filbuf)
/usr/local/mcuxpressoide-11.8.0_1165/ide/plugins/com.nxp.mcuxpresso.tools.linux_11.8.0.202306131047/tools/bin/../lib/gcc/arm-none-eabi/12.2.1/../../../../arm-none-eabi/lib/thumb/v6-m/nofp/libcr_c.a(__init_alloc.o)
                              /usr/local/mcuxpressoide-11.8.0_1165/ide/plugins/com.nxp.mcuxpresso.tools.linux_11.8.0.202306131047/tools/bin/../lib/gcc/arm-none-eabi/12.2.1/../../../../arm-none-eabi/lib/thumb/v6-m/nofp/libcr_c.a(alloc.o) (__heaps)
/usr/local/mcuxpressoide-11.8.0_1165/ide/plugins/com.nxp.mcuxpresso.tools.linux_11.8.0.202306131047/tools/bin/../lib/gcc/arm-none-eabi/12.2.1/../../../../arm-none-eabi/lib/thumb/v6-m/nofp/libcr_c.a(_cr_sbrk.o)
                              /usr/local/mcuxpressoide-11.8.0_1165/ide/plugins/com.nxp.mcuxpresso.tools.linux_11.8.0.202306131047/tools/bin/../lib/gcc/arm-none-eabi/12.2.1/../../../../arm-none-eabi/lib/thumb/v6-m/nofp/libcr_c.a(alloc.o) (_sbrk)
[...]
Memory Configuration

Name             Origin             Length             Attributes
PROGRAM_FLASH    0x0000000000000000 0x0000000000007f80 xr
BOOT_FLASH       0x0000000000007f80 0x0000000000000080 xr
SRAM             0x0000000010000000 0x0000000000000fe0 xrw
IAP_SRAM         0x0000000010000fe0 0x0000000000000020 xrw
*default*        0x0000000000000000 0xffffffffffffffff

Linker script and memory map

LOAD ./utilities/fsl_assert.o
LOAD ./utilities/fsl_debug_console.o
LOAD ./utilities/fsl_str.o
LOAD ./startup/startup_lpc804.o
LOAD ./source/Pad2.o
LOAD ./source/semihost_hardfault.o
LOAD ./drivers/fsl_clock.o
LOAD ./drivers/fsl_common.o
LOAD ./drivers/fsl_common_arm.o
LOAD ./drivers/fsl_ctimer.o
LOAD ./drivers/fsl_gpio.o
LOAD ./drivers/fsl_i2c.o
LOAD ./drivers/fsl_power.o
LOAD ./drivers/fsl_reset.o
LOAD ./drivers/fsl_spi.o
LOAD ./drivers/fsl_swm.o
LOAD ./drivers/fsl_usart.o
LOAD ./device/system_LPC804.o
LOAD ./component/uart/fsl_adapter_miniusart.o
LOAD ./board/board.o
LOAD ./board/clock_config.o
LOAD ./board/peripherals.o
LOAD ./board/pin_mux.o
START GROUP
LOAD /usr/local/mcuxpressoide-11.8.0_1165/ide/plugins/com.nxp.mcuxpresso.tools.linux_11.8.0.202306131047/tools/bin/../lib/gcc/arm-none-eabi/12.2.1/../../../../arm-none-eabi/lib/thumb/v6-m/nofp/libcr_nohost_nf.a
LOAD /usr/local/mcuxpressoide-11.8.0_1165/ide/plugins/com.nxp.mcuxpresso.tools.linux_11.8.0.202306131047/tools/bin/../lib/gcc/arm-none-eabi/12.2.1/../../../../arm-none-eabi/lib/thumb/v6-m/nofp/libcr_c.a
LOAD /usr/local/mcuxpressoide-11.8.0_1165/ide/plugins/com.nxp.mcuxpresso.tools.linux_11.8.0.202306131047/tools/bin/../lib/gcc/arm-none-eabi/12.2.1/thumb/v6-m/nofp/libcr_eabihelpers.a
LOAD /usr/local/mcuxpressoide-11.8.0_1165/ide/plugins/com.nxp.mcuxpresso.tools.linux_11.8.0.202306131047/tools/bin/../lib/gcc/arm-none-eabi/12.2.1/thumb/v6-m/nofp/libgcc.a
END GROUP
                0x0000000000000000                __base_PROGRAM_FLASH = 0x0
                0x0000000000000000                __base_Flash = 0x0
                0x0000000000007f80                __top_PROGRAM_FLASH = 0x7f80
                0x0000000000007f80                __top_Flash = 0x7f80
                0x0000000000007f80                __base_BOOT_FLASH = 0x7f80
                0x0000000000007f80                __base_Flash2 = 0x7f80
                0x0000000000008000                __top_BOOT_FLASH = 0x8000
                0x0000000000008000                __top_Flash2 = 0x8000
                0x0000000010000000                __base_SRAM = 0x10000000
                0x0000000010000000                __base_RAM = 0x10000000
                0x0000000010000fe0                __top_SRAM = 0x10000fe0
                0x0000000010000fe0                __top_RAM = 0x10000fe0
                0x0000000010000fe0                __base_IAP_SRAM = 0x10000fe0
                0x0000000010000fe0                __base_RAM2 = 0x10000fe0
                0x0000000010001000                __top_IAP_SRAM = 0x10001000
                0x0000000010001000                __top_RAM2 = 0x10001000

.text_Flash2    0x0000000000007f80        0x0
 FILL mask 0xff
 *(SORT_BY_ALIGNMENT(.text_Flash2))
 *(SORT_BY_ALIGNMENT(.text_BOOT_FLASH))
 *(SORT_BY_ALIGNMENT(.text.$Flash2))
 *(SORT_BY_ALIGNMENT(.text.$BOOT_FLASH))
 *(SORT_BY_ALIGNMENT(.text_Flash2.*))
 *(SORT_BY_ALIGNMENT(.text_BOOT_FLASH.*))
 *(SORT_BY_ALIGNMENT(.text.$Flash2.*))
 *(SORT_BY_ALIGNMENT(.text.$BOOT_FLASH.*))
 *(SORT_BY_ALIGNMENT(.rodata.$Flash2))
 *(SORT_BY_ALIGNMENT(.rodata.$BOOT_FLASH))
 *(SORT_BY_ALIGNMENT(.rodata.$Flash2.*))
 *(SORT_BY_ALIGNMENT(.rodata.$BOOT_FLASH.*))

.text           0x0000000000000000     0x3dd4
 FILL mask 0xff
                0x0000000000000000                __vectors_start__ = ABSOLUTE (.)
 *(SORT_BY_ALIGNMENT(.isr_vector))
 .isr_vector    0x0000000000000000       0xc0 ./startup/startup_lpc804.o
                0x0000000000000000                __Vectors
                0x0000000000000000                g_pfnVectors
                0x00000000000000c0                . = ALIGN (0x4)
                0x00000000000000c0                __section_table_start = .
                0x00000000000000c0                __data_section_table = .
                0x00000000000000c0        0x4 LONG 0x3dd4 LOADADDR (.data)
                0x00000000000000c4        0x4 LONG 0x10000000 ADDR (.data)
                0x00000000000000c8        0x4 LONG 0x1c SIZEOF (.data)
                0x00000000000000cc        0x4 LONG 0x3dd4 LOADADDR (.data_RAM2)
                0x00000000000000d0        0x4 LONG 0x10000fe0 ADDR (.data_RAM2)
                0x00000000000000d4        0x4 LONG 0x0 SIZEOF (.data_RAM2)
                0x00000000000000d8                __data_section_table_end = .
                0x00000000000000d8                __bss_section_table = .
                0x00000000000000d8        0x4 LONG 0x1000001c ADDR (.bss)
                0x00000000000000dc        0x4 LONG 0x14c SIZEOF (.bss)
                0x00000000000000e0        0x4 LONG 0x10000fe0 ADDR (.bss_RAM2)
                0x00000000000000e4        0x4 LONG 0x0 SIZEOF (.bss_RAM2)
                0x00000000000000e8                __bss_section_table_end = .
                0x00000000000000e8                __section_table_end = .
 *(SORT_BY_ALIGNMENT(.after_vectors*))
 .after_vectors.reset
                0x00000000000000e8       0x54 ./startup/startup_lpc804.o
                0x00000000000000e8                ResetISR
 .after_vectors.init_data
                0x000000000000013c       0x12 ./startup/startup_lpc804.o
                0x000000000000013c                data_init
 .after_vectors.init_bss
                0x000000000000014e       0x10 ./startup/startup_lpc804.o
                0x000000000000014e                bss_init
 .after_vectors
                0x000000000000015e      0x10c ./startup/startup_lpc804.o
                0x000000000000015e                NMI_Handler
                0x0000000000000162                SVC_Handler
                0x0000000000000164                PendSV_Handler
                0x0000000000000168                Reserved21_DriverIRQHandler
                0x0000000000000168                ADC_SEQA_DriverIRQHandler
                0x0000000000000168                PIN_INT3_DriverIRQHandler
                0x0000000000000168                PIN_INT2_DriverIRQHandler
                0x0000000000000168                Reserved36_DriverIRQHandler
                0x0000000000000168                ADC_SEQB_DriverIRQHandler
                0x0000000000000168                PIN_INT0_DriverIRQHandler
                0x0000000000000168                Reserved17_DriverIRQHandler
                0x0000000000000168                IntDefaultHandler
                0x0000000000000168                WKT_DriverIRQHandler
                0x0000000000000168                DAC0_DriverIRQHandler
                0x0000000000000168                MRT0_DriverIRQHandler
                0x0000000000000168                PIN_INT4_DriverIRQHandler
                0x0000000000000168                PIN_INT5_DriverIRQHandler
                0x0000000000000168                CMP_CAPT_DriverIRQHandler
                0x0000000000000168                PIN_INT7_DriverIRQHandler
                0x0000000000000168                ADC_THCMP_DriverIRQHandler
                0x0000000000000168                Reserved38_DriverIRQHandler
                0x0000000000000168                Reserved22_DriverIRQHandler
                0x0000000000000168                ADC_OVR_DriverIRQHandler
                0x0000000000000168                FLASH_DriverIRQHandler
                0x0000000000000168                PIN_INT6_DriverIRQHandler
                0x0000000000000168                WDT_DriverIRQHandler
                0x0000000000000168                PIN_INT1_DriverIRQHandler
                0x0000000000000168                Reserved25_DriverIRQHandler
                0x0000000000000168                BOD_DriverIRQHandler
                0x0000000000000168                Reserved37_DriverIRQHandler
                0x000000000000016a                SPI0_IRQHandler
                0x0000000000000172                Reserved17_IRQHandler
                0x000000000000017a                DAC0_IRQHandler
                0x0000000000000182                USART0_IRQHandler
                0x000000000000018a                USART1_IRQHandler
                0x0000000000000192                Reserved21_IRQHandler
                0x000000000000019a                Reserved22_IRQHandler
                0x00000000000001a2                I2C1_IRQHandler
                0x00000000000001aa                I2C0_IRQHandler
                0x00000000000001b2                Reserved25_IRQHandler
                0x00000000000001ba                MRT0_IRQHandler
                0x00000000000001c2                CMP_CAPT_IRQHandler
                0x00000000000001ca                WDT_IRQHandler
                0x00000000000001d2                BOD_IRQHandler
                0x00000000000001da                FLASH_IRQHandler
                0x00000000000001e2                WKT_IRQHandler
                0x00000000000001ea                ADC_SEQA_IRQHandler
                0x00000000000001f2                ADC_SEQB_IRQHandler
                0x00000000000001fa                ADC_THCMP_IRQHandler
                0x0000000000000202                ADC_OVR_IRQHandler
                0x000000000000020a                Reserved36_IRQHandler
                0x0000000000000212                Reserved37_IRQHandler
                0x000000000000021a                Reserved38_IRQHandler
                0x0000000000000222                CTIMER0_IRQHandler
                0x000000000000022a                PIN_INT0_IRQHandler
                0x0000000000000232                PIN_INT1_IRQHandler
                0x000000000000023a                PIN_INT2_IRQHandler
                0x0000000000000242                PIN_INT3_IRQHandler
                0x000000000000024a                PIN_INT4_IRQHandler
                0x0000000000000252                PIN_INT5_IRQHandler
                0x000000000000025a                PIN_INT6_IRQHandler
                0x0000000000000262                PIN_INT7_IRQHandler
                0x00000000000002fc                . = 0x2fc
 *fill*         0x000000000000026a       0x92 ff
                0x00000000000002fc                PROVIDE (__CRP_WORD_START__ = .)
 *(SORT_BY_ALIGNMENT(.crp))
 .crp           0x00000000000002fc        0x4 ./startup/startup_lpc804.o
                0x00000000000002fc                CRP_WORD
                0x0000000000000300                PROVIDE (__CRP_WORD_END__ = .)
                0x0000000000000001                ASSERT (! ((__CRP_WORD_START__ == __CRP_WORD_END__)), Linker CRP Enabled, but no CRP_WORD provided within application)
 *(SORT_BY_ALIGNMENT(.text*))
 .text.__assertion_failed
                0x0000000000000300       0x1c ./utilities/fsl_assert.o
                0x0000000000000300                __assertion_failed
 .text.DbgConsole_Init
                0x000000000000031c       0xa8 ./utilities/fsl_debug_console.o
                0x000000000000031c                DbgConsole_Init
 .text.DbgConsole_Vprintf
                0x00000000000003c4       0x40 ./utilities/fsl_debug_console.o
                0x00000000000003c4                DbgConsole_Vprintf
 .text.DbgConsole_Putchar
                0x0000000000000404       0x30 ./utilities/fsl_debug_console.o
                0x0000000000000404                DbgConsole_Putchar
 .text.__NVIC_SetPriority
                0x0000000000000434       0xdc ./source/Pad2.o
 .text.SysTick_Config
                0x0000000000000510       0x48 ./source/Pad2.o
 .text.setSpeed
                0x0000000000000558       0x80 ./source/Pad2.o
                0x0000000000000558                setSpeed
 .text.setDirection
                0x00000000000005d8       0x9c ./source/Pad2.o
                0x00000000000005d8                setDirection
 .text.cbTimer  0x0000000000000674       0x34 ./source/Pad2.o
                0x0000000000000674                cbTimer
 .text.MasterStartTransfer
                0x00000000000006a8       0x60 ./source/Pad2.o
 .text.readingController
                0x0000000000000708       0xa4 ./source/Pad2.o
                0x0000000000000708                readingController
 .text.main     0x00000000000007ac       0x58 ./source/Pad2.o
                0x00000000000007ac                main
 .text.HardFault_Handler
                0x0000000000000804       0x30 ./source/semihost_hardfault.o
                0x0000000000000804                HardFault_Handler
 .text.CLOCK_GetLPOscFreq
                0x0000000000000834       0x14 ./drivers/fsl_clock.o
 .text.CLOCK_GetExtClkFreq
                0x0000000000000848       0x14 ./drivers/fsl_clock.o
 .text.CLOCK_SetFRGClkFreq
                0x000000000000085c       0xa0 ./drivers/fsl_clock.o
 .text.CLOCK_UpdateClkSrc
                0x00000000000008fc       0x4c ./drivers/fsl_clock.o
 .text.CLOCK_SetFRG0ClkFreq
                0x0000000000000948       0x24 ./drivers/fsl_clock.o
                0x0000000000000948                CLOCK_SetFRG0ClkFreq
 .text.CLOCK_GetMainClkFreq
                0x000000000000096c       0x68 ./drivers/fsl_clock.o
                0x000000000000096c                CLOCK_GetMainClkFreq
 .text.CLOCK_GetFroFreq
                0x00000000000009d4       0x14 ./drivers/fsl_clock.o
                0x00000000000009d4                CLOCK_GetFroFreq
 .text.CLOCK_SetMainClkSrc
                0x00000000000009e8       0x4c ./drivers/fsl_clock.o
                0x00000000000009e8                CLOCK_SetMainClkSrc
 .text.CLOCK_SetFroOscFreq
                0x0000000000000a34       0x44 ./drivers/fsl_clock.o
                0x0000000000000a34                CLOCK_SetFroOscFreq
 .text.__NVIC_EnableIRQ
                0x0000000000000a78       0x34 ./drivers/fsl_ctimer.o
 .text.CLOCK_EnableClock
                0x0000000000000aac       0x54 ./drivers/fsl_ctimer.o
 .text.CTIMER_GetInstance
                0x0000000000000b00       0x50 ./drivers/fsl_ctimer.o
 .text.CTIMER_Init
                0x0000000000000b50       0x68 ./drivers/fsl_ctimer.o
                0x0000000000000b50                CTIMER_Init
 .text.CTIMER_RegisterCallBack
                0x0000000000000bb8       0x40 ./drivers/fsl_ctimer.o
                0x0000000000000bb8                CTIMER_RegisterCallBack
 .text.CTIMER_GenericIRQHandler
                0x0000000000000bf8       0xb0 ./drivers/fsl_ctimer.o
 .text.CLOCK_EnableClock
                0x0000000000000ca8       0x54 ./drivers/fsl_gpio.o
 .text.GPIO_EnablePortClock
                0x0000000000000cfc       0x2c ./drivers/fsl_gpio.o
 .text.I2C_TransferCommonIRQHandler
                0x0000000000000d28       0x40 ./drivers/fsl_i2c.o
 .text.I2C0_DriverIRQHandler
                0x0000000000000d68       0x20 ./drivers/fsl_i2c.o
                0x0000000000000d68                I2C0_DriverIRQHandler
 .text.I2C1_DriverIRQHandler
                0x0000000000000d88       0x20 ./drivers/fsl_i2c.o
                0x0000000000000d88                I2C1_DriverIRQHandler
 .text.RESET_SetPeripheralReset
                0x0000000000000da8       0x70 ./drivers/fsl_reset.o
 .text.RESET_ClearPeripheralReset
                0x0000000000000e18       0x6c ./drivers/fsl_reset.o
 .text.__NVIC_EnableIRQ
                0x0000000000000e84       0x34 ./drivers/fsl_spi.o
 .text.CLOCK_EnableClock
                0x0000000000000eb8       0x54 ./drivers/fsl_spi.o
 .text.SPI_GetStatusFlags
                0x0000000000000f0c       0x28 ./drivers/fsl_spi.o
 .text.SPI_EnableInterrupts
                0x0000000000000f34       0x2c ./drivers/fsl_spi.o
 .text.SPI_DisableInterrupts
                0x0000000000000f60       0x2c ./drivers/fsl_spi.o
 .text.SPI_WriteConfigFlags
                0x0000000000000f8c       0x2c ./drivers/fsl_spi.o
 .text.SPI_SendTransfer
                0x0000000000000fb8       0xc0 ./drivers/fsl_spi.o
 .text.SPI_GetInstance
                0x0000000000001078       0x5c ./drivers/fsl_spi.o
                0x0000000000001078                SPI_GetInstance
 .text.SPI_SetDummyData
                0x00000000000010d4       0x34 ./drivers/fsl_spi.o
                0x00000000000010d4                SPI_SetDummyData
 .text.SPI_SetTransferDelay
                0x0000000000001108       0x58 ./drivers/fsl_spi.o
                0x0000000000001108                SPI_SetTransferDelay
 .text.SPI_MasterInit
                0x0000000000001160      0x114 ./drivers/fsl_spi.o
                0x0000000000001160                SPI_MasterInit
 .text.SPI_MasterSetBaudRate
                0x0000000000001274       0x70 ./drivers/fsl_spi.o
                0x0000000000001274                SPI_MasterSetBaudRate
 .text.SPI_MasterTransferCreateHandle
                0x00000000000012e4       0x8c ./drivers/fsl_spi.o
                0x00000000000012e4                SPI_MasterTransferCreateHandle
 .text.SPI_MasterTransferNonBlocking
                0x0000000000001370      0x1f0 ./drivers/fsl_spi.o
                0x0000000000001370                SPI_MasterTransferNonBlocking
 .text.SPI_MasterTransferHandleIRQ
                0x0000000000001560       0xa4 ./drivers/fsl_spi.o
                0x0000000000001560                SPI_MasterTransferHandleIRQ
 .text.SPI_CommonIRQHandler
                0x0000000000001604       0x40 ./drivers/fsl_spi.o
 .text.SPI0_DriverIRQHandler
                0x0000000000001644       0x34 ./drivers/fsl_spi.o
                0x0000000000001644                SPI0_DriverIRQHandler
 .text.SWM_SetMovablePinSelect
                0x0000000000001678       0x98 ./drivers/fsl_swm.o
                0x0000000000001678                SWM_SetMovablePinSelect
 .text.CLOCK_EnableClock
                0x0000000000001710       0x54 ./drivers/fsl_usart.o
 .text.USART_EnableContinuousSCLK
                0x0000000000001764       0x40 ./drivers/fsl_usart.o
 .text.USART_GetInstance
                0x00000000000017a4       0x4c ./drivers/fsl_usart.o
                0x00000000000017a4                USART_GetInstance
 .text.USART_Init
                0x00000000000017f0      0x12c ./drivers/fsl_usart.o
                0x00000000000017f0                USART_Init
 .text.USART_GetDefaultConfig
                0x000000000000191c       0x74 ./drivers/fsl_usart.o
                0x000000000000191c                USART_GetDefaultConfig
 .text.USART_SetBaudRate
                0x0000000000001990      0x148 ./drivers/fsl_usart.o
                0x0000000000001990                USART_SetBaudRate
 .text.USART_WriteBlocking
                0x0000000000001ad8       0x64 ./drivers/fsl_usart.o
                0x0000000000001ad8                USART_WriteBlocking
 .text.USART_ReadBlocking
                0x0000000000001b3c       0xc0 ./drivers/fsl_usart.o
                0x0000000000001b3c                USART_ReadBlocking
 .text.USART0_DriverIRQHandler
                0x0000000000001bfc       0x24 ./drivers/fsl_usart.o
                0x0000000000001bfc                USART0_DriverIRQHandler
 .text.USART1_DriverIRQHandler
                0x0000000000001c20       0x24 ./drivers/fsl_usart.o
                0x0000000000001c20                USART1_DriverIRQHandler
 .text.SystemInit
                0x0000000000001c44       0x2c ./device/system_LPC804.o
                0x0000000000001c44                SystemInit
 .text.HAL_UartGetStatus
                0x0000000000001c70       0x20 ./component/uart/fsl_adapter_miniusart.o
 .text.HAL_UartInit
                0x0000000000001c90      0x11c ./component/uart/fsl_adapter_miniusart.o
                0x0000000000001c90                HAL_UartInit
 .text.HAL_UartReceiveBlocking
                0x0000000000001dac       0x78 ./component/uart/fsl_adapter_miniusart.o
                0x0000000000001dac                HAL_UartReceiveBlocking
 .text.HAL_UartSendBlocking
                0x0000000000001e24       0x6c ./component/uart/fsl_adapter_miniusart.o
                0x0000000000001e24                HAL_UartSendBlocking
 .text.CLOCK_Select
                0x0000000000001e90       0x38 ./board/board.o
 .text.BOARD_InitDebugConsole
                0x0000000000001ec8       0x4c ./board/board.o
                0x0000000000001ec8                BOARD_InitDebugConsole
 .text.CLOCK_Select
                0x0000000000001f14       0x38 ./board/clock_config.o
 .text.CLOCK_SetCoreSysClkDiv
                0x0000000000001f4c       0x3c ./board/clock_config.o
 .text.POWER_DisablePD
                0x0000000000001f88       0x2c ./board/clock_config.o
 .text.BOARD_BootClockFRO18M
                0x0000000000001fb4       0x74 ./board/clock_config.o
                0x0000000000001fb4                BOARD_BootClockFRO18M
 .text.__NVIC_EnableIRQ
                0x0000000000002028       0x34 ./board/peripherals.o
 .text.CTIMER_EnableInterrupts
                0x000000000000205c       0x38 ./board/peripherals.o
 .text.SPI0_init
                0x0000000000002094       0x34 ./board/peripherals.o
 .text.CTIMER0_init
                0x00000000000020c8       0x68 ./board/peripherals.o
 .text.CLOCK_EnableClock
                0x0000000000002130       0x54 ./board/pin_mux.o
 .text.CLOCK_DisableClock
                0x0000000000002184       0x58 ./board/pin_mux.o
 .text.BOARD_InitDEBUG_UARTPins
                0x00000000000021dc       0x60 ./board/pin_mux.o
                0x00000000000021dc                BOARD_InitDEBUG_UARTPins
 .text.BOARD_InitISPIPins
                0x000000000000223c       0x4c ./board/pin_mux.o
                0x000000000000223c                BOARD_InitISPIPins
 .text.MotorA   0x0000000000002288       0x94 ./board/pin_mux.o
                0x0000000000002288                MotorA
 .text.Servo    0x000000000000231c       0x7c ./board/pin_mux.o
                0x000000000000231c                Servo
 .text._initio  0x0000000000002398       0x7c /usr/local/mcuxpressoide-11.8.0_1165/ide/plugins/com.nxp.mcuxpresso.tools.linux_11.8.0.202306131047/tools/bin/../lib/gcc/arm-none-eabi/12.2.1/../../../../arm-none-eabi/lib/thumb/v6-m/nofp/libcr_c.a(initio.o)
                0x0000000000002398                _initio
 .text.setvbuf  0x0000000000002414       0x4c /usr/local/mcuxpressoide-11.8.0_1165/ide/plugins/com.nxp.mcuxpresso.tools.linux_11.8.0.202306131047/tools/bin/../lib/gcc/arm-none-eabi/12.2.1/../../../../arm-none-eabi/lib/thumb/v6-m/nofp/libcr_c.a(setvbuf.o)
                0x0000000000002414                setvbuf
 .text.strlen   0x0000000000002460       0x5c /usr/local/mcuxpressoide-11.8.0_1165/ide/plugins/com.nxp.mcuxpresso.tools.linux_11.8.0.202306131047/tools/bin/../lib/gcc/arm-none-eabi/12.2.1/../../../../arm-none-eabi/lib/thumb/v6-m/nofp/libcr_c.a(strlen.o)
                0x0000000000002460                strlen
 .text._deferredlazyseek
                0x00000000000024bc       0x40 /usr/local/mcuxpressoide-11.8.0_1165/ide/plugins/com.nxp.mcuxpresso.tools.linux_11.8.0.202306131047/tools/bin/../lib/gcc/arm-none-eabi/12.2.1/../../../../arm-none-eabi/lib/thumb/v6-m/nofp/libcr_c.a(_deferredlazyseek.o)
                0x00000000000024bc                _deferredlazyseek
 .text._fdopen  0x00000000000024fc       0x74 /usr/local/mcuxpressoide-11.8.0_1165/ide/plugins/com.nxp.mcuxpresso.tools.linux_11.8.0.202306131047/tools/bin/../lib/gcc/arm-none-eabi/12.2.1/../../../../arm-none-eabi/lib/thumb/v6-m/nofp/libcr_c.a(_fdopen.o)
                0x00000000000024fc                _fdopen
 .text._fflush  0x0000000000002570       0x5c /usr/local/mcuxpressoide-11.8.0_1165/ide/plugins/com.nxp.mcuxpresso.tools.linux_11.8.0.202306131047/tools/bin/../lib/gcc/arm-none-eabi/12.2.1/../../../../arm-none-eabi/lib/thumb/v6-m/nofp/libcr_c.a(_fflush.o)
                0x0000000000002570                _fflush
 .text._Cwritebuf
                0x00000000000025cc       0x68 /usr/local/mcuxpressoide-11.8.0_1165/ide/plugins/com.nxp.mcuxpresso.tools.linux_11.8.0.202306131047/tools/bin/../lib/gcc/arm-none-eabi/12.2.1/../../../../arm-none-eabi/lib/thumb/v6-m/nofp/libcr_c.a(_writebuf.o)
                0x00000000000025cc                _Cwritebuf
 .text.fclose   0x0000000000002634       0x5c /usr/local/mcuxpressoide-11.8.0_1165/ide/plugins/com.nxp.mcuxpresso.tools.linux_11.8.0.202306131047/tools/bin/../lib/gcc/arm-none-eabi/12.2.1/../../../../arm-none-eabi/lib/thumb/v6-m/nofp/libcr_c.a(fclose.o)
                0x0000000000002634                fclose
 .text.fflush   0x0000000000002690       0x40 /usr/local/mcuxpressoide-11.8.0_1165/ide/plugins/com.nxp.mcuxpresso.tools.linux_11.8.0.202306131047/tools/bin/../lib/gcc/arm-none-eabi/12.2.1/../../../../arm-none-eabi/lib/thumb/v6-m/nofp/libcr_c.a(fflush.o)
                0x0000000000002690                fflush
 .text.fseek    0x00000000000026d0       0xec /usr/local/mcuxpressoide-11.8.0_1165/ide/plugins/com.nxp.mcuxpresso.tools.linux_11.8.0.202306131047/tools/bin/../lib/gcc/arm-none-eabi/12.2.1/../../../../arm-none-eabi/lib/thumb/v6-m/nofp/libcr_c.a(fseek.o)
                0x00000000000026d0                fseek
 .text.ftell    0x00000000000027bc       0x4c /usr/local/mcuxpressoide-11.8.0_1165/ide/plugins/com.nxp.mcuxpresso.tools.linux_11.8.0.202306131047/tools/bin/../lib/gcc/arm-none-eabi/12.2.1/../../../../arm-none-eabi/lib/thumb/v6-m/nofp/libcr_c.a(ftell.o)
                0x00000000000027bc                ftell
 .text._do_fflush
                0x0000000000002808       0x48 /usr/local/mcuxpressoide-11.8.0_1165/ide/plugins/com.nxp.mcuxpresso.tools.linux_11.8.0.202306131047/tools/bin/../lib/gcc/arm-none-eabi/12.2.1/../../../../arm-none-eabi/lib/thumb/v6-m/nofp/libcr_c.a(_do_fflush.o)
                0x0000000000002808                _do_fflush
 .text.DbgConsole_Printf
                0x0000000000002850       0x32 ./utilities/fsl_debug_console.o
                0x0000000000002850                DbgConsole_Printf
 .text.DbgConsole_PrintfPaddingCharacter
                0x0000000000002882       0x48 ./utilities/fsl_debug_console.o
 .text.DbgConsole_ConvertRadixNumToString
                0x00000000000028ca       0xc2 ./utilities/fsl_debug_console.o
 .text.DbgConsole_PrintfFormattedData
                0x000000000000298c      0x3da ./utilities/fsl_debug_console.o
 .text.GPIO_PinWrite
                0x0000000000002d66       0x30 ./source/Pad2.o
 .text.mapSpeedValue
                0x0000000000002d96       0x62 ./source/Pad2.o
                0x0000000000002d96                mapSpeedValue
 .text.SysTick_Handler
                0x0000000000002df8        0xe ./source/Pad2.o
                0x0000000000002df8                SysTick_Handler
 .text.CLOCK_GetFRGInputClkFreq
                0x0000000000002e06       0x42 ./drivers/fsl_clock.o
 .text.EnableIRQ
                0x0000000000002e48       0x36 ./drivers/fsl_ctimer.o
 .text.CTIMER_GetStatusFlags
                0x0000000000002e7e       0x14 ./drivers/fsl_ctimer.o
 .text.CTIMER_ClearStatusFlags
                0x0000000000002e92       0x18 ./drivers/fsl_ctimer.o
 .text.CTIMER_SetupPwmPeriod
                0x0000000000002eaa      0x102 ./drivers/fsl_ctimer.o
                0x0000000000002eaa                CTIMER_SetupPwmPeriod
 .text.CTIMER_UpdatePwmDutycycle
                0x0000000000002fac       0x70 ./drivers/fsl_ctimer.o
                0x0000000000002fac                CTIMER_UpdatePwmDutycycle
 .text.CTIMER0_DriverIRQHandler
                0x000000000000301c       0x10 ./drivers/fsl_ctimer.o
                0x000000000000301c                CTIMER0_DriverIRQHandler
 .text.GPIO_PinInit
                0x000000000000302c       0xc0 ./drivers/fsl_gpio.o
                0x000000000000302c                GPIO_PinInit
 .text.RESET_PeripheralReset
                0x00000000000030ec       0x20 ./drivers/fsl_reset.o
                0x00000000000030ec                RESET_PeripheralReset
 .text.EnableIRQ
                0x000000000000310c       0x36 ./drivers/fsl_spi.o
 .text.SPI_Enable
                0x0000000000003142       0x3a ./drivers/fsl_spi.o
 .text.SPI_IsMaster
                0x000000000000317c       0x1e ./drivers/fsl_spi.o
 .text.SPI_WriteData
                0x000000000000319a       0x1e ./drivers/fsl_spi.o
 .text.SPI_ReadData
                0x00000000000031b8       0x18 ./drivers/fsl_spi.o
 .text.SPI_ReceiveTransfer
                0x00000000000031d0       0x7a ./drivers/fsl_spi.o
 .text.USART_EnableTx
                0x000000000000324a       0x46 ./drivers/fsl_usart.o
 .text.USART_EnableRx
                0x0000000000003290       0x44 ./drivers/fsl_usart.o
 .text.SystemInitHook
                0x00000000000032d4        0xa ./device/system_LPC804.o
                0x00000000000032d4                SystemInitHook
 .text.BOARD_InitBootClocks
                0x00000000000032de        0xe ./board/clock_config.o
                0x00000000000032de                BOARD_InitBootClocks
 .text.EnableIRQ
                0x00000000000032ec       0x36 ./board/peripherals.o
 .text.CTIMER_StartTimer
                0x0000000000003322       0x1c ./board/peripherals.o
 .text.BOARD_InitPeripherals
                0x000000000000333e       0x12 ./board/peripherals.o
                0x000000000000333e                BOARD_InitPeripherals
 .text.BOARD_InitBootPeripherals
                0x0000000000003350        0xe ./board/peripherals.o
                0x0000000000003350                BOARD_InitBootPeripherals
 .text.IOCON_PinMuxSet
                0x000000000000335e       0x26 ./board/pin_mux.o
 .text.BOARD_InitBootPins
                0x0000000000003384       0x1a ./board/pin_mux.o
                0x0000000000003384                BOARD_InitBootPins
 .text.__main   0x000000000000339e        0xc /usr/local/mcuxpressoide-11.8.0_1165/ide/plugins/com.nxp.mcuxpresso.tools.linux_11.8.0.202306131047/tools/bin/../lib/gcc/arm-none-eabi/12.2.1/../../../../arm-none-eabi/lib/thumb/v6-m/nofp/libcr_nohost_nf.a(_cr__main.o)
                0x000000000000339e                __main
 .text.memcpy   0x00000000000033aa        0x8 /usr/local/mcuxpressoide-11.8.0_1165/ide/plugins/com.nxp.mcuxpresso.tools.linux_11.8.0.202306131047/tools/bin/../lib/gcc/arm-none-eabi/12.2.1/../../../../arm-none-eabi/lib/thumb/v6-m/nofp/libcr_c.a(memcpy.o)
                0x00000000000033aa                memcpy
 .text.memset   0x00000000000033b2        0x8 /usr/local/mcuxpressoide-11.8.0_1165/ide/plugins/com.nxp.mcuxpresso.tools.linux_11.8.0.202306131047/tools/bin/../lib/gcc/arm-none-eabi/12.2.1/../../../../arm-none-eabi/lib/thumb/v6-m/nofp/libcr_c.a(memset.o)
                0x00000000000033b2                memset
 .text.free     0x00000000000033ba       0x2c /usr/local/mcuxpressoide-11.8.0_1165/ide/plugins/com.nxp.mcuxpresso.tools.linux_11.8.0.202306131047/tools/bin/../lib/gcc/arm-none-eabi/12.2.1/../../../../arm-none-eabi/lib/thumb/v6-m/nofp/libcr_c.a(alloc.o)
                0x00000000000033ba                free
 .text.abs      0x00000000000033e6        0x8 /usr/local/mcuxpressoide-11.8.0_1165/ide/plugins/com.nxp.mcuxpresso.tools.linux_11.8.0.202306131047/tools/bin/../lib/gcc/arm-none-eabi/12.2.1/../../../../arm-none-eabi/lib/thumb/v6-m/nofp/libcr_c.a(stdlib.o)
                0x00000000000033e6                abs
 .text.remove   0x00000000000033ee       0x12 /usr/local/mcuxpressoide-11.8.0_1165/ide/plugins/com.nxp.mcuxpresso.tools.linux_11.8.0.202306131047/tools/bin/../lib/gcc/arm-none-eabi/12.2.1/../../../../arm-none-eabi/lib/thumb/v6-m/nofp/libcr_c.a(remove.o)
                0x00000000000033ee                remove
 .text.__aeabi_division_idivmod
                0x0000000000003400       0x78 /usr/local/mcuxpressoide-11.8.0_1165/ide/plugins/com.nxp.mcuxpresso.tools.linux_11.8.0.202306131047/tools/bin/../lib/gcc/arm-none-eabi/12.2.1/thumb/v6-m/nofp/libcr_eabihelpers.a(division_32.o)
                0x0000000000003400                __aeabi_idiv
                0x0000000000003400                __aeabi_idivmod
                0x0000000000003406                __aeabi_uidiv
                0x0000000000003406                __aeabi_uidivmod
 .text.__aeabi_division_uldivmod
                0x0000000000003478       0x5a /usr/local/mcuxpressoide-11.8.0_1165/ide/plugins/com.nxp.mcuxpresso.tools.linux_11.8.0.202306131047/tools/bin/../lib/gcc/arm-none-eabi/12.2.1/thumb/v6-m/nofp/libcr_eabihelpers.a(division_64.o)
                0x0000000000003478                __aeabi_uldivmod
 .text.__aeabi_division_idiv0
                0x00000000000034d2        0x2 /usr/local/mcuxpressoide-11.8.0_1165/ide/plugins/com.nxp.mcuxpresso.tools.linux_11.8.0.202306131047/tools/bin/../lib/gcc/arm-none-eabi/12.2.1/thumb/v6-m/nofp/libcr_eabihelpers.a(division_idiv0.o)
                0x00000000000034d2                __aeabi_idiv0
 .text.__aeabi_memcpy
                0x00000000000034d4       0x2c /usr/local/mcuxpressoide-11.8.0_1165/ide/plugins/com.nxp.mcuxpresso.tools.linux_11.8.0.202306131047/tools/bin/../lib/gcc/arm-none-eabi/12.2.1/thumb/v6-m/nofp/libcr_eabihelpers.a(memcpy.o)
                0x00000000000034d4                __aeabi_memcpy
                0x00000000000034d4                __aeabi_memcpy4
                0x00000000000034d4                __aeabi_memcpy8
 .text.__aeabi_memset_lowlevel
                0x0000000000003500       0x2a /usr/local/mcuxpressoide-11.8.0_1165/ide/plugins/com.nxp.mcuxpresso.tools.linux_11.8.0.202306131047/tools/bin/../lib/gcc/arm-none-eabi/12.2.1/thumb/v6-m/nofp/libcr_eabihelpers.a(memcpy.o)
                0x0000000000003500                __aeabi_lowlevel_memset
 .text.__sys_close
                0x000000000000352a        0x6 /usr/local/mcuxpressoide-11.8.0_1165/ide/plugins/com.nxp.mcuxpresso.tools.linux_11.8.0.202306131047/tools/bin/../lib/gcc/arm-none-eabi/12.2.1/../../../../arm-none-eabi/lib/thumb/v6-m/nofp/libcr_nohost_nf.a(__sys_close.o)
                0x000000000000352a                __sys_close
 .text.__sys_flen
                0x0000000000003530        0x6 /usr/local/mcuxpressoide-11.8.0_1165/ide/plugins/com.nxp.mcuxpresso.tools.linux_11.8.0.202306131047/tools/bin/../lib/gcc/arm-none-eabi/12.2.1/../../../../arm-none-eabi/lib/thumb/v6-m/nofp/libcr_nohost_nf.a(__sys_flen.o)
                0x0000000000003530                __sys_flen
 .text.__sys_istty
                0x0000000000003536        0x6 /usr/local/mcuxpressoide-11.8.0_1165/ide/plugins/com.nxp.mcuxpresso.tools.linux_11.8.0.202306131047/tools/bin/../lib/gcc/arm-none-eabi/12.2.1/../../../../arm-none-eabi/lib/thumb/v6-m/nofp/libcr_nohost_nf.a(__sys_istty.o)
                0x0000000000003536                __sys_istty
 .text.__sys_remove
                0x000000000000353c        0x6 /usr/local/mcuxpressoide-11.8.0_1165/ide/plugins/com.nxp.mcuxpresso.tools.linux_11.8.0.202306131047/tools/bin/../lib/gcc/arm-none-eabi/12.2.1/../../../../arm-none-eabi/lib/thumb/v6-m/nofp/libcr_nohost_nf.a(__sys_remove.o)
                0x000000000000353c                __sys_remove
 .text.__sys_seek
                0x0000000000003542        0x6 /usr/local/mcuxpressoide-11.8.0_1165/ide/plugins/com.nxp.mcuxpresso.tools.linux_11.8.0.202306131047/tools/bin/../lib/gcc/arm-none-eabi/12.2.1/../../../../arm-none-eabi/lib/thumb/v6-m/nofp/libcr_nohost_nf.a(__sys_seek.o)
                0x0000000000003542                __sys_seek
 .text.__sys_tmpnam
                0x0000000000003548        0x6 /usr/local/mcuxpressoide-11.8.0_1165/ide/plugins/com.nxp.mcuxpresso.tools.linux_11.8.0.202306131047/tools/bin/../lib/gcc/arm-none-eabi/12.2.1/../../../../arm-none-eabi/lib/thumb/v6-m/nofp/libcr_nohost_nf.a(__sys_tmpnam.o)
                0x0000000000003548                __sys_tmpnam
 .text.__sys_write
                0x000000000000354e        0x4 /usr/local/mcuxpressoide-11.8.0_1165/ide/plugins/com.nxp.mcuxpresso.tools.linux_11.8.0.202306131047/tools/bin/../lib/gcc/arm-none-eabi/12.2.1/../../../../arm-none-eabi/lib/thumb/v6-m/nofp/libcr_nohost_nf.a(__sys_write.o)
                0x000000000000354e                __sys_write
 *(SORT_BY_ALIGNMENT(.rodata) SORT_BY_ALIGNMENT(.rodata.*) SORT_BY_ALIGNMENT(.constdata) SORT_BY_ALIGNMENT(.constdata.*))
 *fill*         0x0000000000003552        0x2 ff
 .rodata.__assertion_failed.str1.4
                0x0000000000003554       0x14 ./utilities/fsl_assert.o
 .rodata.cbTimer.str1.4
                0x0000000000003568        0xf ./source/Pad2.o
 *fill*         0x0000000000003577        0x1 ff
 .rodata.readingController.str1.4
                0x0000000000003578        0x4 ./source/Pad2.o
 .rodata.main.str1.4
                0x000000000000357c        0x8 ./source/Pad2.o
 .rodata.CLOCK_SetFRGClkFreq.str1.4
                0x0000000000003584       0x16 ./drivers/fsl_clock.o
 *fill*         0x000000000000359a        0x2 ff
 .rodata.CLOCK_UpdateClkSrc.str1.4
                0x000000000000359c       0x16 ./drivers/fsl_clock.o
 *fill*         0x00000000000035b2        0x2 ff
 .rodata.CLOCK_GetMainClkFreq.str1.4
                0x00000000000035b4       0x18 ./drivers/fsl_clock.o
 .rodata.CTIMER_GetInstance.str1.4
                0x00000000000035cc       0x2e ./drivers/fsl_ctimer.o
 *fill*         0x00000000000035fa        0x2 ff
 .rodata.CTIMER_Init.str1.4
                0x00000000000035fc       0x22 ./drivers/fsl_ctimer.o
 *fill*         0x000000000000361e        0x2 ff
 .rodata.GPIO_EnablePortClock.str1.4
                0x0000000000003620       0x33 ./drivers/fsl_gpio.o
 *fill*         0x0000000000003653        0x1 ff
 .rodata.RESET_SetPeripheralReset.str1.4
                0x0000000000003654       0x1f ./drivers/fsl_reset.o
 *fill*         0x0000000000003673        0x1 ff
 .rodata.RESET_ClearPeripheralReset.str1.4
                0x0000000000003674       0x1f ./drivers/fsl_reset.o
 *fill*         0x0000000000003693        0x1 ff
 .rodata.SPI_GetStatusFlags.str1.4
                0x0000000000003694       0x1d ./drivers/fsl_spi.o
 *fill*         0x00000000000036b1        0x3 ff
 .rodata.SPI_EnableInterrupts.str1.4
                0x00000000000036b4       0x1d ./drivers/fsl_spi.o
 *fill*         0x00000000000036d1        0x3 ff
 .rodata.SPI_DisableInterrupts.str1.4
                0x00000000000036d4       0x1d ./drivers/fsl_spi.o
 *fill*         0x00000000000036f1        0x3 ff
 .rodata.SPI_GetInstance.str1.4
                0x00000000000036f4       0x58 ./drivers/fsl_spi.o
 .rodata.SPI_SetTransferDelay.str1.4
                0x000000000000374c       0x1f ./drivers/fsl_spi.o
 *fill*         0x000000000000376b        0x1 ff
 .rodata.SPI_MasterInit.str1.4
                0x000000000000376c       0x4d ./drivers/fsl_spi.o
 *fill*         0x00000000000037b9        0x3 ff
 .rodata.SPI_MasterSetBaudRate.str1.4
                0x00000000000037bc       0x51 ./drivers/fsl_spi.o
 *fill*         0x000000000000380d        0x3 ff
 .rodata.SPI_MasterTransferCreateHandle.str1.4
                0x0000000000003810       0x33 ./drivers/fsl_spi.o
 *fill*         0x0000000000003843        0x1 ff
 .rodata.SPI_MasterTransferNonBlocking.str1.4
                0x0000000000003844       0x7e ./drivers/fsl_spi.o
 *fill*         0x00000000000038c2        0x2 ff
 .rodata.SPI_MasterTransferHandleIRQ.str1.4
                0x00000000000038c4       0x33 ./drivers/fsl_spi.o
 *fill*         0x00000000000038f7        0x1 ff
 .rodata.SPI0_DriverIRQHandler.str1.4
                0x00000000000038f8       0x27 ./drivers/fsl_spi.o
 *fill*         0x000000000000391f        0x1 ff
 .rodata.SWM_SetMovablePinSelect.str1.4
                0x0000000000003920       0x49 ./drivers/fsl_swm.o
 *fill*         0x0000000000003969        0x3 ff
 .rodata.s_usartBaseAddrs
                0x000000000000396c        0x8 ./drivers/fsl_usart.o
 .rodata.s_usartClock
                0x0000000000003974        0x4 ./drivers/fsl_usart.o
 .rodata.s_usartRest
                0x0000000000003978        0x8 ./drivers/fsl_usart.o
 .rodata.USART_GetInstance.str1.4
                0x0000000000003980       0x3b ./drivers/fsl_usart.o
 *fill*         0x00000000000039bb        0x1 ff
 .rodata.USART_Init.str1.4
                0x00000000000039bc       0x4f ./drivers/fsl_usart.o
 *fill*         0x0000000000003a0b        0x1 ff
 .rodata.USART_GetDefaultConfig.str1.4
                0x0000000000003a0c       0x21 ./drivers/fsl_usart.o
 *fill*         0x0000000000003a2d        0x3 ff
 .rodata.USART_SetBaudRate.str1.4
                0x0000000000003a30       0x8f ./drivers/fsl_usart.o
 *fill*         0x0000000000003abf        0x1 ff
 .rodata.USART_WriteBlocking.str1.4
                0x0000000000003ac0       0x36 ./drivers/fsl_usart.o
 *fill*         0x0000000000003af6        0x2 ff
 .rodata.USART_ReadBlocking.str1.4
                0x0000000000003af8       0x36 ./drivers/fsl_usart.o
 *fill*         0x0000000000003b2e        0x2 ff
 .rodata.s_UsartAdapterBase
                0x0000000000003b30        0x8 ./component/uart/fsl_adapter_miniusart.o
 .rodata.HAL_UartInit.str1.4
                0x0000000000003b38       0xfb ./component/uart/fsl_adapter_miniusart.o
 *fill*         0x0000000000003c33        0x1 ff
 .rodata.HAL_UartReceiveBlocking.str1.4
                0x0000000000003c34       0x71 ./component/uart/fsl_adapter_miniusart.o
 *fill*         0x0000000000003ca5        0x3 ff
 .rodata.HAL_UartSendBlocking.str1.4
                0x0000000000003ca8       0x71 ./component/uart/fsl_adapter_miniusart.o
 *fill*         0x0000000000003d19        0x3 ff
 .rodata.BOARD_InitDebugConsole.str1.4
                0x0000000000003d1c       0x27 ./board/board.o
 *fill*         0x0000000000003d43        0x1 ff
 .rodata.CLOCK_SetCoreSysClkDiv.str1.4
                0x0000000000003d44       0x65 ./board/clock_config.o
 *fill*         0x0000000000003da9        0x3 ff
 .rodata.SPI0_config
                0x0000000000003dac       0x18 ./board/peripherals.o
                0x0000000000003dac                SPI0_config
 .rodata.CTIMER0_config
                0x0000000000003dc4        0x8 ./board/peripherals.o
                0x0000000000003dc4                CTIMER0_config
 .rodata.__num_Ciob_streams
                0x0000000000003dcc        0x4 /usr/local/mcuxpressoide-11.8.0_1165/ide/plugins/com.nxp.mcuxpresso.tools.linux_11.8.0.202306131047/tools/bin/../lib/gcc/arm-none-eabi/12.2.1/../../../../arm-none-eabi/lib/thumb/v6-m/nofp/libcr_nohost_nf.a(__ciob.o)
                0x0000000000003dcc                __num_Ciob_streams
 .rodata._initio.str1.1
                0x0000000000003dd0        0x4 /usr/local/mcuxpressoide-11.8.0_1165/ide/plugins/com.nxp.mcuxpresso.tools.linux_11.8.0.202306131047/tools/bin/../lib/gcc/arm-none-eabi/12.2.1/../../../../arm-none-eabi/lib/thumb/v6-m/nofp/libcr_c.a(initio.o)
                0x0000000000003dd4                . = ALIGN (0x4)

.glue_7         0x0000000000003dd4        0x0
 .glue_7        0x0000000000003dd4        0x0 linker stubs

.glue_7t        0x0000000000003dd4        0x0
 .glue_7t       0x0000000000003dd4        0x0 linker stubs

.vfp11_veneer   0x0000000000003dd4        0x0
 .vfp11_veneer  0x0000000000003dd4        0x0 linker stubs

.v4_bx          0x0000000000003dd4        0x0
 .v4_bx         0x0000000000003dd4        0x0 linker stubs

.iplt           0x0000000000003dd4        0x0
 .iplt          0x0000000000003dd4        0x0 ./utilities/fsl_assert.o

.rel.dyn        0x0000000000003dd4        0x0
 .rel.iplt      0x0000000000003dd4        0x0 ./utilities/fsl_assert.o

.ARM.extab
 *(SORT_BY_ALIGNMENT(.ARM.extab*) SORT_BY_ALIGNMENT(.gnu.linkonce.armextab.*))

.ARM.exidx      0x0000000000003dd4        0x0
                0x0000000000003dd4                __exidx_start = .
 *(SORT_BY_ALIGNMENT(.ARM.exidx*) SORT_BY_ALIGNMENT(.gnu.linkonce.armexidx.*))
                0x0000000000003dd4                __exidx_end = .
                0x0000000000003dd4                _etext = .

.data_RAM2      0x0000000010000fe0        0x0 load address 0x0000000000003dd4
 FILL mask 0xff
                [!provide]                        PROVIDE (__start_data_RAM2 = .)
                [!provide]                        PROVIDE (__start_data_IAP_SRAM = .)
 *(SORT_BY_ALIGNMENT(.ramfunc.$RAM2))
 *(SORT_BY_ALIGNMENT(.ramfunc.$IAP_SRAM))
 *(SORT_BY_ALIGNMENT(.data.$RAM2))
 *(SORT_BY_ALIGNMENT(.data.$IAP_SRAM))
 *(SORT_BY_ALIGNMENT(.data.$RAM2.*))
 *(SORT_BY_ALIGNMENT(.data.$IAP_SRAM.*))
                0x0000000010000fe0                . = ALIGN (0x4)
                [!provide]                        PROVIDE (__end_data_RAM2 = .)
                [!provide]                        PROVIDE (__end_data_IAP_SRAM = .)

.uninit_RESERVED
                0x0000000010000000        0x0
                0x0000000010000000                _start_uninit_RESERVED = .
 *(SORT_BY_ALIGNMENT(.bss.$RESERVED*))
                0x0000000010000000                . = ALIGN (0x4)
                0x0000000010000000                _end_uninit_RESERVED = .

.data           0x0000000010000000       0x1c load address 0x0000000000003dd4
 FILL mask 0xff
                0x0000000010000000                _data = .
                [!provide]                        PROVIDE (__start_data_RAM = .)
                [!provide]                        PROVIDE (__start_data_SRAM = .)
 *(SORT_BY_ALIGNMENT(vtable))
 *(SORT_BY_ALIGNMENT(.ramfunc*))
 *(SORT_BY_ALIGNMENT(CodeQuickAccess))
 *(SORT_BY_ALIGNMENT(DataQuickAccess))
 *(SORT_BY_ALIGNMENT(RamFunction))
 *(SORT_BY_ALIGNMENT(.data*))
 .data.g_LP_Osc_Freq
                0x0000000010000000        0x4 ./drivers/fsl_clock.o
                0x0000000010000000                g_LP_Osc_Freq
 .data.SystemCoreClock
                0x0000000010000004        0x4 ./device/system_LPC804.o
                0x0000000010000004                SystemCoreClock
 .data.SPI0_transfer
                0x0000000010000008       0x10 ./board/peripherals.o
                0x0000000010000008                SPI0_transfer
 .data.CTIMER0_callback
                0x0000000010000018        0x4 ./board/peripherals.o
                0x0000000010000018                CTIMER0_callback
                0x000000001000001c                . = ALIGN (0x4)
                0x000000001000001c                _edata = .
                [!provide]                        PROVIDE (__end_data_RAM = .)
                [!provide]                        PROVIDE (__end_data_SRAM = .)

.igot.plt       0x000000001000001c        0x0 load address 0x0000000000003df0
 .igot.plt      0x000000001000001c        0x0 ./utilities/fsl_assert.o

.bss_RAM2       0x0000000010000fe0        0x0
                [!provide]                        PROVIDE (__start_bss_RAM2 = .)
                [!provide]                        PROVIDE (__start_bss_IAP_SRAM = .)
 *(SORT_BY_ALIGNMENT(.bss.$RAM2))
 *(SORT_BY_ALIGNMENT(.bss.$IAP_SRAM))
 *(SORT_BY_ALIGNMENT(.bss.$RAM2.*))
 *(SORT_BY_ALIGNMENT(.bss.$IAP_SRAM.*))
                0x0000000010000fe0                . = ALIGN ((. != 0x0)?0x4:0x1)
                [!provide]                        PROVIDE (__end_bss_RAM2 = .)
                [!provide]                        PROVIDE (__end_bss_IAP_SRAM = .)

.bss            0x000000001000001c      0x14c
                0x000000001000001c                _bss = .
                [!provide]                        PROVIDE (__start_bss_RAM = .)
                [!provide]                        PROVIDE (__start_bss_SRAM = .)
 *(SORT_BY_ALIGNMENT(.bss*))
 .bss.s_debugConsole
                0x000000001000001c       0x14 ./utilities/fsl_debug_console.o
 .bss.g_Ext_Clk_Freq
                0x0000000010000030        0x4 ./drivers/fsl_clock.o
                0x0000000010000030                g_Ext_Clk_Freq
 .bss.g_Fro_Osc_Freq
                0x0000000010000034        0x4 ./drivers/fsl_clock.o
                0x0000000010000034                g_Fro_Osc_Freq
 .bss.s_ctimerCallback
                0x0000000010000038        0x4 ./drivers/fsl_ctimer.o
 .bss.ctimerCallbackType
                0x000000001000003c        0x1 ./drivers/fsl_ctimer.o
 *fill*         0x000000001000003d        0x3 
 .bss.s_i2cHandle
                0x0000000010000040        0x8 ./drivers/fsl_i2c.o
 .bss.s_i2cMasterIsr
                0x0000000010000048        0x4 ./drivers/fsl_i2c.o
 .bss.s_i2cSlaveIsr
                0x000000001000004c        0x4 ./drivers/fsl_i2c.o
 .bss.s_spiHandle
                0x0000000010000050        0x4 ./drivers/fsl_spi.o
 .bss.s_spiMasterIsr
                0x0000000010000054        0x4 ./drivers/fsl_spi.o
 .bss.s_spiSlaveIsr
                0x0000000010000058        0x4 ./drivers/fsl_spi.o
 .bss.s_dummyData
                0x000000001000005c        0x2 ./drivers/fsl_spi.o
                0x000000001000005c                s_dummyData
 *fill*         0x000000001000005e        0x2 
 .bss.s_usartHandle
                0x0000000010000060        0x8 ./drivers/fsl_usart.o
 .bss.s_usartIsr
                0x0000000010000068        0x4 ./drivers/fsl_usart.o
 .bss.SPI0_txBuffer
                0x000000001000006c        0x9 ./board/peripherals.o
                0x000000001000006c                SPI0_txBuffer
 *fill*         0x0000000010000075        0x3 
 .bss.SPI0_rxBuffer
                0x0000000010000078        0x9 ./board/peripherals.o
                0x0000000010000078                SPI0_rxBuffer
 *fill*         0x0000000010000081        0x3 
 .bss.SPI0_handle
                0x0000000010000084       0x28 ./board/peripherals.o
                0x0000000010000084                SPI0_handle
 .bss.errno     0x00000000100000ac        0x4 /usr/local/mcuxpressoide-11.8.0_1165/ide/plugins/com.nxp.mcuxpresso.tools.linux_11.8.0.202306131047/tools/bin/../lib/gcc/arm-none-eabi/12.2.1/../../../../arm-none-eabi/lib/thumb/v6-m/nofp/libcr_c.a(errno.o)
                0x00000000100000ac                errno
 .bss.__Ciob    0x00000000100000b0       0xb4 /usr/local/mcuxpressoide-11.8.0_1165/ide/plugins/com.nxp.mcuxpresso.tools.linux_11.8.0.202306131047/tools/bin/../lib/gcc/arm-none-eabi/12.2.1/../../../../arm-none-eabi/lib/thumb/v6-m/nofp/libcr_nohost_nf.a(__ciob.o)
                0x00000000100000b0                __Ciob
 .bss.joysticAx
                0x0000000010000164        0x1 ./source/Pad2.o
                0x0000000010000164                joysticAx
 .bss.motorApwm
                0x0000000010000165        0x1 ./source/Pad2.o
                0x0000000010000165                motorApwm
 .bss.direction
                0x0000000010000166        0x1 ./source/Pad2.o
                0x0000000010000166                direction
 *(SORT_BY_ALIGNMENT(COMMON))
                0x0000000010000168                . = ALIGN (0x4)
 *fill*         0x0000000010000167        0x1 
                0x0000000010000168                _ebss = .
                [!provide]                        PROVIDE (__end_bss_RAM = .)
                [!provide]                        PROVIDE (__end_bss_SRAM = .)
                [!provide]                        PROVIDE (end = .)

.noinit_RAM2    0x0000000010000fe0        0x0
                [!provide]                        PROVIDE (__start_noinit_RAM2 = .)
                [!provide]                        PROVIDE (__start_noinit_IAP_SRAM = .)
 *(SORT_BY_ALIGNMENT(.noinit.$RAM2))
 *(SORT_BY_ALIGNMENT(.noinit.$IAP_SRAM))
 *(SORT_BY_ALIGNMENT(.noinit.$RAM2.*))
 *(SORT_BY_ALIGNMENT(.noinit.$IAP_SRAM.*))
                0x0000000010000fe0                . = ALIGN (0x4)
                [!provide]                        PROVIDE (__end_noinit_RAM2 = .)
                [!provide]                        PROVIDE (__end_noinit_IAP_SRAM = .)

.noinit         0x0000000010000168        0x0
                0x0000000010000168                _noinit = .
                [!provide]                        PROVIDE (__start_noinit_RAM = .)
                [!provide]                        PROVIDE (__start_noinit_SRAM = .)
 *(SORT_BY_ALIGNMENT(.noinit*))
                0x0000000010000168                . = ALIGN (0x4)
                0x0000000010000168                _end_noinit = .
                [!provide]                        PROVIDE (__end_noinit_RAM = .)
                [!provide]                        PROVIDE (__end_noinit_SRAM = .)
                0x00000000000000f8                _HeapSize = 0xf8

.heap           0x0000000010000168       0xf8
                0x0000000010000168                _pvHeapStart = .
                0x0000000010000260                . = (. + _HeapSize)
 *fill*         0x0000000010000168       0xf8 
                0x0000000010000260                . = ALIGN (0x4)
                0x0000000010000260                _pvHeapLimit = .
                0x00000000000000f8                _StackSize = 0xf8

.heap2stackfill
                0x0000000010000260       0xf8
                0x0000000010000358                . = (. + _StackSize)
 *fill*         0x0000000010000260       0xf8 

.stack          0x0000000010000ee8        0x0
                0x0000000010000ee8                _vStackBase = .
                0x0000000010000ee8                . = ALIGN (0x4)
                0x0000000010000fe0                _vStackTop = (. + _StackSize)
                0xffffffffefffe5d3                PROVIDE (__valid_user_code_checksum = (0x0 - (((_vStackTop + (ResetISR + 0x1)) + (DEFINED (NMI_Handler)?NMI_Handler:M0_NMI_Handler + 0x1)) + (DEFINED (HardFault_Handler)?HardFault_Handler:M0_HardFault_Handler + 0x1))))
                0x0000000000000000                _image_start = LOADADDR (.text)
                0x0000000000003df0                _image_end = (LOADADDR (.data) + SIZEOF (.data))
                0x0000000000003df0                _image_size = (_image_end - _image_start)
OUTPUT(Pad3.axf elf32-littlearm)
LOAD linker stubs

.debug_info     0x0000000000000000    0x1045f
 .debug_info    0x0000000000000000       0xc4 ./utilities/fsl_assert.o
 .debug_info    0x00000000000000c4      0xf68 ./utilities/fsl_debug_console.o
 .debug_info    0x000000000000102c      0x60e ./startup/startup_lpc804.o
 .debug_info    0x000000000000163a     0x12c1 ./source/Pad2.o
 .debug_info    0x00000000000028fb       0x3d ./source/semihost_hardfault.o
 .debug_info    0x0000000000002938      0xe8f ./drivers/fsl_clock.o
 .debug_info    0x00000000000037c7     0x158d ./drivers/fsl_ctimer.o
 .debug_info    0x0000000000004d54      0xbf1 ./drivers/fsl_gpio.o
 .debug_info    0x0000000000005945     0x23f2 ./drivers/fsl_i2c.o
 .debug_info    0x0000000000007d37      0x5b0 ./drivers/fsl_reset.o
 .debug_info    0x00000000000082e7     0x1b04 ./drivers/fsl_spi.o
 .debug_info    0x0000000000009deb      0x747 ./drivers/fsl_swm.o
 .debug_info    0x000000000000a532     0x19cd ./drivers/fsl_usart.o
 .debug_info    0x000000000000beff      0x583 ./device/system_LPC804.o
 .debug_info    0x000000000000c482      0xdf0 ./component/uart/fsl_adapter_miniusart.o
 .debug_info    0x000000000000d272      0xa2a ./board/board.o
 .debug_info    0x000000000000dc9c      0x702 ./board/clock_config.o
 .debug_info    0x000000000000e39e     0x1291 ./board/peripherals.o
 .debug_info    0x000000000000f62f      0xe30 ./board/pin_mux.o

.debug_abbrev   0x0000000000000000     0x2bf3
 .debug_abbrev  0x0000000000000000       0x8f ./utilities/fsl_assert.o
 .debug_abbrev  0x000000000000008f      0x2c7 ./utilities/fsl_debug_console.o
 .debug_abbrev  0x0000000000000356      0x1a8 ./startup/startup_lpc804.o
 .debug_abbrev  0x00000000000004fe      0x350 ./source/Pad2.o
 .debug_abbrev  0x000000000000084e       0x2f ./source/semihost_hardfault.o
 .debug_abbrev  0x000000000000087d      0x369 ./drivers/fsl_clock.o
 .debug_abbrev  0x0000000000000be6      0x382 ./drivers/fsl_ctimer.o
 .debug_abbrev  0x0000000000000f68      0x204 ./drivers/fsl_gpio.o
 .debug_abbrev  0x000000000000116c      0x3cf ./drivers/fsl_i2c.o
 .debug_abbrev  0x000000000000153b      0x185 ./drivers/fsl_reset.o
 .debug_abbrev  0x00000000000016c0      0x384 ./drivers/fsl_spi.o
 .debug_abbrev  0x0000000000001a44      0x195 ./drivers/fsl_swm.o
 .debug_abbrev  0x0000000000001bd9      0x365 ./drivers/fsl_usart.o
 .debug_abbrev  0x0000000000001f3e      0x14b ./device/system_LPC804.o
 .debug_abbrev  0x0000000000002089      0x225 ./component/uart/fsl_adapter_miniusart.o
 .debug_abbrev  0x00000000000022ae      0x1dd ./board/board.o
 .debug_abbrev  0x000000000000248b      0x211 ./board/clock_config.o
 .debug_abbrev  0x000000000000269c      0x2a1 ./board/peripherals.o
 .debug_abbrev  0x000000000000293d      0x2b6 ./board/pin_mux.o

.debug_aranges  0x0000000000000000      0xa38
 .debug_aranges
                0x0000000000000000       0x20 ./utilities/fsl_assert.o
 .debug_aranges
                0x0000000000000020       0x68 ./utilities/fsl_debug_console.o
 .debug_aranges
                0x0000000000000088      0x160 ./startup/startup_lpc804.o
 .debug_aranges
                0x00000000000001e8       0x70 ./source/Pad2.o
 .debug_aranges
                0x0000000000000258       0x20 ./source/semihost_hardfault.o
 .debug_aranges
                0x0000000000000278       0xa0 ./drivers/fsl_clock.o
 .debug_aranges
                0x0000000000000318       0xc0 ./drivers/fsl_ctimer.o
 .debug_aranges
                0x00000000000003d8       0x38 ./drivers/fsl_gpio.o
 .debug_aranges
                0x0000000000000410      0x1b8 ./drivers/fsl_i2c.o
 .debug_aranges
                0x00000000000005c8       0x30 ./drivers/fsl_reset.o
 .debug_aranges
                0x00000000000005f8      0x130 ./drivers/fsl_spi.o
 .debug_aranges
                0x0000000000000728       0x30 ./drivers/fsl_swm.o
 .debug_aranges
                0x0000000000000758      0x110 ./drivers/fsl_usart.o
 .debug_aranges
                0x0000000000000868       0x30 ./device/system_LPC804.o
 .debug_aranges
                0x0000000000000898       0x50 ./component/uart/fsl_adapter_miniusart.o
 .debug_aranges
                0x00000000000008e8       0x28 ./board/board.o
 .debug_aranges
                0x0000000000000910       0x50 ./board/clock_config.o
 .debug_aranges
                0x0000000000000960       0x58 ./board/peripherals.o
 .debug_aranges
                0x00000000000009b8       0x80 ./board/pin_mux.o

.debug_rnglists
                0x0000000000000000      0x7ad
 .debug_rnglists
                0x0000000000000000       0x13 ./utilities/fsl_assert.o
 .debug_rnglists
                0x0000000000000013       0x4d ./utilities/fsl_debug_console.o
 .debug_rnglists
                0x0000000000000060      0x103 ./startup/startup_lpc804.o
 .debug_rnglists
                0x0000000000000163       0x53 ./source/Pad2.o
 .debug_rnglists
                0x00000000000001b6       0x13 ./source/semihost_hardfault.o
 .debug_rnglists
                0x00000000000001c9       0x75 ./drivers/fsl_clock.o
 .debug_rnglists
                0x000000000000023e       0x90 ./drivers/fsl_ctimer.o
 .debug_rnglists
                0x00000000000002ce       0x26 ./drivers/fsl_gpio.o
 .debug_rnglists
                0x00000000000002f4      0x181 ./drivers/fsl_i2c.o
 .debug_rnglists
                0x0000000000000475       0x1f ./drivers/fsl_reset.o
 .debug_rnglists
                0x0000000000000494       0xe8 ./drivers/fsl_spi.o
 .debug_rnglists
                0x000000000000057c       0x21 ./drivers/fsl_swm.o
 .debug_rnglists
                0x000000000000059d       0xce ./drivers/fsl_usart.o
 .debug_rnglists
                0x000000000000066b       0x20 ./device/system_LPC804.o
 .debug_rnglists
                0x000000000000068b       0x38 ./component/uart/fsl_adapter_miniusart.o
 .debug_rnglists
                0x00000000000006c3       0x19 ./board/board.o
 .debug_rnglists
                0x00000000000006dc       0x37 ./board/clock_config.o
 .debug_rnglists
                0x0000000000000713       0x3d ./board/peripherals.o
 .debug_rnglists
                0x0000000000000750       0x5d ./board/pin_mux.o

.debug_macro    0x0000000000000000     0x7acb
 .debug_macro   0x0000000000000000      0x13b ./utilities/fsl_assert.o
 .debug_macro   0x000000000000013b      0xaba ./utilities/fsl_assert.o
 .debug_macro   0x0000000000000bf5       0x10 ./utilities/fsl_assert.o
 .debug_macro   0x0000000000000c05       0x1c ./utilities/fsl_assert.o
 .debug_macro   0x0000000000000c21       0x22 ./utilities/fsl_assert.o
 .debug_macro   0x0000000000000c43      0x12e ./utilities/fsl_assert.o
 .debug_macro   0x0000000000000d71      0x5b3 ./utilities/fsl_assert.o
 .debug_macro   0x0000000000001324       0x22 ./utilities/fsl_assert.o
 .debug_macro   0x0000000000001346       0x10 ./utilities/fsl_assert.o
 .debug_macro   0x0000000000001356       0x3f ./utilities/fsl_assert.o
 .debug_macro   0x0000000000001395       0x1c ./utilities/fsl_assert.o
 .debug_macro   0x00000000000013b1       0x22 ./utilities/fsl_assert.o
 .debug_macro   0x00000000000013d3       0xd1 ./utilities/fsl_assert.o
 .debug_macro   0x00000000000014a4      0x3ad ./utilities/fsl_assert.o
 .debug_macro   0x0000000000001851       0x22 ./utilities/fsl_assert.o
 .debug_macro   0x0000000000001873     0x3f2e ./utilities/fsl_assert.o
 .debug_macro   0x00000000000057a1      0x1c3 ./utilities/fsl_assert.o
 .debug_macro   0x0000000000005964       0x7a ./utilities/fsl_assert.o
 .debug_macro   0x00000000000059de       0x96 ./utilities/fsl_assert.o
 .debug_macro   0x0000000000005a74      0x10a ./utilities/fsl_assert.o
 .debug_macro   0x0000000000005b7e       0x16 ./utilities/fsl_assert.o
 .debug_macro   0x0000000000005b94       0x77 ./utilities/fsl_assert.o
 .debug_macro   0x0000000000005c0b       0x1c ./utilities/fsl_assert.o
 .debug_macro   0x0000000000005c27       0x1c ./utilities/fsl_assert.o
 .debug_macro   0x0000000000005c43       0x34 ./utilities/fsl_assert.o
 .debug_macro   0x0000000000005c77      0x16b ./utilities/fsl_debug_console.o
 .debug_macro   0x0000000000005de2       0x16 ./utilities/fsl_debug_console.o
 .debug_macro   0x0000000000005df8       0x10 ./utilities/fsl_debug_console.o
 .debug_macro   0x0000000000005e08       0x28 ./utilities/fsl_debug_console.o
 .debug_macro   0x0000000000005e30       0xc4 ./utilities/fsl_debug_console.o
 .debug_macro   0x0000000000005ef4       0x16 ./utilities/fsl_debug_console.o
 .debug_macro   0x0000000000005f0a       0x46 ./utilities/fsl_debug_console.o
 .debug_macro   0x0000000000005f50       0x32 ./startup/startup_lpc804.o
 .debug_macro   0x0000000000005f82       0x34 ./startup/startup_lpc804.o
 .debug_macro   0x0000000000005fb6      0x1ab ./source/Pad2.o
 .debug_macro   0x0000000000006161       0xd8 ./source/Pad2.o
 .debug_macro   0x0000000000006239      0x12c ./source/Pad2.o
 .debug_macro   0x0000000000006365       0x10 ./source/Pad2.o
 .debug_macro   0x0000000000006375      0x11e ./source/Pad2.o
 .debug_macro   0x0000000000006493       0x22 ./source/Pad2.o
 .debug_macro   0x00000000000064b5       0x10 ./source/Pad2.o
 .debug_macro   0x00000000000064c5       0x4c ./source/Pad2.o
 .debug_macro   0x0000000000006511      0x25d ./source/Pad2.o
 .debug_macro   0x000000000000676e       0x11 ./source/semihost_hardfault.o
 .debug_macro   0x000000000000677f      0x12d ./drivers/fsl_clock.o
 .debug_macro   0x00000000000068ac       0x28 ./drivers/fsl_clock.o
 .debug_macro   0x00000000000068d4      0x13a ./drivers/fsl_ctimer.o
 .debug_macro   0x0000000000006a0e      0x13a ./drivers/fsl_gpio.o
 .debug_macro   0x0000000000006b48      0x138 ./drivers/fsl_i2c.o
 .debug_macro   0x0000000000006c80       0x16 ./drivers/fsl_i2c.o
 .debug_macro   0x0000000000006c96       0x1c ./drivers/fsl_i2c.o
 .debug_macro   0x0000000000006cb2       0x4c ./drivers/fsl_i2c.o
 .debug_macro   0x0000000000006cfe      0x12a ./drivers/fsl_reset.o
 .debug_macro   0x0000000000006e28      0x139 ./drivers/fsl_spi.o
 .debug_macro   0x0000000000006f61       0x1c ./drivers/fsl_spi.o
 .debug_macro   0x0000000000006f7d      0x144 ./drivers/fsl_swm.o
 .debug_macro   0x00000000000070c1      0x139 ./drivers/fsl_usart.o
 .debug_macro   0x00000000000071fa       0x1c ./drivers/fsl_usart.o
 .debug_macro   0x0000000000007216       0x97 ./device/system_LPC804.o
 .debug_macro   0x00000000000072ad      0x136 ./component/uart/fsl_adapter_miniusart.o
 .debug_macro   0x00000000000073e3       0x22 ./component/uart/fsl_adapter_miniusart.o
 .debug_macro   0x0000000000007405      0x162 ./board/board.o
 .debug_macro   0x0000000000007567      0x132 ./board/board.o
 .debug_macro   0x0000000000007699      0x14a ./board/clock_config.o
 .debug_macro   0x00000000000077e3      0x149 ./board/peripherals.o
 .debug_macro   0x000000000000792c      0x159 ./board/pin_mux.o
 .debug_macro   0x0000000000007a85       0x46 ./board/pin_mux.o

.debug_line     0x0000000000000000     0x784e
 .debug_line    0x0000000000000000      0x397 ./utilities/fsl_assert.o
 .debug_line    0x0000000000000397      0x831 ./utilities/fsl_debug_console.o
 .debug_line    0x0000000000000bc8      0x392 ./startup/startup_lpc804.o
 .debug_line    0x0000000000000f5a      0x6d5 ./source/Pad2.o
 .debug_line    0x000000000000162f       0x59 ./source/semihost_hardfault.o
 .debug_line    0x0000000000001688      0x66e ./drivers/fsl_clock.o
 .debug_line    0x0000000000001cf6      0x86a ./drivers/fsl_ctimer.o
 .debug_line    0x0000000000002560      0x3cf ./drivers/fsl_gpio.o
 .debug_line    0x000000000000292f     0x12a2 ./drivers/fsl_i2c.o
 .debug_line    0x0000000000003bd1      0x39f ./drivers/fsl_reset.o
 .debug_line    0x0000000000003f70      0xd00 ./drivers/fsl_spi.o
 .debug_line    0x0000000000004c70      0x410 ./drivers/fsl_swm.o
 .debug_line    0x0000000000005080      0xc9d ./drivers/fsl_usart.o
 .debug_line    0x0000000000005d1d      0x2ce ./device/system_LPC804.o
 .debug_line    0x0000000000005feb      0x52f ./component/uart/fsl_adapter_miniusart.o
 .debug_line    0x000000000000651a      0x432 ./board/board.o
 .debug_line    0x000000000000694c      0x478 ./board/clock_config.o
 .debug_line    0x0000000000006dc4      0x487 ./board/peripherals.o
 .debug_line    0x000000000000724b      0x603 ./board/pin_mux.o

.debug_str      0x0000000000000000    0x32595
 .debug_str     0x0000000000000000    0x29033 ./utilities/fsl_assert.o
                                      0x290f8 (size before relaxing)
 .debug_str     0x0000000000029033     0x18d2 ./utilities/fsl_debug_console.o
                                      0x2aa16 (size before relaxing)
 .debug_str     0x000000000002a905      0x512 ./startup/startup_lpc804.o
                                       0x32f8 (size before relaxing)
 .debug_str     0x000000000002ae17     0x2817 ./source/Pad2.o
                                      0x2c55c (size before relaxing)
 .debug_str     0x000000000002d62e       0x1f ./source/semihost_hardfault.o
                                       0x2dd4 (size before relaxing)
 .debug_str     0x000000000002d64d      0x607 ./drivers/fsl_clock.o
                                      0x2a0e0 (size before relaxing)
 .debug_str     0x000000000002dc54      0x987 ./drivers/fsl_ctimer.o
                                      0x2a8af (size before relaxing)
 .debug_str     0x000000000002e5db      0x11c ./drivers/fsl_gpio.o
                                      0x29fb7 (size before relaxing)
 .debug_str     0x000000000002e6f7      0xfbc ./drivers/fsl_i2c.o
                                      0x2b210 (size before relaxing)
 .debug_str     0x000000000002f6b3       0x98 ./drivers/fsl_reset.o
                                      0x293fa (size before relaxing)
 .debug_str     0x000000000002f74b      0x968 ./drivers/fsl_spi.o
                                      0x2ad5b (size before relaxing)
 .debug_str     0x00000000000300b3      0xdb7 ./drivers/fsl_swm.o
                                      0x29dfd (size before relaxing)
 .debug_str     0x0000000000030e6a      0xc2f ./drivers/fsl_usart.o
                                      0x2aed9 (size before relaxing)
 .debug_str     0x0000000000031a99       0x3f ./device/system_LPC804.o
                                      0x27abe (size before relaxing)
 .debug_str     0x0000000000031ad8       0xb2 ./component/uart/fsl_adapter_miniusart.o
                                      0x2a45f (size before relaxing)
 .debug_str     0x0000000000031b8a      0x2e2 ./board/board.o
                                      0x2b54a (size before relaxing)
 .debug_str     0x0000000000031e6c      0x1e3 ./board/clock_config.o
                                      0x29ee0 (size before relaxing)
 .debug_str     0x000000000003204f      0x18b ./board/peripherals.o
                                      0x2a86b (size before relaxing)
 .debug_str     0x00000000000321da      0x3bb ./board/pin_mux.o
                                      0x2aad6 (size before relaxing)

.comment        0x0000000000000000       0x45
 .comment       0x0000000000000000       0x45 ./utilities/fsl_assert.o
                                         0x46 (size before relaxing)
 .comment       0x0000000000000045       0x46 ./utilities/fsl_debug_console.o
 .comment       0x0000000000000045       0x46 ./startup/startup_lpc804.o
 .comment       0x0000000000000045       0x46 ./source/Pad2.o
 .comment       0x0000000000000045       0x46 ./source/semihost_hardfault.o
 .comment       0x0000000000000045       0x46 ./drivers/fsl_clock.o
 .comment       0x0000000000000045       0x46 ./drivers/fsl_ctimer.o
 .comment       0x0000000000000045       0x46 ./drivers/fsl_gpio.o
 .comment       0x0000000000000045       0x46 ./drivers/fsl_i2c.o
 .comment       0x0000000000000045       0x46 ./drivers/fsl_reset.o
 .comment       0x0000000000000045       0x46 ./drivers/fsl_spi.o
 .comment       0x0000000000000045       0x46 ./drivers/fsl_swm.o
 .comment       0x0000000000000045       0x46 ./drivers/fsl_usart.o
 .comment       0x0000000000000045       0x46 ./device/system_LPC804.o
 .comment       0x0000000000000045       0x46 ./component/uart/fsl_adapter_miniusart.o
 .comment       0x0000000000000045       0x46 ./board/board.o
 .comment       0x0000000000000045       0x46 ./board/clock_config.o
 .comment       0x0000000000000045       0x46 ./board/peripherals.o
 .comment       0x0000000000000045       0x46 ./board/pin_mux.o
 .comment       0x0000000000000045       0x46 /usr/local/mcuxpressoide-11.8.0_1165/ide/plugins/com.nxp.mcuxpresso.tools.linux_11.8.0.202306131047/tools/bin/../lib/gcc/arm-none-eabi/12.2.1/../../../../arm-none-eabi/lib/thumb/v6-m/nofp/libcr_nohost_nf.a(_cr__main.o)
 .comment       0x0000000000000045       0x46 /usr/local/mcuxpressoide-11.8.0_1165/ide/plugins/com.nxp.mcuxpresso.tools.linux_11.8.0.202306131047/tools/bin/../lib/gcc/arm-none-eabi/12.2.1/../../../../arm-none-eabi/lib/thumb/v6-m/nofp/libcr_c.a(memcpy.o)
 .comment       0x0000000000000045       0x46 /usr/local/mcuxpressoide-11.8.0_1165/ide/plugins/com.nxp.mcuxpresso.tools.linux_11.8.0.202306131047/tools/bin/../lib/gcc/arm-none-eabi/12.2.1/../../../../arm-none-eabi/lib/thumb/v6-m/nofp/libcr_c.a(memset.o)
 .comment       0x0000000000000045       0x46 /usr/local/mcuxpressoide-11.8.0_1165/ide/plugins/com.nxp.mcuxpresso.tools.linux_11.8.0.202306131047/tools/bin/../lib/gcc/arm-none-eabi/12.2.1/../../../../arm-none-eabi/lib/thumb/v6-m/nofp/libcr_c.a(alloc.o)
 .comment       0x0000000000000045       0x46 /usr/local/mcuxpressoide-11.8.0_1165/ide/plugins/com.nxp.mcuxpresso.tools.linux_11.8.0.202306131047/tools/bin/../lib/gcc/arm-none-eabi/12.2.1/../../../../arm-none-eabi/lib/thumb/v6-m/nofp/libcr_c.a(errno.o)
 .comment       0x0000000000000045       0x46 /usr/local/mcuxpressoide-11.8.0_1165/ide/plugins/com.nxp.mcuxpresso.tools.linux_11.8.0.202306131047/tools/bin/../lib/gcc/arm-none-eabi/12.2.1/../../../../arm-none-eabi/lib/thumb/v6-m/nofp/libcr_c.a(initio.o)
 .comment       0x0000000000000045       0x46 /usr/local/mcuxpressoide-11.8.0_1165/ide/plugins/com.nxp.mcuxpresso.tools.linux_11.8.0.202306131047/tools/bin/../lib/gcc/arm-none-eabi/12.2.1/../../../../arm-none-eabi/lib/thumb/v6-m/nofp/libcr_c.a(setvbuf.o)
 .comment       0x0000000000000045       0x46 /usr/local/mcuxpressoide-11.8.0_1165/ide/plugins/com.nxp.mcuxpresso.tools.linux_11.8.0.202306131047/tools/bin/../lib/gcc/arm-none-eabi/12.2.1/../../../../arm-none-eabi/lib/thumb/v6-m/nofp/libcr_c.a(stdlib.o)
 .comment       0x0000000000000045       0x46 /usr/local/mcuxpressoide-11.8.0_1165/ide/plugins/com.nxp.mcuxpresso.tools.linux_11.8.0.202306131047/tools/bin/../lib/gcc/arm-none-eabi/12.2.1/../../../../arm-none-eabi/lib/thumb/v6-m/nofp/libcr_c.a(strlen.o)
 .comment       0x0000000000000045       0x46 /usr/local/mcuxpressoide-11.8.0_1165/ide/plugins/com.nxp.mcuxpresso.tools.linux_11.8.0.202306131047/tools/bin/../lib/gcc/arm-none-eabi/12.2.1/../../../../arm-none-eabi/lib/thumb/v6-m/nofp/libcr_c.a(_deferredlazyseek.o)
 .comment       0x0000000000000045       0x46 /usr/local/mcuxpressoide-11.8.0_1165/ide/plugins/com.nxp.mcuxpresso.tools.linux_11.8.0.202306131047/tools/bin/../lib/gcc/arm-none-eabi/12.2.1/../../../../arm-none-eabi/lib/thumb/v6-m/nofp/libcr_c.a(_fdopen.o)
 .comment       0x0000000000000045       0x46 /usr/local/mcuxpressoide-11.8.0_1165/ide/plugins/com.nxp.mcuxpresso.tools.linux_11.8.0.202306131047/tools/bin/../lib/gcc/arm-none-eabi/12.2.1/../../../../arm-none-eabi/lib/thumb/v6-m/nofp/libcr_c.a(_fflush.o)
 .comment       0x0000000000000045       0x46 /usr/local/mcuxpressoide-11.8.0_1165/ide/plugins/com.nxp.mcuxpresso.tools.linux_11.8.0.202306131047/tools/bin/../lib/gcc/arm-none-eabi/12.2.1/../../../../arm-none-eabi/lib/thumb/v6-m/nofp/libcr_c.a(_writebuf.o)
 .comment       0x0000000000000045       0x46 /usr/local/mcuxpressoide-11.8.0_1165/ide/plugins/com.nxp.mcuxpresso.tools.linux_11.8.0.202306131047/tools/bin/../lib/gcc/arm-none-eabi/12.2.1/../../../../arm-none-eabi/lib/thumb/v6-m/nofp/libcr_c.a(fclose.o)
 .comment       0x0000000000000045       0x46 /usr/local/mcuxpressoide-11.8.0_1165/ide/plugins/com.nxp.mcuxpresso.tools.linux_11.8.0.202306131047/tools/bin/../lib/gcc/arm-none-eabi/12.2.1/../../../../arm-none-eabi/lib/thumb/v6-m/nofp/libcr_c.a(fflush.o)
 .comment       0x0000000000000045       0x46 /usr/local/mcuxpressoide-11.8.0_1165/ide/plugins/com.nxp.mcuxpresso.tools.linux_11.8.0.202306131047/tools/bin/../lib/gcc/arm-none-eabi/12.2.1/../../../../arm-none-eabi/lib/thumb/v6-m/nofp/libcr_c.a(fseek.o)
 .comment       0x0000000000000045       0x46 /usr/local/mcuxpressoide-11.8.0_1165/ide/plugins/com.nxp.mcuxpresso.tools.linux_11.8.0.202306131047/tools/bin/../lib/gcc/arm-none-eabi/12.2.1/../../../../arm-none-eabi/lib/thumb/v6-m/nofp/libcr_c.a(ftell.o)
 .comment       0x0000000000000045       0x46 /usr/local/mcuxpressoide-11.8.0_1165/ide/plugins/com.nxp.mcuxpresso.tools.linux_11.8.0.202306131047/tools/bin/../lib/gcc/arm-none-eabi/12.2.1/../../../../arm-none-eabi/lib/thumb/v6-m/nofp/libcr_c.a(remove.o)
 .comment       0x0000000000000045       0x46 /usr/local/mcuxpressoide-11.8.0_1165/ide/plugins/com.nxp.mcuxpresso.tools.linux_11.8.0.202306131047/tools/bin/../lib/gcc/arm-none-eabi/12.2.1/../../../../arm-none-eabi/lib/thumb/v6-m/nofp/libcr_c.a(_do_fflush.o)
 .comment       0x0000000000000045       0x46 /usr/local/mcuxpressoide-11.8.0_1165/ide/plugins/com.nxp.mcuxpresso.tools.linux_11.8.0.202306131047/tools/bin/../lib/gcc/arm-none-eabi/12.2.1/../../../../arm-none-eabi/lib/thumb/v6-m/nofp/libcr_nohost_nf.a(__ciob.o)
 .comment       0x0000000000000045       0x46 /usr/local/mcuxpressoide-11.8.0_1165/ide/plugins/com.nxp.mcuxpresso.tools.linux_11.8.0.202306131047/tools/bin/../lib/gcc/arm-none-eabi/12.2.1/../../../../arm-none-eabi/lib/thumb/v6-m/nofp/libcr_nohost_nf.a(__sys_close.o)
 .comment       0x0000000000000045       0x46 /usr/local/mcuxpressoide-11.8.0_1165/ide/plugins/com.nxp.mcuxpresso.tools.linux_11.8.0.202306131047/tools/bin/../lib/gcc/arm-none-eabi/12.2.1/../../../../arm-none-eabi/lib/thumb/v6-m/nofp/libcr_nohost_nf.a(__sys_flen.o)
 .comment       0x0000000000000045       0x46 /usr/local/mcuxpressoide-11.8.0_1165/ide/plugins/com.nxp.mcuxpresso.tools.linux_11.8.0.202306131047/tools/bin/../lib/gcc/arm-none-eabi/12.2.1/../../../../arm-none-eabi/lib/thumb/v6-m/nofp/libcr_nohost_nf.a(__sys_istty.o)
 .comment       0x0000000000000045       0x46 /usr/local/mcuxpressoide-11.8.0_1165/ide/plugins/com.nxp.mcuxpresso.tools.linux_11.8.0.202306131047/tools/bin/../lib/gcc/arm-none-eabi/12.2.1/../../../../arm-none-eabi/lib/thumb/v6-m/nofp/libcr_nohost_nf.a(__sys_remove.o)
 .comment       0x0000000000000045       0x46 /usr/local/mcuxpressoide-11.8.0_1165/ide/plugins/com.nxp.mcuxpresso.tools.linux_11.8.0.202306131047/tools/bin/../lib/gcc/arm-none-eabi/12.2.1/../../../../arm-none-eabi/lib/thumb/v6-m/nofp/libcr_nohost_nf.a(__sys_seek.o)
 .comment       0x0000000000000045       0x46 /usr/local/mcuxpressoide-11.8.0_1165/ide/plugins/com.nxp.mcuxpresso.tools.linux_11.8.0.202306131047/tools/bin/../lib/gcc/arm-none-eabi/12.2.1/../../../../arm-none-eabi/lib/thumb/v6-m/nofp/libcr_nohost_nf.a(__sys_tmpnam.o)
 .comment       0x0000000000000045       0x46 /usr/local/mcuxpressoide-11.8.0_1165/ide/plugins/com.nxp.mcuxpresso.tools.linux_11.8.0.202306131047/tools/bin/../lib/gcc/arm-none-eabi/12.2.1/../../../../arm-none-eabi/lib/thumb/v6-m/nofp/libcr_nohost_nf.a(__sys_write.o)

.ARM.attributes
                0x0000000000000000       0x2a
 .ARM.attributes
                0x0000000000000000       0x2c ./utilities/fsl_assert.o
 .ARM.attributes
                0x000000000000002c       0x2c ./utilities/fsl_debug_console.o
 .ARM.attributes
                0x0000000000000058       0x2c ./startup/startup_lpc804.o
 .ARM.attributes
                0x0000000000000084       0x2c ./source/Pad2.o
 .ARM.attributes
                0x00000000000000b0       0x2c ./source/semihost_hardfault.o
 .ARM.attributes
                0x00000000000000dc       0x2c ./drivers/fsl_clock.o
 .ARM.attributes
                0x0000000000000108       0x2c ./drivers/fsl_ctimer.o
 .ARM.attributes
                0x0000000000000134       0x2c ./drivers/fsl_gpio.o
 .ARM.attributes
                0x0000000000000160       0x2c ./drivers/fsl_i2c.o
 .ARM.attributes
                0x000000000000018c       0x2c ./drivers/fsl_reset.o
 .ARM.attributes
                0x00000000000001b8       0x2c ./drivers/fsl_spi.o
 .ARM.attributes
                0x00000000000001e4       0x2c ./drivers/fsl_swm.o
 .ARM.attributes
                0x0000000000000210       0x2c ./drivers/fsl_usart.o
 .ARM.attributes
                0x000000000000023c       0x2c ./device/system_LPC804.o
 .ARM.attributes
                0x0000000000000268       0x2c ./component/uart/fsl_adapter_miniusart.o
 .ARM.attributes
                0x0000000000000294       0x2c ./board/board.o
 .ARM.attributes
                0x00000000000002c0       0x2c ./board/clock_config.o
 .ARM.attributes
                0x00000000000002ec       0x2c ./board/peripherals.o
 .ARM.attributes
                0x0000000000000318       0x2c ./board/pin_mux.o
 .ARM.attributes
                0x0000000000000344       0x2c /usr/local/mcuxpressoide-11.8.0_1165/ide/plugins/com.nxp.mcuxpresso.tools.linux_11.8.0.202306131047/tools/bin/../lib/gcc/arm-none-eabi/12.2.1/../../../../arm-none-eabi/lib/thumb/v6-m/nofp/libcr_nohost_nf.a(_cr__main.o)
 .ARM.attributes
                0x0000000000000370       0x2c /usr/local/mcuxpressoide-11.8.0_1165/ide/plugins/com.nxp.mcuxpresso.tools.linux_11.8.0.202306131047/tools/bin/../lib/gcc/arm-none-eabi/12.2.1/../../../../arm-none-eabi/lib/thumb/v6-m/nofp/libcr_c.a(memcpy.o)
 .ARM.attributes
                0x000000000000039c       0x2c /usr/local/mcuxpressoide-11.8.0_1165/ide/plugins/com.nxp.mcuxpresso.tools.linux_11.8.0.202306131047/tools/bin/../lib/gcc/arm-none-eabi/12.2.1/../../../../arm-none-eabi/lib/thumb/v6-m/nofp/libcr_c.a(memset.o)
 .ARM.attributes
                0x00000000000003c8       0x2c /usr/local/mcuxpressoide-11.8.0_1165/ide/plugins/com.nxp.mcuxpresso.tools.linux_11.8.0.202306131047/tools/bin/../lib/gcc/arm-none-eabi/12.2.1/../../../../arm-none-eabi/lib/thumb/v6-m/nofp/libcr_c.a(alloc.o)
 .ARM.attributes
                0x00000000000003f4       0x2c /usr/local/mcuxpressoide-11.8.0_1165/ide/plugins/com.nxp.mcuxpresso.tools.linux_11.8.0.202306131047/tools/bin/../lib/gcc/arm-none-eabi/12.2.1/../../../../arm-none-eabi/lib/thumb/v6-m/nofp/libcr_c.a(errno.o)
 .ARM.attributes
                0x0000000000000420       0x2c /usr/local/mcuxpressoide-11.8.0_1165/ide/plugins/com.nxp.mcuxpresso.tools.linux_11.8.0.202306131047/tools/bin/../lib/gcc/arm-none-eabi/12.2.1/../../../../arm-none-eabi/lib/thumb/v6-m/nofp/libcr_c.a(initio.o)
 .ARM.attributes
                0x000000000000044c       0x2c /usr/local/mcuxpressoide-11.8.0_1165/ide/plugins/com.nxp.mcuxpresso.tools.linux_11.8.0.202306131047/tools/bin/../lib/gcc/arm-none-eabi/12.2.1/../../../../arm-none-eabi/lib/thumb/v6-m/nofp/libcr_c.a(setvbuf.o)
 .ARM.attributes
                0x0000000000000478       0x2c /usr/local/mcuxpressoide-11.8.0_1165/ide/plugins/com.nxp.mcuxpresso.tools.linux_11.8.0.202306131047/tools/bin/../lib/gcc/arm-none-eabi/12.2.1/../../../../arm-none-eabi/lib/thumb/v6-m/nofp/libcr_c.a(stdlib.o)
 .ARM.attributes
                0x00000000000004a4       0x2c /usr/local/mcuxpressoide-11.8.0_1165/ide/plugins/com.nxp.mcuxpresso.tools.linux_11.8.0.202306131047/tools/bin/../lib/gcc/arm-none-eabi/12.2.1/../../../../arm-none-eabi/lib/thumb/v6-m/nofp/libcr_c.a(strlen.o)
 .ARM.attributes
                0x00000000000004d0       0x2c /usr/local/mcuxpressoide-11.8.0_1165/ide/plugins/com.nxp.mcuxpresso.tools.linux_11.8.0.202306131047/tools/bin/../lib/gcc/arm-none-eabi/12.2.1/../../../../arm-none-eabi/lib/thumb/v6-m/nofp/libcr_c.a(_deferredlazyseek.o)
 .ARM.attributes
                0x00000000000004fc       0x2c /usr/local/mcuxpressoide-11.8.0_1165/ide/plugins/com.nxp.mcuxpresso.tools.linux_11.8.0.202306131047/tools/bin/../lib/gcc/arm-none-eabi/12.2.1/../../../../arm-none-eabi/lib/thumb/v6-m/nofp/libcr_c.a(_fdopen.o)
 .ARM.attributes
                0x0000000000000528       0x2c /usr/local/mcuxpressoide-11.8.0_1165/ide/plugins/com.nxp.mcuxpresso.tools.linux_11.8.0.202306131047/tools/bin/../lib/gcc/arm-none-eabi/12.2.1/../../../../arm-none-eabi/lib/thumb/v6-m/nofp/libcr_c.a(_fflush.o)
 .ARM.attributes
                0x0000000000000554       0x2c /usr/local/mcuxpressoide-11.8.0_1165/ide/plugins/com.nxp.mcuxpresso.tools.linux_11.8.0.202306131047/tools/bin/../lib/gcc/arm-none-eabi/12.2.1/../../../../arm-none-eabi/lib/thumb/v6-m/nofp/libcr_c.a(_writebuf.o)
 .ARM.attributes
                0x0000000000000580       0x2c /usr/local/mcuxpressoide-11.8.0_1165/ide/plugins/com.nxp.mcuxpresso.tools.linux_11.8.0.202306131047/tools/bin/../lib/gcc/arm-none-eabi/12.2.1/../../../../arm-none-eabi/lib/thumb/v6-m/nofp/libcr_c.a(fclose.o)
 .ARM.attributes
                0x00000000000005ac       0x2c /usr/local/mcuxpressoide-11.8.0_1165/ide/plugins/com.nxp.mcuxpresso.tools.linux_11.8.0.202306131047/tools/bin/../lib/gcc/arm-none-eabi/12.2.1/../../../../arm-none-eabi/lib/thumb/v6-m/nofp/libcr_c.a(fflush.o)
 .ARM.attributes
                0x00000000000005d8       0x2c /usr/local/mcuxpressoide-11.8.0_1165/ide/plugins/com.nxp.mcuxpresso.tools.linux_11.8.0.202306131047/tools/bin/../lib/gcc/arm-none-eabi/12.2.1/../../../../arm-none-eabi/lib/thumb/v6-m/nofp/libcr_c.a(fseek.o)
 .ARM.attributes
                0x0000000000000604       0x2c /usr/local/mcuxpressoide-11.8.0_1165/ide/plugins/com.nxp.mcuxpresso.tools.linux_11.8.0.202306131047/tools/bin/../lib/gcc/arm-none-eabi/12.2.1/../../../../arm-none-eabi/lib/thumb/v6-m/nofp/libcr_c.a(ftell.o)
 .ARM.attributes
                0x0000000000000630       0x2c /usr/local/mcuxpressoide-11.8.0_1165/ide/plugins/com.nxp.mcuxpresso.tools.linux_11.8.0.202306131047/tools/bin/../lib/gcc/arm-none-eabi/12.2.1/../../../../arm-none-eabi/lib/thumb/v6-m/nofp/libcr_c.a(remove.o)
 .ARM.attributes
                0x000000000000065c       0x2c /usr/local/mcuxpressoide-11.8.0_1165/ide/plugins/com.nxp.mcuxpresso.tools.linux_11.8.0.202306131047/tools/bin/../lib/gcc/arm-none-eabi/12.2.1/../../../../arm-none-eabi/lib/thumb/v6-m/nofp/libcr_c.a(_do_fflush.o)
 .ARM.attributes
                0x0000000000000688       0x1c /usr/local/mcuxpressoide-11.8.0_1165/ide/plugins/com.nxp.mcuxpresso.tools.linux_11.8.0.202306131047/tools/bin/../lib/gcc/arm-none-eabi/12.2.1/thumb/v6-m/nofp/libcr_eabihelpers.a(division_32.o)
 .ARM.attributes
                0x00000000000006a4       0x1c /usr/local/mcuxpressoide-11.8.0_1165/ide/plugins/com.nxp.mcuxpresso.tools.linux_11.8.0.202306131047/tools/bin/../lib/gcc/arm-none-eabi/12.2.1/thumb/v6-m/nofp/libcr_eabihelpers.a(division_64.o)
 .ARM.attributes
                0x00000000000006c0       0x1c /usr/local/mcuxpressoide-11.8.0_1165/ide/plugins/com.nxp.mcuxpresso.tools.linux_11.8.0.202306131047/tools/bin/../lib/gcc/arm-none-eabi/12.2.1/thumb/v6-m/nofp/libcr_eabihelpers.a(division_idiv0.o)
 .ARM.attributes
                0x00000000000006dc       0x1c /usr/local/mcuxpressoide-11.8.0_1165/ide/plugins/com.nxp.mcuxpresso.tools.linux_11.8.0.202306131047/tools/bin/../lib/gcc/arm-none-eabi/12.2.1/thumb/v6-m/nofp/libcr_eabihelpers.a(memcpy.o)
 .ARM.attributes
                0x00000000000006f8       0x2c /usr/local/mcuxpressoide-11.8.0_1165/ide/plugins/com.nxp.mcuxpresso.tools.linux_11.8.0.202306131047/tools/bin/../lib/gcc/arm-none-eabi/12.2.1/../../../../arm-none-eabi/lib/thumb/v6-m/nofp/libcr_nohost_nf.a(__ciob.o)
 .ARM.attributes
                0x0000000000000724       0x2c /usr/local/mcuxpressoide-11.8.0_1165/ide/plugins/com.nxp.mcuxpresso.tools.linux_11.8.0.202306131047/tools/bin/../lib/gcc/arm-none-eabi/12.2.1/../../../../arm-none-eabi/lib/thumb/v6-m/nofp/libcr_nohost_nf.a(__sys_close.o)
 .ARM.attributes
                0x0000000000000750       0x2c /usr/local/mcuxpressoide-11.8.0_1165/ide/plugins/com.nxp.mcuxpresso.tools.linux_11.8.0.202306131047/tools/bin/../lib/gcc/arm-none-eabi/12.2.1/../../../../arm-none-eabi/lib/thumb/v6-m/nofp/libcr_nohost_nf.a(__sys_flen.o)
 .ARM.attributes
                0x000000000000077c       0x2c /usr/local/mcuxpressoide-11.8.0_1165/ide/plugins/com.nxp.mcuxpresso.tools.linux_11.8.0.202306131047/tools/bin/../lib/gcc/arm-none-eabi/12.2.1/../../../../arm-none-eabi/lib/thumb/v6-m/nofp/libcr_nohost_nf.a(__sys_istty.o)
 .ARM.attributes
                0x00000000000007a8       0x2c /usr/local/mcuxpressoide-11.8.0_1165/ide/plugins/com.nxp.mcuxpresso.tools.linux_11.8.0.202306131047/tools/bin/../lib/gcc/arm-none-eabi/12.2.1/../../../../arm-none-eabi/lib/thumb/v6-m/nofp/libcr_nohost_nf.a(__sys_remove.o)
 .ARM.attributes
                0x00000000000007d4       0x2c /usr/local/mcuxpressoide-11.8.0_1165/ide/plugins/com.nxp.mcuxpresso.tools.linux_11.8.0.202306131047/tools/bin/../lib/gcc/arm-none-eabi/12.2.1/../../../../arm-none-eabi/lib/thumb/v6-m/nofp/libcr_nohost_nf.a(__sys_seek.o)
 .ARM.attributes
                0x0000000000000800       0x2c /usr/local/mcuxpressoide-11.8.0_1165/ide/plugins/com.nxp.mcuxpresso.tools.linux_11.8.0.202306131047/tools/bin/../lib/gcc/arm-none-eabi/12.2.1/../../../../arm-none-eabi/lib/thumb/v6-m/nofp/libcr_nohost_nf.a(__sys_tmpnam.o)
 .ARM.attributes
                0x000000000000082c       0x2c /usr/local/mcuxpressoide-11.8.0_1165/ide/plugins/com.nxp.mcuxpresso.tools.linux_11.8.0.202306131047/tools/bin/../lib/gcc/arm-none-eabi/12.2.1/../../../../arm-none-eabi/lib/thumb/v6-m/nofp/libcr_nohost_nf.a(__sys_write.o)

.debug_frame    0x0000000000000000     0x2100
 .debug_frame   0x0000000000000000       0x30 ./utilities/fsl_assert.o
 .debug_frame   0x0000000000000030      0x150 ./utilities/fsl_debug_console.o
 .debug_frame   0x0000000000000180      0x3a8 ./startup/startup_lpc804.o
 .debug_frame   0x0000000000000528      0x168 ./source/Pad2.o
 .debug_frame   0x0000000000000690       0x20 ./source/semihost_hardfault.o
 .debug_frame   0x00000000000006b0      0x228 ./drivers/fsl_clock.o
 .debug_frame   0x00000000000008d8      0x2b0 ./drivers/fsl_ctimer.o
 .debug_frame   0x0000000000000b88       0x90 ./drivers/fsl_gpio.o
 .debug_frame   0x0000000000000c18      0x688 ./drivers/fsl_i2c.o
 .debug_frame   0x00000000000012a0       0x70 ./drivers/fsl_reset.o
 .debug_frame   0x0000000000001310      0x46c ./drivers/fsl_spi.o
 .debug_frame   0x000000000000177c       0x70 ./drivers/fsl_swm.o
 .debug_frame   0x00000000000017ec      0x3e8 ./drivers/fsl_usart.o
 .debug_frame   0x0000000000001bd4       0x64 ./device/system_LPC804.o
 .debug_frame   0x0000000000001c38       0xf0 ./component/uart/fsl_adapter_miniusart.o
 .debug_frame   0x0000000000001d28       0x50 ./board/board.o
 .debug_frame   0x0000000000001d78       0xe0 ./board/clock_config.o
 .debug_frame   0x0000000000001e58      0x104 ./board/peripherals.o
 .debug_frame   0x0000000000001f5c      0x1a4 ./board/pin_mux.o

.debug_loclists
                0x0000000000000000      0x104
 .debug_loclists
                0x0000000000000000      0x104 ./startup/startup_lpc804.o

Cross Reference Table

Symbol                                            File
ADC_OVR_DriverIRQHandler                          ./startup/startup_lpc804.o
ADC_OVR_IRQHandler                                ./startup/startup_lpc804.o
ADC_SEQA_DriverIRQHandler                         ./startup/startup_lpc804.o
ADC_SEQA_IRQHandler                               ./startup/startup_lpc804.o
ADC_SEQB_DriverIRQHandler                         ./startup/startup_lpc804.o
ADC_SEQB_IRQHandler                               ./startup/startup_lpc804.o
ADC_THCMP_DriverIRQHandler                        ./startup/startup_lpc804.o
ADC_THCMP_IRQHandler                              ./startup/startup_lpc804.o
BOARD_BootClockFRO18M                             ./board/clock_config.o
BOARD_BootClockFRO24M                             ./board/clock_config.o
BOARD_BootClockFRO30M                             ./board/clock_config.o
BOARD_InitBUTTONsPins                             ./board/pin_mux.o
BOARD_InitBootClocks                              ./board/clock_config.o
                                                  ./source/Pad2.o
BOARD_InitBootPeripherals                         ./board/peripherals.o
                                                  ./source/Pad2.o
BOARD_InitBootPins                                ./board/pin_mux.o
                                                  ./source/Pad2.o
BOARD_InitDEBUG_UARTPins                          ./board/pin_mux.o
BOARD_InitDebugConsole                            ./board/board.o
                                                  ./source/Pad2.o
BOARD_InitI2CPins                                 ./board/pin_mux.o
BOARD_InitISPIPins                                ./board/pin_mux.o
BOARD_InitLEDsPins                                ./board/pin_mux.o
BOARD_InitPeripherals                             ./board/peripherals.o
BOARD_InitPins                                    ./board/pin_mux.o
BOARD_InitSWD_DEBUGPins                           ./board/pin_mux.o
BOD_DriverIRQHandler                              ./startup/startup_lpc804.o
BOD_IRQHandler                                    ./startup/startup_lpc804.o
CLOCK_GetClockOutClkFreq                          ./drivers/fsl_clock.o
CLOCK_GetFRG0ClkFreq                              ./drivers/fsl_clock.o
CLOCK_GetFreq                                     ./drivers/fsl_clock.o
CLOCK_GetFroFreq                                  ./drivers/fsl_clock.o
CLOCK_GetMainClkFreq                              ./drivers/fsl_clock.o
                                                  ./board/board.o
CLOCK_GetUart0ClkFreq                             ./drivers/fsl_clock.o
CLOCK_GetUart1ClkFreq                             ./drivers/fsl_clock.o
CLOCK_InitExtClkin                                ./drivers/fsl_clock.o
CLOCK_SetFRG0ClkFreq                              ./drivers/fsl_clock.o
                                                  ./board/clock_config.o
CLOCK_SetFroOscFreq                               ./drivers/fsl_clock.o
                                                  ./board/clock_config.o
CLOCK_SetMainClkSrc                               ./drivers/fsl_clock.o
                                                  ./board/clock_config.o
CMP_CAPT_DriverIRQHandler                         ./startup/startup_lpc804.o
CMP_CAPT_IRQHandler                               ./startup/startup_lpc804.o
CRP_WORD                                          ./startup/startup_lpc804.o
CTIMER0_DriverIRQHandler                          ./drivers/fsl_ctimer.o
                                                  ./startup/startup_lpc804.o
CTIMER0_IRQHandler                                ./startup/startup_lpc804.o
CTIMER0_callback                                  ./board/peripherals.o
CTIMER0_config                                    ./board/peripherals.o
CTIMER_Deinit                                     ./drivers/fsl_ctimer.o
CTIMER_GetDefaultConfig                           ./drivers/fsl_ctimer.o
CTIMER_GetOutputMatchStatus                       ./drivers/fsl_ctimer.o
CTIMER_Init                                       ./drivers/fsl_ctimer.o
                                                  ./board/peripherals.o
CTIMER_RegisterCallBack                           ./drivers/fsl_ctimer.o
                                                  ./board/peripherals.o
CTIMER_SetupCapture                               ./drivers/fsl_ctimer.o
CTIMER_SetupMatch                                 ./drivers/fsl_ctimer.o
CTIMER_SetupPwm                                   ./drivers/fsl_ctimer.o
CTIMER_SetupPwmPeriod                             ./drivers/fsl_ctimer.o
                                                  ./board/peripherals.o
CTIMER_UpdatePwmDutycycle                         ./drivers/fsl_ctimer.o
                                                  ./source/Pad2.o
DAC0_DriverIRQHandler                             ./startup/startup_lpc804.o
DAC0_IRQHandler                                   ./startup/startup_lpc804.o
DbgConsole_Deinit                                 ./utilities/fsl_debug_console.o
DbgConsole_Getchar                                ./utilities/fsl_debug_console.o
DbgConsole_Init                                   ./utilities/fsl_debug_console.o
                                                  ./board/board.o
DbgConsole_Printf                                 ./utilities/fsl_debug_console.o
                                                  ./source/Pad2.o
                                                  ./utilities/fsl_assert.o
DbgConsole_Putchar                                ./utilities/fsl_debug_console.o
DbgConsole_Scanf                                  ./utilities/fsl_debug_console.o
DbgConsole_Vprintf                                ./utilities/fsl_debug_console.o
DisableDeepSleepIRQ                               ./drivers/fsl_power.o
EnableDeepSleepIRQ                                ./drivers/fsl_power.o
ExtClockIn                                        ./board/board.o
FLASH_DriverIRQHandler                            ./startup/startup_lpc804.o
FLASH_IRQHandler                                  ./startup/startup_lpc804.o
GPIO_PinInit                                      ./drivers/fsl_gpio.o
                                                  ./board/pin_mux.o
GPIO_PortInit                                     ./drivers/fsl_gpio.o