../drivers/fsl_clock.c:125:10:CLOCK_GetMainClkFreq	4	static
../drivers/fsl_clock.c:52:17:CLOCK_GetFRGInputClkFreq.constprop	8	static
../drivers/fsl_clock.c:108:6:CLOCK_SetFRG0ClkFreq	24	static
../drivers/fsl_clock.c:116:10:CLOCK_GetFRG0ClkFreq	8	static
../drivers/fsl_clock.c:157:10:CLOCK_GetFroFreq	0	static
../drivers/fsl_clock.c:165:10:CLOCK_GetClockOutClkFreq	8	static
../drivers/fsl_clock.c:198:10:CLOCK_GetUart0ClkFreq	8	static
../drivers/fsl_clock.c:228:10:CLOCK_GetUart1ClkFreq	8	static
../drivers/fsl_clock.c:258:10:CLOCK_GetFreq	8	static
../drivers/fsl_clock.c:297:6:CLOCK_InitExtClkin	8	static
../drivers/fsl_clock.c:310:6:CLOCK_SetMainClkSrc	0	static
../drivers/fsl_clock.c:323:6:CLOCK_SetFroOscFreq	8	static
