../drivers/fsl_clock.h:379:20:CLOCK_DisableClock	0	static
../drivers/fsl_i2c.c:238:17:I2C_PendingStatusWait	0	static
../drivers/fsl_i2c.c:1028:6:I2C_MasterTransferHandleIRQ	16	static
../drivers/fsl_i2c.c:1164:13:I2C_SlaveInvokeEvent	16	static
../drivers/fsl_i2c.c:1957:13:I2C_TransferCommonIRQHandler	8	static
../drivers/fsl_i2c.c:1830:6:I2C_SlaveTransferHandleIRQ	24	static
../drivers/fsl_i2c.c:101:10:I2C_GetInstance	0	static
../drivers/fsl_i2c.c:134:6:I2C_MasterGetDefaultConfig	8	static
../drivers/fsl_i2c.c:180:6:I2C_MasterDeinit	8	static
../drivers/fsl_i2c.c:200:6:I2C_MasterSetBaudRate	56	static
../drivers/fsl_i2c.c:157:6:I2C_MasterInit	24	static
../drivers/fsl_i2c.c:278:10:I2C_MasterStart	16	static
../drivers/fsl_i2c.c:299:10:I2C_MasterStop	8	static
../drivers/fsl_i2c.c:327:10:I2C_MasterWriteBlocking	32	static
../drivers/fsl_i2c.c:443:10:I2C_MasterReadBlocking	32	static
../drivers/fsl_i2c.c:542:10:I2C_MasterTransferBlocking	24	static
../drivers/fsl_i2c.c:623:6:I2C_MasterTransferCreateHandle	24	static
../drivers/fsl_i2c.c:663:10:I2C_MasterTransferNonBlocking	20	static
../drivers/fsl_i2c.c:700:10:I2C_MasterTransferGetCount	0	static
../drivers/fsl_i2c.c:732:10:I2C_MasterTransferAbort	16	static
../drivers/fsl_i2c.c:1347:10:I2C_SlaveSetSendBuffer	32	static
../drivers/fsl_i2c.c:1377:10:I2C_SlaveSetReceiveBuffer	32	static
../drivers/fsl_i2c.c:1395:6:I2C_SlaveSetAddress	8	static
../drivers/fsl_i2c.c:1424:6:I2C_SlaveGetDefaultConfig	32	static
../drivers/fsl_i2c.c:1455:10:I2C_SlaveInit	32	static
../drivers/fsl_i2c.c:1506:6:I2C_SlaveDeinit	8	static
../drivers/fsl_i2c.c:1527:10:I2C_SlaveWriteBlocking	20	static
../drivers/fsl_i2c.c:1614:10:I2C_SlaveReadBlocking	20	static
../drivers/fsl_i2c.c:1703:6:I2C_SlaveTransferCreateHandle	24	static
../drivers/fsl_i2c.c:1766:10:I2C_SlaveTransferNonBlocking	20	static
../drivers/fsl_i2c.c:1780:10:I2C_SlaveTransferGetCount	0	static
../drivers/fsl_i2c.c:1810:6:I2C_SlaveTransferAbort	0	static
../drivers/fsl_i2c.c:1973:6:I2C0_DriverIRQHandler	8	static
../drivers/fsl_i2c.c:1981:6:I2C1_DriverIRQHandler	8	static
