../drivers/fsl_spi.c:114:13:SPI_ReceiveTransfer	8	static
../drivers/fsl_spi.c:831:6:SPI_MasterTransferHandleIRQ.part.0	8	static
../drivers/fsl_spi.c:143:10:SPI_GetInstance	0	static
../drivers/fsl_spi.c:68:13:SPI_SendTransfer	16	static
../drivers/fsl_spi.c:831:6:SPI_MasterTransferHandleIRQ	16	static
../drivers/fsl_spi.c:879:6:SPI_SlaveTransferHandleIRQ	16	static
../drivers/fsl_spi.c:168:6:SPI_SetDummyData	8	static
../drivers/fsl_spi.c:181:6:SPI_SetTransferDelay	8	static
../drivers/fsl_spi.c:204:6:SPI_MasterGetDefaultConfig	8	static
../drivers/fsl_spi.c:306:6:SPI_SlaveGetDefaultConfig	8	static
../drivers/fsl_spi.c:341:10:SPI_SlaveInit	16	static
../drivers/fsl_spi.c:387:6:SPI_Deinit	0	static
../drivers/fsl_spi.c:408:10:SPI_MasterSetBaudRate	8	static
../drivers/fsl_spi.c:244:10:SPI_MasterInit	16	static
../drivers/fsl_spi.c:432:6:SPI_WriteDataWithConfigFlags	8	static
../drivers/fsl_spi.c:454:10:SPI_MasterTransferBlocking	32	static
../drivers/fsl_spi.c:611:10:SPI_MasterTransferCreateHandle	32	static
../drivers/fsl_spi.c:645:10:SPI_SlaveTransferCreateHandle	8	static
../drivers/fsl_spi.c:665:10:SPI_MasterTransferNonBlocking	24	static
../drivers/fsl_spi.c:766:10:SPI_SlaveTransferNonBlocking	8	static
../drivers/fsl_spi.c:786:10:SPI_MasterTransferGetCount	0	static
../drivers/fsl_spi.c:814:6:SPI_MasterTransferAbort	0	static
../drivers/fsl_spi.c:937:6:SPI0_DriverIRQHandler	8	static
