Archive member included to satisfy reference by file (symbol)

/Applications/MCUXpressoIDE_11.7.0_9198/ide/plugins/com.nxp.mcuxpresso.tools.macosx_11.7.0.202209140929/tools/bin/../lib/gcc/arm-none-eabi/10.3.1/../../../../arm-none-eabi/lib/thumb/v6-m/nofp/libcr_nohost_nf.a(_cr__main.o)
                              ./startup/startup_lpc804.o (__main)
/Applications/MCUXpressoIDE_11.7.0_9198/ide/plugins/com.nxp.mcuxpresso.tools.macosx_11.7.0.202209140929/tools/bin/../lib/gcc/arm-none-eabi/10.3.1/../../../../arm-none-eabi/lib/thumb/v6-m/nofp/libcr_c.a(memcpy.o)
                              ./utilities/fsl_debug_console.o (memcpy)
/Applications/MCUXpressoIDE_11.7.0_9198/ide/plugins/com.nxp.mcuxpresso.tools.macosx_11.7.0.202209140929/tools/bin/../lib/gcc/arm-none-eabi/10.3.1/../../../../arm-none-eabi/lib/thumb/v6-m/nofp/libcr_c.a(memset.o)
                              ./drivers/fsl_ctimer.o (memset)
/Applications/MCUXpressoIDE_11.7.0_9198/ide/plugins/com.nxp.mcuxpresso.tools.macosx_11.7.0.202209140929/tools/bin/../lib/gcc/arm-none-eabi/10.3.1/../../../../arm-none-eabi/lib/thumb/v6-m/nofp/libcr_c.a(alloc.o)
                              ./drivers/fsl_common.o (malloc)
/Applications/MCUXpressoIDE_11.7.0_9198/ide/plugins/com.nxp.mcuxpresso.tools.macosx_11.7.0.202209140929/tools/bin/../lib/gcc/arm-none-eabi/10.3.1/../../../../arm-none-eabi/lib/thumb/v6-m/nofp/libcr_c.a(errno.o)
                              ./utilities/fsl_str.o (errno)
/Applications/MCUXpressoIDE_11.7.0_9198/ide/plugins/com.nxp.mcuxpresso.tools.macosx_11.7.0.202209140929/tools/bin/../lib/gcc/arm-none-eabi/10.3.1/../../../../arm-none-eabi/lib/thumb/v6-m/nofp/libcr_c.a(initio.o)
                              /Applications/MCUXpressoIDE_11.7.0_9198/ide/plugins/com.nxp.mcuxpresso.tools.macosx_11.7.0.202209140929/tools/bin/../lib/gcc/arm-none-eabi/10.3.1/../../../../arm-none-eabi/lib/thumb/v6-m/nofp/libcr_nohost_nf.a(_cr__main.o) (_initio)
/Applications/MCUXpressoIDE_11.7.0_9198/ide/plugins/com.nxp.mcuxpresso.tools.macosx_11.7.0.202209140929/tools/bin/../lib/gcc/arm-none-eabi/10.3.1/../../../../arm-none-eabi/lib/thumb/v6-m/nofp/libcr_c.a(scanf.o)
                              ./utilities/fsl_str.o (strtoul)
/Applications/MCUXpressoIDE_11.7.0_9198/ide/plugins/com.nxp.mcuxpresso.tools.macosx_11.7.0.202209140929/tools/bin/../lib/gcc/arm-none-eabi/10.3.1/../../../../arm-none-eabi/lib/thumb/v6-m/nofp/libcr_c.a(setvbuf.o)
                              /Applications/MCUXpressoIDE_11.7.0_9198/ide/plugins/com.nxp.mcuxpresso.tools.macosx_11.7.0.202209140929/tools/bin/../lib/gcc/arm-none-eabi/10.3.1/../../../../arm-none-eabi/lib/thumb/v6-m/nofp/libcr_c.a(initio.o) (setvbuf)
/Applications/MCUXpressoIDE_11.7.0_9198/ide/plugins/com.nxp.mcuxpresso.tools.macosx_11.7.0.202209140929/tools/bin/../lib/gcc/arm-none-eabi/10.3.1/../../../../arm-none-eabi/lib/thumb/v6-m/nofp/libcr_c.a(strlen.o)
                              ./utilities/fsl_debug_console.o (strlen)
/Applications/MCUXpressoIDE_11.7.0_9198/ide/plugins/com.nxp.mcuxpresso.tools.macosx_11.7.0.202209140929/tools/bin/../lib/gcc/arm-none-eabi/10.3.1/../../../../arm-none-eabi/lib/thumb/v6-m/nofp/libcr_c.a(ungetc.o)
                              /Applications/MCUXpressoIDE_11.7.0_9198/ide/plugins/com.nxp.mcuxpresso.tools.macosx_11.7.0.202209140929/tools/bin/../lib/gcc/arm-none-eabi/10.3.1/../../../../arm-none-eabi/lib/thumb/v6-m/nofp/libcr_c.a(scanf.o) (ungetc)
/Applications/MCUXpressoIDE_11.7.0_9198/ide/plugins/com.nxp.mcuxpresso.tools.macosx_11.7.0.202209140929/tools/bin/../lib/gcc/arm-none-eabi/10.3.1/../../../../arm-none-eabi/lib/thumb/v6-m/nofp/libcr_c.a(__fillbuf.o)
                              /Applications/MCUXpressoIDE_11.7.0_9198/ide/plugins/com.nxp.mcuxpresso.tools.macosx_11.7.0.202209140929/tools/bin/../lib/gcc/arm-none-eabi/10.3.1/../../../../arm-none-eabi/lib/thumb/v6-m/nofp/libcr_c.a(scanf.o) (__filbuf)
/Applications/MCUXpressoIDE_11.7.0_9198/ide/plugins/com.nxp.mcuxpresso.tools.macosx_11.7.0.202209140929/tools/bin/../lib/gcc/arm-none-eabi/10.3.1/../../../../arm-none-eabi/lib/thumb/v6-m/nofp/libcr_c.a(__init_alloc.o)
                              /Applications/MCUXpressoIDE_11.7.0_9198/ide/plugins/com.nxp.mcuxpresso.tools.macosx_11.7.0.202209140929/tools/bin/../lib/gcc/arm-none-eabi/10.3.1/../../../../arm-none-eabi/lib/thumb/v6-m/nofp/libcr_c.a(alloc.o) (__heaps)
/Applications/MCUXpressoIDE_11.7.0_9198/ide/plugins/com.nxp.mcuxpresso.tools.macosx_11.7.0.202209140929/tools/bin/../lib/gcc/arm-none-eabi/10.3.1/../../../../arm-none-eabi/lib/thumb/v6-m/nofp/libcr_c.a(_cr_sbrk.o)
                              /Applications/MCUXpressoIDE_11.7.0_9198/ide/plugins/com.nxp.mcuxpresso.tools.macosx_11.7.0.202209140929/tools/bin/../lib/gcc/arm-none-eabi/10.3.1/../../../../arm-none-eabi/lib/thumb/v6-m/nofp/libcr_c.a(alloc.o) (_sbrk)
[...]
Memory Configuration

Name             Origin             Length             Attributes
PROGRAM_FLASH    0x0000000000000000 0x0000000000007f80 xr
BOOT_FLASH       0x0000000000007f80 0x0000000000000080 xr
SRAM             0x0000000010000000 0x0000000000000fe0 xrw
IAP_SRAM         0x0000000010000fe0 0x0000000000000020 xrw
*default*        0x0000000000000000 0xffffffffffffffff

Linker script and memory map

LOAD ./utilities/fsl_assert.o
LOAD ./utilities/fsl_debug_console.o
LOAD ./utilities/fsl_str.o
LOAD ./startup/startup_lpc804.o
LOAD ./source/Pad2.o
LOAD ./source/semihost_hardfault.o
LOAD ./drivers/fsl_clock.o
LOAD ./drivers/fsl_common.o
LOAD ./drivers/fsl_common_arm.o
LOAD ./drivers/fsl_ctimer.o
LOAD ./drivers/fsl_gpio.o
LOAD ./drivers/fsl_i2c.o
LOAD ./drivers/fsl_power.o
LOAD ./drivers/fsl_reset.o
LOAD ./drivers/fsl_spi.o
LOAD ./drivers/fsl_swm.o
LOAD ./drivers/fsl_usart.o
LOAD ./device/system_LPC804.o
LOAD ./component/uart/fsl_adapter_miniusart.o
LOAD ./board/board.o
LOAD ./board/clock_config.o
LOAD ./board/peripherals.o
LOAD ./board/pin_mux.o
START GROUP
LOAD /Applications/MCUXpressoIDE_11.7.0_9198/ide/plugins/com.nxp.mcuxpresso.tools.macosx_11.7.0.202209140929/tools/bin/../lib/gcc/arm-none-eabi/10.3.1/../../../../arm-none-eabi/lib/thumb/v6-m/nofp/libcr_nohost_nf.a
LOAD /Applications/MCUXpressoIDE_11.7.0_9198/ide/plugins/com.nxp.mcuxpresso.tools.macosx_11.7.0.202209140929/tools/bin/../lib/gcc/arm-none-eabi/10.3.1/../../../../arm-none-eabi/lib/thumb/v6-m/nofp/libcr_c.a
LOAD /Applications/MCUXpressoIDE_11.7.0_9198/ide/plugins/com.nxp.mcuxpresso.tools.macosx_11.7.0.202209140929/tools/bin/../lib/gcc/arm-none-eabi/10.3.1/thumb/v6-m/nofp/libcr_eabihelpers.a
LOAD /Applications/MCUXpressoIDE_11.7.0_9198/ide/plugins/com.nxp.mcuxpresso.tools.macosx_11.7.0.202209140929/tools/bin/../lib/gcc/arm-none-eabi/10.3.1/thumb/v6-m/nofp/libgcc.a
END GROUP
                0x0000000000000000                __base_PROGRAM_FLASH = 0x0
                0x0000000000000000                __base_Flash = 0x0
                0x0000000000007f80                __top_PROGRAM_FLASH = 0x7f80
                0x0000000000007f80                __top_Flash = 0x7f80
                0x0000000000007f80                __base_BOOT_FLASH = 0x7f80
                0x0000000000007f80                __base_Flash2 = 0x7f80
                0x0000000000008000                __top_BOOT_FLASH = 0x8000
                0x0000000000008000                __top_Flash2 = 0x8000
                0x0000000010000000                __base_SRAM = 0x10000000
                0x0000000010000000                __base_RAM = 0x10000000
                0x0000000010000fe0                __top_SRAM = 0x10000fe0
                0x0000000010000fe0                __top_RAM = 0x10000fe0
                0x0000000010000fe0                __base_IAP_SRAM = 0x10000fe0
                0x0000000010000fe0                __base_RAM2 = 0x10000fe0
                0x0000000010001000                __top_IAP_SRAM = 0x10001000
                0x0000000010001000                __top_RAM2 = 0x10001000

.text_Flash2    0x0000000000007f80        0x0
 FILL mask 0xff
 *(SORT_BY_ALIGNMENT(.text_Flash2))
 *(SORT_BY_ALIGNMENT(.text_BOOT_FLASH))
 *(SORT_BY_ALIGNMENT(.text.$Flash2))
 *(SORT_BY_ALIGNMENT(.text.$BOOT_FLASH))
 *(SORT_BY_ALIGNMENT(.text_Flash2.*))
 *(SORT_BY_ALIGNMENT(.text_BOOT_FLASH.*))
 *(SORT_BY_ALIGNMENT(.text.$Flash2.*))
 *(SORT_BY_ALIGNMENT(.text.$BOOT_FLASH.*))
 *(SORT_BY_ALIGNMENT(.rodata.$Flash2))
 *(SORT_BY_ALIGNMENT(.rodata.$BOOT_FLASH))
 *(SORT_BY_ALIGNMENT(.rodata.$Flash2.*))
 *(SORT_BY_ALIGNMENT(.rodata.$BOOT_FLASH.*))

.text           0x0000000000000000     0x17e0
 FILL mask 0xff
                0x0000000000000000                __vectors_start__ = ABSOLUTE (.)
 *(SORT_BY_ALIGNMENT(.isr_vector))
 .isr_vector    0x0000000000000000       0xc0 ./startup/startup_lpc804.o
                0x0000000000000000                __Vectors
                0x0000000000000000                g_pfnVectors
                0x00000000000000c0                . = ALIGN (0x4)
                0x00000000000000c0                __section_table_start = .
                0x00000000000000c0                __data_section_table = .
                0x00000000000000c0        0x4 LONG 0x17e0 LOADADDR (.data)
                0x00000000000000c4        0x4 LONG 0x10000000 ADDR (.data)
                0x00000000000000c8        0x4 LONG 0x18 SIZEOF (.data)
                0x00000000000000cc        0x4 LONG 0x17e0 LOADADDR (.data_RAM2)
                0x00000000000000d0        0x4 LONG 0x10000fe0 ADDR (.data_RAM2)
                0x00000000000000d4        0x4 LONG 0x0 SIZEOF (.data_RAM2)
                0x00000000000000d8                __data_section_table_end = .
                0x00000000000000d8                __bss_section_table = .
                0x00000000000000d8        0x4 LONG 0x10000018 ADDR (.bss)
                0x00000000000000dc        0x4 LONG 0x140 SIZEOF (.bss)
                0x00000000000000e0        0x4 LONG 0x10000fe0 ADDR (.bss_RAM2)
                0x00000000000000e4        0x4 LONG 0x0 SIZEOF (.bss_RAM2)
                0x00000000000000e8                __bss_section_table_end = .
                0x00000000000000e8                __section_table_end = .
 *(SORT_BY_ALIGNMENT(.after_vectors*))
 .after_vectors.reset
                0x00000000000000e8       0x4c ./startup/startup_lpc804.o
                0x00000000000000e8                ResetISR
 .after_vectors
                0x0000000000000134      0x10c ./startup/startup_lpc804.o
                0x0000000000000134                NMI_Handler
                0x0000000000000138                SVC_Handler
                0x000000000000013a                PendSV_Handler
                0x000000000000013c                SysTick_Handler
                0x000000000000013e                ADC_SEQB_DriverIRQHandler
                0x000000000000013e                Reserved21_DriverIRQHandler
                0x000000000000013e                ADC_SEQA_DriverIRQHandler
                0x000000000000013e                PIN_INT3_DriverIRQHandler
                0x000000000000013e                PIN_INT2_DriverIRQHandler
                0x000000000000013e                Reserved36_DriverIRQHandler
                0x000000000000013e                PIN_INT0_DriverIRQHandler
                0x000000000000013e                Reserved17_DriverIRQHandler
                0x000000000000013e                IntDefaultHandler
                0x000000000000013e                WKT_DriverIRQHandler
                0x000000000000013e                DAC0_DriverIRQHandler
                0x000000000000013e                MRT0_DriverIRQHandler
                0x000000000000013e                PIN_INT4_DriverIRQHandler
                0x000000000000013e                PIN_INT5_DriverIRQHandler
                0x000000000000013e                CMP_CAPT_DriverIRQHandler
                0x000000000000013e                PIN_INT7_DriverIRQHandler
                0x000000000000013e                ADC_THCMP_DriverIRQHandler
                0x000000000000013e                Reserved38_DriverIRQHandler
                0x000000000000013e                Reserved22_DriverIRQHandler
                0x000000000000013e                ADC_OVR_DriverIRQHandler
                0x000000000000013e                FLASH_DriverIRQHandler
                0x000000000000013e                PIN_INT6_DriverIRQHandler
                0x000000000000013e                WDT_DriverIRQHandler
                0x000000000000013e                PIN_INT1_DriverIRQHandler
                0x000000000000013e                Reserved25_DriverIRQHandler
                0x000000000000013e                BOD_DriverIRQHandler
                0x000000000000013e                Reserved37_DriverIRQHandler
                0x0000000000000140                SPI0_IRQHandler
                0x0000000000000148                Reserved17_IRQHandler
                0x0000000000000150                DAC0_IRQHandler
                0x0000000000000158                USART0_IRQHandler
                0x0000000000000160                USART1_IRQHandler
                0x0000000000000168                Reserved21_IRQHandler
                0x0000000000000170                Reserved22_IRQHandler
                0x0000000000000178                I2C1_IRQHandler
                0x0000000000000180                I2C0_IRQHandler
                0x0000000000000188                Reserved25_IRQHandler
                0x0000000000000190                MRT0_IRQHandler
                0x0000000000000198                CMP_CAPT_IRQHandler
                0x00000000000001a0                WDT_IRQHandler
                0x00000000000001a8                BOD_IRQHandler
                0x00000000000001b0                FLASH_IRQHandler
                0x00000000000001b8                WKT_IRQHandler
                0x00000000000001c0                ADC_SEQA_IRQHandler
                0x00000000000001c8                ADC_SEQB_IRQHandler
                0x00000000000001d0                ADC_THCMP_IRQHandler
                0x00000000000001d8                ADC_OVR_IRQHandler
                0x00000000000001e0                Reserved36_IRQHandler
                0x00000000000001e8                Reserved37_IRQHandler
                0x00000000000001f0                Reserved38_IRQHandler
                0x00000000000001f8                CTIMER0_IRQHandler
                0x0000000000000200                PIN_INT0_IRQHandler
                0x0000000000000208                PIN_INT1_IRQHandler
                0x0000000000000210                PIN_INT2_IRQHandler
                0x0000000000000218                PIN_INT3_IRQHandler
                0x0000000000000220                PIN_INT4_IRQHandler
                0x0000000000000228                PIN_INT5_IRQHandler
                0x0000000000000230                PIN_INT6_IRQHandler
                0x0000000000000238                PIN_INT7_IRQHandler
 .after_vectors.init_data
                0x0000000000000240       0x16 ./startup/startup_lpc804.o
                0x0000000000000240                data_init
 .after_vectors.init_bss
                0x0000000000000256       0x14 ./startup/startup_lpc804.o
                0x0000000000000256                bss_init
                0x00000000000002fc                . = 0x2fc
 *fill*         0x000000000000026a       0x92 ff
                0x00000000000002fc                PROVIDE (__CRP_WORD_START__ = .)
 *(SORT_BY_ALIGNMENT(.crp))
 .crp           0x00000000000002fc        0x4 ./startup/startup_lpc804.o
                0x00000000000002fc                CRP_WORD
                0x0000000000000300                PROVIDE (__CRP_WORD_END__ = .)
                0x0000000000000001                ASSERT (! ((__CRP_WORD_START__ == __CRP_WORD_END__)), Linker CRP Enabled, but no CRP_WORD provided within application)
 *(SORT_BY_ALIGNMENT(.text*))
 .text.DbgConsole_Putchar
                0x0000000000000300       0x24 ./utilities/fsl_debug_console.o
                0x0000000000000300                DbgConsole_Putchar
 .text.DbgConsole_Init
                0x0000000000000324       0x4c ./utilities/fsl_debug_console.o
                0x0000000000000324                DbgConsole_Init
 .text.DbgConsole_Vprintf
                0x0000000000000370      0x208 ./utilities/fsl_debug_console.o
                0x0000000000000370                DbgConsole_Vprintf
 .text.startup.main
                0x0000000000000578       0x78 ./source/Pad2.o
                0x0000000000000578                main
 .text.HardFault_Handler
                0x00000000000005f0       0x2c ./source/semihost_hardfault.o
                0x00000000000005f0                HardFault_Handler
 .text.CLOCK_GetMainClkFreq
                0x000000000000061c       0x40 ./drivers/fsl_clock.o
                0x000000000000061c                CLOCK_GetMainClkFreq
 .text.CLOCK_GetFRGInputClkFreq.constprop.0
                0x000000000000065c       0x2c ./drivers/fsl_clock.o
 .text.CLOCK_SetFRG0ClkFreq
                0x0000000000000688       0x50 ./drivers/fsl_clock.o
                0x0000000000000688                CLOCK_SetFRG0ClkFreq
 .text.CLOCK_SetMainClkSrc
                0x00000000000006d8       0x30 ./drivers/fsl_clock.o
                0x00000000000006d8                CLOCK_SetMainClkSrc
 .text.CLOCK_SetFroOscFreq
                0x0000000000000708       0x20 ./drivers/fsl_clock.o
                0x0000000000000708                CLOCK_SetFroOscFreq
 .text.CTIMER0_DriverIRQHandler
                0x0000000000000728       0x50 ./drivers/fsl_ctimer.o
                0x0000000000000728                CTIMER0_DriverIRQHandler
 .text.I2C_TransferCommonIRQHandler
                0x0000000000000778       0x1c ./drivers/fsl_i2c.o
 .text.I2C0_DriverIRQHandler
                0x0000000000000794       0x18 ./drivers/fsl_i2c.o
                0x0000000000000794                I2C0_DriverIRQHandler
 .text.I2C1_DriverIRQHandler
                0x00000000000007ac       0x18 ./drivers/fsl_i2c.o
                0x00000000000007ac                I2C1_DriverIRQHandler
 .text.RESET_PeripheralReset
                0x00000000000007c4       0x2c ./drivers/fsl_reset.o
                0x00000000000007c4                RESET_PeripheralReset
 .text.SPI_MasterTransferHandleIRQ.part.0
                0x00000000000007f0       0x24 ./drivers/fsl_spi.o
 .text.SPI_GetInstance
                0x0000000000000814       0x10 ./drivers/fsl_spi.o
                0x0000000000000814                SPI_GetInstance
 .text.SPI_SendTransfer
                0x0000000000000824       0x64 ./drivers/fsl_spi.o
 .text.SPI_SetDummyData
                0x0000000000000888       0x14 ./drivers/fsl_spi.o
                0x0000000000000888                SPI_SetDummyData
 .text.SPI_MasterSetBaudRate
                0x000000000000089c       0x30 ./drivers/fsl_spi.o
                0x000000000000089c                SPI_MasterSetBaudRate
 .text.SPI_MasterInit
                0x00000000000008cc       0xa4 ./drivers/fsl_spi.o
                0x00000000000008cc                SPI_MasterInit
 .text.SPI_MasterTransferCreateHandle
                0x0000000000000970       0x50 ./drivers/fsl_spi.o
                0x0000000000000970                SPI_MasterTransferCreateHandle
 .text.SPI_MasterTransferNonBlocking
                0x00000000000009c0       0xf8 ./drivers/fsl_spi.o
                0x00000000000009c0                SPI_MasterTransferNonBlocking
 .text.SPI0_DriverIRQHandler
                0x0000000000000ab8       0x2c ./drivers/fsl_spi.o
                0x0000000000000ab8                SPI0_DriverIRQHandler
 .text.USART_GetInstance
                0x0000000000000ae4       0x20 ./drivers/fsl_usart.o
                0x0000000000000ae4                USART_GetInstance
 .text.USART_SetBaudRate
                0x0000000000000b04       0xa4 ./drivers/fsl_usart.o
                0x0000000000000b04                USART_SetBaudRate
 .text.USART_Init
                0x0000000000000ba8      0x108 ./drivers/fsl_usart.o
                0x0000000000000ba8                USART_Init
 .text.USART_ReadBlocking
                0x0000000000000cb0       0x7c ./drivers/fsl_usart.o
                0x0000000000000cb0                USART_ReadBlocking
 .text.USART0_DriverIRQHandler
                0x0000000000000d2c       0x1c ./drivers/fsl_usart.o
                0x0000000000000d2c                USART0_DriverIRQHandler
 .text.USART1_DriverIRQHandler
                0x0000000000000d48       0x1c ./drivers/fsl_usart.o
                0x0000000000000d48                USART1_DriverIRQHandler
 .text.SystemInit
                0x0000000000000d64       0x24 ./device/system_LPC804.o
                0x0000000000000d64                SystemInit
 .text.HAL_UartInit
                0x0000000000000d88       0x6c ./component/uart/fsl_adapter_miniusart.o
                0x0000000000000d88                HAL_UartInit
 .text.HAL_UartReceiveBlocking
                0x0000000000000df4       0x2c ./component/uart/fsl_adapter_miniusart.o
                0x0000000000000df4                HAL_UartReceiveBlocking
 .text.HAL_UartSendBlocking
                0x0000000000000e20       0x18 ./component/uart/fsl_adapter_miniusart.o
                0x0000000000000e20                HAL_UartSendBlocking
 .text.BOARD_InitDebugConsole
                0x0000000000000e38       0x28 ./board/board.o
                0x0000000000000e38                BOARD_InitDebugConsole
 .text.POWER_DisablePD
                0x0000000000000e60       0x14 ./board/clock_config.o
 .text.BOARD_BootClockFRO18M
                0x0000000000000e74       0x70 ./board/clock_config.o
                0x0000000000000e74                BOARD_BootClockFRO18M
 .text.SPI0_init
                0x0000000000000ee4       0x2c ./board/peripherals.o
 .text.CLOCK_EnableClock
                0x0000000000000f10       0x14 ./board/pin_mux.o
 .text.BOARD_InitDEBUG_UARTPins
                0x0000000000000f24       0x44 ./board/pin_mux.o
                0x0000000000000f24                BOARD_InitDEBUG_UARTPins
 .text.BOARD_InitISPIPins
                0x0000000000000f68       0x48 ./board/pin_mux.o
                0x0000000000000f68                BOARD_InitISPIPins
 .text._initio  0x0000000000000fb0       0x7c /Applications/MCUXpressoIDE_11.7.0_9198/ide/plugins/com.nxp.mcuxpresso.tools.macosx_11.7.0.202209140929/tools/bin/../lib/gcc/arm-none-eabi/10.3.1/../../../../arm-none-eabi/lib/thumb/v6-m/nofp/libcr_c.a(initio.o)
                0x0000000000000fb0                _initio
 .text.setvbuf  0x000000000000102c       0x4c /Applications/MCUXpressoIDE_11.7.0_9198/ide/plugins/com.nxp.mcuxpresso.tools.macosx_11.7.0.202209140929/tools/bin/../lib/gcc/arm-none-eabi/10.3.1/../../../../arm-none-eabi/lib/thumb/v6-m/nofp/libcr_c.a(setvbuf.o)
                0x000000000000102c                setvbuf
 .text.strlen   0x0000000000001078       0x58 /Applications/MCUXpressoIDE_11.7.0_9198/ide/plugins/com.nxp.mcuxpresso.tools.macosx_11.7.0.202209140929/tools/bin/../lib/gcc/arm-none-eabi/10.3.1/../../../../arm-none-eabi/lib/thumb/v6-m/nofp/libcr_c.a(strlen.o)
                0x0000000000001078                strlen
 .text._deferredlazyseek
                0x00000000000010d0       0x40 /Applications/MCUXpressoIDE_11.7.0_9198/ide/plugins/com.nxp.mcuxpresso.tools.macosx_11.7.0.202209140929/tools/bin/../lib/gcc/arm-none-eabi/10.3.1/../../../../arm-none-eabi/lib/thumb/v6-m/nofp/libcr_c.a(_deferredlazyseek.o)
                0x00000000000010d0                _deferredlazyseek
 .text._fdopen  0x0000000000001110       0x74 /Applications/MCUXpressoIDE_11.7.0_9198/ide/plugins/com.nxp.mcuxpresso.tools.macosx_11.7.0.202209140929/tools/bin/../lib/gcc/arm-none-eabi/10.3.1/../../../../arm-none-eabi/lib/thumb/v6-m/nofp/libcr_c.a(_fdopen.o)
                0x0000000000001110                _fdopen
 .text._fflush  0x0000000000001184       0x60 /Applications/MCUXpressoIDE_11.7.0_9198/ide/plugins/com.nxp.mcuxpresso.tools.macosx_11.7.0.202209140929/tools/bin/../lib/gcc/arm-none-eabi/10.3.1/../../../../arm-none-eabi/lib/thumb/v6-m/nofp/libcr_c.a(_fflush.o)
                0x0000000000001184                _fflush
 .text._Cwritebuf
                0x00000000000011e4       0x68 /Applications/MCUXpressoIDE_11.7.0_9198/ide/plugins/com.nxp.mcuxpresso.tools.macosx_11.7.0.202209140929/tools/bin/../lib/gcc/arm-none-eabi/10.3.1/../../../../arm-none-eabi/lib/thumb/v6-m/nofp/libcr_c.a(_writebuf.o)
                0x00000000000011e4                _Cwritebuf
 .text.fclose   0x000000000000124c       0x5c /Applications/MCUXpressoIDE_11.7.0_9198/ide/plugins/com.nxp.mcuxpresso.tools.macosx_11.7.0.202209140929/tools/bin/../lib/gcc/arm-none-eabi/10.3.1/../../../../arm-none-eabi/lib/thumb/v6-m/nofp/libcr_c.a(fclose.o)
                0x000000000000124c                fclose
 .text.fflush   0x00000000000012a8       0x44 /Applications/MCUXpressoIDE_11.7.0_9198/ide/plugins/com.nxp.mcuxpresso.tools.macosx_11.7.0.202209140929/tools/bin/../lib/gcc/arm-none-eabi/10.3.1/../../../../arm-none-eabi/lib/thumb/v6-m/nofp/libcr_c.a(fflush.o)
                0x00000000000012a8                fflush
 .text.fseek    0x00000000000012ec       0xf0 /Applications/MCUXpressoIDE_11.7.0_9198/ide/plugins/com.nxp.mcuxpresso.tools.macosx_11.7.0.202209140929/tools/bin/../lib/gcc/arm-none-eabi/10.3.1/../../../../arm-none-eabi/lib/thumb/v6-m/nofp/libcr_c.a(fseek.o)
                0x00000000000012ec                fseek
 .text.ftell    0x00000000000013dc       0x48 /Applications/MCUXpressoIDE_11.7.0_9198/ide/plugins/com.nxp.mcuxpresso.tools.macosx_11.7.0.202209140929/tools/bin/../lib/gcc/arm-none-eabi/10.3.1/../../../../arm-none-eabi/lib/thumb/v6-m/nofp/libcr_c.a(ftell.o)
                0x00000000000013dc                ftell
 .text._do_fflush
                0x0000000000001424       0x48 /Applications/MCUXpressoIDE_11.7.0_9198/ide/plugins/com.nxp.mcuxpresso.tools.macosx_11.7.0.202209140929/tools/bin/../lib/gcc/arm-none-eabi/10.3.1/../../../../arm-none-eabi/lib/thumb/v6-m/nofp/libcr_c.a(_do_fflush.o)
                0x0000000000001424                _do_fflush
 .text.DbgConsole_ConvertRadixNumToString.constprop.0
                0x000000000000146c       0x4a ./utilities/fsl_debug_console.o
 .text.DbgConsole_Printf
                0x00000000000014b6       0x16 ./utilities/fsl_debug_console.o
                0x00000000000014b6                DbgConsole_Printf
 .text.SPI_ReceiveTransfer
                0x00000000000014cc       0x3a ./drivers/fsl_spi.o
 .text.SPI_MasterTransferHandleIRQ
                0x0000000000001506       0x34 ./drivers/fsl_spi.o
                0x0000000000001506                SPI_MasterTransferHandleIRQ
 .text.SPI_SetTransferDelay
                0x000000000000153a       0x2a ./drivers/fsl_spi.o
                0x000000000000153a                SPI_SetTransferDelay
 .text.SWM_SetMovablePinSelect
                0x0000000000001564       0x1e ./drivers/fsl_swm.o
                0x0000000000001564                SWM_SetMovablePinSelect
 .text.USART_GetDefaultConfig
                0x0000000000001582       0x20 ./drivers/fsl_usart.o
                0x0000000000001582                USART_GetDefaultConfig
 .text.USART_WriteBlocking
                0x00000000000015a2       0x24 ./drivers/fsl_usart.o
                0x00000000000015a2                USART_WriteBlocking
 .text.SystemInitHook
                0x00000000000015c6        0x2 ./device/system_LPC804.o
                0x00000000000015c6                SystemInitHook
 .text.BOARD_InitBootClocks
                0x00000000000015c8        0x8 ./board/clock_config.o
                0x00000000000015c8                BOARD_InitBootClocks
 .text.BOARD_InitBootPeripherals
                0x00000000000015d0        0x8 ./board/peripherals.o
                0x00000000000015d0                BOARD_InitBootPeripherals
 .text.BOARD_InitBootPins
                0x00000000000015d8        0xc ./board/pin_mux.o
                0x00000000000015d8                BOARD_InitBootPins
 .text.__main   0x00000000000015e4        0xc /Applications/MCUXpressoIDE_11.7.0_9198/ide/plugins/com.nxp.mcuxpresso.tools.macosx_11.7.0.202209140929/tools/bin/../lib/gcc/arm-none-eabi/10.3.1/../../../../arm-none-eabi/lib/thumb/v6-m/nofp/libcr_nohost_nf.a(_cr__main.o)
                0x00000000000015e4                __main
 .text.memcpy   0x00000000000015f0        0x8 /Applications/MCUXpressoIDE_11.7.0_9198/ide/plugins/com.nxp.mcuxpresso.tools.macosx_11.7.0.202209140929/tools/bin/../lib/gcc/arm-none-eabi/10.3.1/../../../../arm-none-eabi/lib/thumb/v6-m/nofp/libcr_c.a(memcpy.o)
                0x00000000000015f0                memcpy
 .text.memset   0x00000000000015f8        0x8 /Applications/MCUXpressoIDE_11.7.0_9198/ide/plugins/com.nxp.mcuxpresso.tools.macosx_11.7.0.202209140929/tools/bin/../lib/gcc/arm-none-eabi/10.3.1/../../../../arm-none-eabi/lib/thumb/v6-m/nofp/libcr_c.a(memset.o)
                0x00000000000015f8                memset
 .text.free     0x0000000000001600       0x2c /Applications/MCUXpressoIDE_11.7.0_9198/ide/plugins/com.nxp.mcuxpresso.tools.macosx_11.7.0.202209140929/tools/bin/../lib/gcc/arm-none-eabi/10.3.1/../../../../arm-none-eabi/lib/thumb/v6-m/nofp/libcr_c.a(alloc.o)
                0x0000000000001600                free
 .text.remove   0x000000000000162c       0x12 /Applications/MCUXpressoIDE_11.7.0_9198/ide/plugins/com.nxp.mcuxpresso.tools.macosx_11.7.0.202209140929/tools/bin/../lib/gcc/arm-none-eabi/10.3.1/../../../../arm-none-eabi/lib/thumb/v6-m/nofp/libcr_c.a(remove.o)
                0x000000000000162c                remove
 .text.__aeabi_division_idivmod
                0x000000000000163e       0x78 /Applications/MCUXpressoIDE_11.7.0_9198/ide/plugins/com.nxp.mcuxpresso.tools.macosx_11.7.0.202209140929/tools/bin/../lib/gcc/arm-none-eabi/10.3.1/thumb/v6-m/nofp/libcr_eabihelpers.a(division_32.o)
                0x000000000000163e                __aeabi_idiv
                0x000000000000163e                __aeabi_idivmod
                0x0000000000001644                __aeabi_uidiv
                0x0000000000001644                __aeabi_uidivmod
 .text.__aeabi_division_uldivmod
                0x00000000000016b6       0x5a /Applications/MCUXpressoIDE_11.7.0_9198/ide/plugins/com.nxp.mcuxpresso.tools.macosx_11.7.0.202209140929/tools/bin/../lib/gcc/arm-none-eabi/10.3.1/thumb/v6-m/nofp/libcr_eabihelpers.a(division_64.o)
                0x00000000000016b6                __aeabi_uldivmod
 .text.__aeabi_division_idiv0
                0x0000000000001710        0x2 /Applications/MCUXpressoIDE_11.7.0_9198/ide/plugins/com.nxp.mcuxpresso.tools.macosx_11.7.0.202209140929/tools/bin/../lib/gcc/arm-none-eabi/10.3.1/thumb/v6-m/nofp/libcr_eabihelpers.a(division_idiv0.o)
                0x0000000000001710                __aeabi_idiv0
 .text.__aeabi_memcpy
                0x0000000000001712       0x2c /Applications/MCUXpressoIDE_11.7.0_9198/ide/plugins/com.nxp.mcuxpresso.tools.macosx_11.7.0.202209140929/tools/bin/../lib/gcc/arm-none-eabi/10.3.1/thumb/v6-m/nofp/libcr_eabihelpers.a(memcpy.o)
                0x0000000000001712                __aeabi_memcpy
                0x0000000000001712                __aeabi_memcpy4
                0x0000000000001712                __aeabi_memcpy8
 .text.__aeabi_memset_lowlevel
                0x000000000000173e       0x2a /Applications/MCUXpressoIDE_11.7.0_9198/ide/plugins/com.nxp.mcuxpresso.tools.macosx_11.7.0.202209140929/tools/bin/../lib/gcc/arm-none-eabi/10.3.1/thumb/v6-m/nofp/libcr_eabihelpers.a(memcpy.o)
                0x000000000000173e                __aeabi_lowlevel_memset
 .text.__gnu_thumb1_case_uqi
                0x0000000000001768       0x10 /Applications/MCUXpressoIDE_11.7.0_9198/ide/plugins/com.nxp.mcuxpresso.tools.macosx_11.7.0.202209140929/tools/bin/../lib/gcc/arm-none-eabi/10.3.1/thumb/v6-m/nofp/libcr_eabihelpers.a(thumb1_switch_helpers.o)
                0x0000000000001768                __gnu_thumb1_case_uqi
 .text.__sys_close
                0x0000000000001778        0x6 /Applications/MCUXpressoIDE_11.7.0_9198/ide/plugins/com.nxp.mcuxpresso.tools.macosx_11.7.0.202209140929/tools/bin/../lib/gcc/arm-none-eabi/10.3.1/../../../../arm-none-eabi/lib/thumb/v6-m/nofp/libcr_nohost_nf.a(__sys_close.o)
                0x0000000000001778                __sys_close
 .text.__sys_flen
                0x000000000000177e        0x6 /Applications/MCUXpressoIDE_11.7.0_9198/ide/plugins/com.nxp.mcuxpresso.tools.macosx_11.7.0.202209140929/tools/bin/../lib/gcc/arm-none-eabi/10.3.1/../../../../arm-none-eabi/lib/thumb/v6-m/nofp/libcr_nohost_nf.a(__sys_flen.o)
                0x000000000000177e                __sys_flen
 .text.__sys_istty
                0x0000000000001784        0x6 /Applications/MCUXpressoIDE_11.7.0_9198/ide/plugins/com.nxp.mcuxpresso.tools.macosx_11.7.0.202209140929/tools/bin/../lib/gcc/arm-none-eabi/10.3.1/../../../../arm-none-eabi/lib/thumb/v6-m/nofp/libcr_nohost_nf.a(__sys_istty.o)
                0x0000000000001784                __sys_istty
 .text.__sys_remove
                0x000000000000178a        0x6 /Applications/MCUXpressoIDE_11.7.0_9198/ide/plugins/com.nxp.mcuxpresso.tools.macosx_11.7.0.202209140929/tools/bin/../lib/gcc/arm-none-eabi/10.3.1/../../../../arm-none-eabi/lib/thumb/v6-m/nofp/libcr_nohost_nf.a(__sys_remove.o)
                0x000000000000178a                __sys_remove
 .text.__sys_seek
                0x0000000000001790        0x6 /Applications/MCUXpressoIDE_11.7.0_9198/ide/plugins/com.nxp.mcuxpresso.tools.macosx_11.7.0.202209140929/tools/bin/../lib/gcc/arm-none-eabi/10.3.1/../../../../arm-none-eabi/lib/thumb/v6-m/nofp/libcr_nohost_nf.a(__sys_seek.o)
                0x0000000000001790                __sys_seek
 .text.__sys_tmpnam
                0x0000000000001796        0x6 /Applications/MCUXpressoIDE_11.7.0_9198/ide/plugins/com.nxp.mcuxpresso.tools.macosx_11.7.0.202209140929/tools/bin/../lib/gcc/arm-none-eabi/10.3.1/../../../../arm-none-eabi/lib/thumb/v6-m/nofp/libcr_nohost_nf.a(__sys_tmpnam.o)
                0x0000000000001796                __sys_tmpnam
 .text.__sys_write
                0x000000000000179c        0x4 /Applications/MCUXpressoIDE_11.7.0_9198/ide/plugins/com.nxp.mcuxpresso.tools.macosx_11.7.0.202209140929/tools/bin/../lib/gcc/arm-none-eabi/10.3.1/../../../../arm-none-eabi/lib/thumb/v6-m/nofp/libcr_nohost_nf.a(__sys_write.o)
                0x000000000000179c                __sys_write
 *(SORT_BY_ALIGNMENT(.rodata) SORT_BY_ALIGNMENT(.rodata.*) SORT_BY_ALIGNMENT(.constdata) SORT_BY_ALIGNMENT(.constdata.*))
 .rodata.s_usartRest
                0x00000000000017a0        0x8 ./drivers/fsl_usart.o
 .rodata.s_UsartAdapterBase
                0x00000000000017a8        0x8 ./component/uart/fsl_adapter_miniusart.o
 .rodata.SPI0_config
                0x00000000000017b0       0x18 ./board/peripherals.o
                0x00000000000017b0                SPI0_config
 .rodata.__num_Ciob_streams
                0x00000000000017c8        0x4 /Applications/MCUXpressoIDE_11.7.0_9198/ide/plugins/com.nxp.mcuxpresso.tools.macosx_11.7.0.202209140929/tools/bin/../lib/gcc/arm-none-eabi/10.3.1/../../../../arm-none-eabi/lib/thumb/v6-m/nofp/libcr_nohost_nf.a(__ciob.o)
                0x00000000000017c8                __num_Ciob_streams
 .rodata.s_usartClock
                0x00000000000017cc        0x4 ./drivers/fsl_usart.o
 .rodata.main.str1.1
                0x00000000000017d0        0xa ./source/Pad2.o
                                          0xd (size before relaxing)
 .rodata._initio.str1.1
                0x00000000000017da        0x4 /Applications/MCUXpressoIDE_11.7.0_9198/ide/plugins/com.nxp.mcuxpresso.tools.macosx_11.7.0.202209140929/tools/bin/../lib/gcc/arm-none-eabi/10.3.1/../../../../arm-none-eabi/lib/thumb/v6-m/nofp/libcr_c.a(initio.o)
                0x00000000000017e0                . = ALIGN (0x4)
 *fill*         0x00000000000017de        0x2 ff

.glue_7         0x00000000000017e0        0x0
 .glue_7        0x00000000000017e0        0x0 linker stubs

.glue_7t        0x00000000000017e0        0x0
 .glue_7t       0x00000000000017e0        0x0 linker stubs

.vfp11_veneer   0x00000000000017e0        0x0
 .vfp11_veneer  0x00000000000017e0        0x0 linker stubs

.v4_bx          0x00000000000017e0        0x0
 .v4_bx         0x00000000000017e0        0x0 linker stubs

.iplt           0x00000000000017e0        0x0
 .iplt          0x00000000000017e0        0x0 ./utilities/fsl_debug_console.o

.rel.dyn        0x00000000000017e0        0x0
 .rel.iplt      0x00000000000017e0        0x0 ./utilities/fsl_debug_console.o

.ARM.extab
 *(SORT_BY_ALIGNMENT(.ARM.extab*) SORT_BY_ALIGNMENT(.gnu.linkonce.armextab.*))

.ARM.exidx      0x00000000000017e0        0x0
                0x00000000000017e0                __exidx_start = .
 *(SORT_BY_ALIGNMENT(.ARM.exidx*) SORT_BY_ALIGNMENT(.gnu.linkonce.armexidx.*))
                0x00000000000017e0                __exidx_end = .
                0x00000000000017e0                _etext = .

.data_RAM2      0x0000000010000fe0        0x0 load address 0x00000000000017e0
 FILL mask 0xff
                [!provide]                        PROVIDE (__start_data_RAM2 = .)
                [!provide]                        PROVIDE (__start_data_IAP_SRAM = .)
 *(SORT_BY_ALIGNMENT(.ramfunc.$RAM2))
 *(SORT_BY_ALIGNMENT(.ramfunc.$IAP_SRAM))
 *(SORT_BY_ALIGNMENT(.data.$RAM2))
 *(SORT_BY_ALIGNMENT(.data.$IAP_SRAM))
 *(SORT_BY_ALIGNMENT(.data.$RAM2.*))
 *(SORT_BY_ALIGNMENT(.data.$IAP_SRAM.*))
                0x0000000010000fe0                . = ALIGN (0x4)
                [!provide]                        PROVIDE (__end_data_RAM2 = .)
                [!provide]                        PROVIDE (__end_data_IAP_SRAM = .)

.uninit_RESERVED
                0x0000000010000000        0x0
                0x0000000010000000                _start_uninit_RESERVED = .
 *(SORT_BY_ALIGNMENT(.bss.$RESERVED*))
                0x0000000010000000                . = ALIGN (0x4)
                0x0000000010000000                _end_uninit_RESERVED = .

.data           0x0000000010000000       0x18 load address 0x00000000000017e0
 FILL mask 0xff
                0x0000000010000000                _data = .
                [!provide]                        PROVIDE (__start_data_RAM = .)
                [!provide]                        PROVIDE (__start_data_SRAM = .)
 *(SORT_BY_ALIGNMENT(vtable))
 *(SORT_BY_ALIGNMENT(.ramfunc*))
 *(SORT_BY_ALIGNMENT(CodeQuickAccess))
 *(SORT_BY_ALIGNMENT(DataQuickAccess))
 *(SORT_BY_ALIGNMENT(RamFunction))
 *(SORT_BY_ALIGNMENT(.data*))
 .data.g_LP_Osc_Freq
                0x0000000010000000        0x4 ./drivers/fsl_clock.o
                0x0000000010000000                g_LP_Osc_Freq
 .data.SystemCoreClock
                0x0000000010000004        0x4 ./device/system_LPC804.o
                0x0000000010000004                SystemCoreClock
 .data.SPI0_transfer
                0x0000000010000008       0x10 ./board/peripherals.o
                0x0000000010000008                SPI0_transfer
                0x0000000010000018                . = ALIGN (0x4)
                0x0000000010000018                _edata = .
                [!provide]                        PROVIDE (__end_data_RAM = .)
                [!provide]                        PROVIDE (__end_data_SRAM = .)

.igot.plt       0x0000000010000018        0x0 load address 0x00000000000017f8
 .igot.plt      0x0000000010000018        0x0 ./utilities/fsl_debug_console.o

.bss_RAM2       0x0000000010000fe0        0x0
                [!provide]                        PROVIDE (__start_bss_RAM2 = .)
                [!provide]                        PROVIDE (__start_bss_IAP_SRAM = .)
 *(SORT_BY_ALIGNMENT(.bss.$RAM2))
 *(SORT_BY_ALIGNMENT(.bss.$IAP_SRAM))
 *(SORT_BY_ALIGNMENT(.bss.$RAM2.*))
 *(SORT_BY_ALIGNMENT(.bss.$IAP_SRAM.*))
                0x0000000010000fe0                . = ALIGN ((. != 0x0)?0x4:0x1)
                [!provide]                        PROVIDE (__end_bss_RAM2 = .)
                [!provide]                        PROVIDE (__end_bss_IAP_SRAM = .)

.bss            0x0000000010000018      0x140
                0x0000000010000018                _bss = .
                [!provide]                        PROVIDE (__start_bss_RAM = .)
                [!provide]                        PROVIDE (__start_bss_SRAM = .)
 *(SORT_BY_ALIGNMENT(.bss*))
 .bss.s_debugConsole
                0x0000000010000018       0x14 ./utilities/fsl_debug_console.o
 .bss.g_Ext_Clk_Freq
                0x000000001000002c        0x4 ./drivers/fsl_clock.o
                0x000000001000002c                g_Ext_Clk_Freq
 .bss.g_Fro_Osc_Freq
                0x0000000010000030        0x4 ./drivers/fsl_clock.o
                0x0000000010000030                g_Fro_Osc_Freq
 .bss.s_ctimerCallback
                0x0000000010000034        0x4 ./drivers/fsl_ctimer.o
 .bss.s_i2cHandle
                0x0000000010000038        0x8 ./drivers/fsl_i2c.o
 .bss.s_i2cMasterIsr
                0x0000000010000040        0x4 ./drivers/fsl_i2c.o
 .bss.s_i2cSlaveIsr
                0x0000000010000044        0x4 ./drivers/fsl_i2c.o
 .bss.s_spiHandle
                0x0000000010000048        0x4 ./drivers/fsl_spi.o
 .bss.s_spiMasterIsr
                0x000000001000004c        0x4 ./drivers/fsl_spi.o
 .bss.s_spiSlaveIsr
                0x0000000010000050        0x4 ./drivers/fsl_spi.o
 .bss.s_usartHandle
                0x0000000010000054        0x8 ./drivers/fsl_usart.o
 .bss.s_usartIsr
                0x000000001000005c        0x4 ./drivers/fsl_usart.o
 .bss.SPI0_handle
                0x0000000010000060       0x28 ./board/peripherals.o
                0x0000000010000060                SPI0_handle
 .bss.errno     0x0000000010000088        0x4 /Applications/MCUXpressoIDE_11.7.0_9198/ide/plugins/com.nxp.mcuxpresso.tools.macosx_11.7.0.202209140929/tools/bin/../lib/gcc/arm-none-eabi/10.3.1/../../../../arm-none-eabi/lib/thumb/v6-m/nofp/libcr_c.a(errno.o)
                0x0000000010000088                errno
 .bss.__Ciob    0x000000001000008c       0xb4 /Applications/MCUXpressoIDE_11.7.0_9198/ide/plugins/com.nxp.mcuxpresso.tools.macosx_11.7.0.202209140929/tools/bin/../lib/gcc/arm-none-eabi/10.3.1/../../../../arm-none-eabi/lib/thumb/v6-m/nofp/libcr_nohost_nf.a(__ciob.o)
                0x000000001000008c                __Ciob
 .bss.s_dummyData
                0x0000000010000140        0x2 ./drivers/fsl_spi.o
                0x0000000010000140                s_dummyData
 .bss.ctimerCallbackType
                0x0000000010000142        0x1 ./drivers/fsl_ctimer.o
 .bss.SPI0_rxBuffer
                0x0000000010000143        0x9 ./board/peripherals.o
                0x0000000010000143                SPI0_rxBuffer
 .bss.SPI0_txBuffer
                0x000000001000014c        0x9 ./board/peripherals.o
                0x000000001000014c                SPI0_txBuffer
 *(SORT_BY_ALIGNMENT(COMMON))
                0x0000000010000158                . = ALIGN (0x4)
 *fill*         0x0000000010000155        0x3 
                0x0000000010000158                _ebss = .
                [!provide]                        PROVIDE (__end_bss_RAM = .)
                [!provide]                        PROVIDE (__end_bss_SRAM = .)
                [!provide]                        PROVIDE (end = .)

.noinit_RAM2    0x0000000010000fe0        0x0
                [!provide]                        PROVIDE (__start_noinit_RAM2 = .)
                [!provide]                        PROVIDE (__start_noinit_IAP_SRAM = .)
 *(SORT_BY_ALIGNMENT(.noinit.$RAM2))
 *(SORT_BY_ALIGNMENT(.noinit.$IAP_SRAM))
 *(SORT_BY_ALIGNMENT(.noinit.$RAM2.*))
 *(SORT_BY_ALIGNMENT(.noinit.$IAP_SRAM.*))
                0x0000000010000fe0                . = ALIGN (0x4)
                [!provide]                        PROVIDE (__end_noinit_RAM2 = .)
                [!provide]                        PROVIDE (__end_noinit_IAP_SRAM = .)

.noinit         0x0000000010000158        0x0
                0x0000000010000158                _noinit = .
                [!provide]                        PROVIDE (__start_noinit_RAM = .)
                [!provide]                        PROVIDE (__start_noinit_SRAM = .)
 *(SORT_BY_ALIGNMENT(.noinit*))
                0x0000000010000158                . = ALIGN (0x4)
                0x0000000010000158                _end_noinit = .
                [!provide]                        PROVIDE (__end_noinit_RAM = .)
                [!provide]                        PROVIDE (__end_noinit_SRAM = .)
                0x00000000000000f8                _HeapSize = 0xf8

.heap           0x0000000010000158       0xf8
                0x0000000010000158                _pvHeapStart = .
                0x0000000010000250                . = (. + _HeapSize)
 *fill*         0x0000000010000158       0xf8 
                0x0000000010000250                . = ALIGN (0x4)
                0x0000000010000250                _pvHeapLimit = .
                0x00000000000000f8                _StackSize = 0xf8

.heap2stackfill
                0x0000000010000250       0xf8
                0x0000000010000348                . = (. + _StackSize)
 *fill*         0x0000000010000250       0xf8 

.stack          0x0000000010000ee8        0x0
                0x0000000010000ee8                _vStackBase = .
                0x0000000010000ee8                . = ALIGN (0x4)
                0x0000000010000fe0                _vStackTop = (. + _StackSize)
                0xffffffffefffe811                PROVIDE (__valid_user_code_checksum = (0x0 - (((_vStackTop + (ResetISR + 0x1)) + (DEFINED (NMI_Handler)?NMI_Handler:M0_NMI_Handler + 0x1)) + (DEFINED (HardFault_Handler)?HardFault_Handler:M0_HardFault_Handler + 0x1))))
                0x0000000000000000                _image_start = LOADADDR (.text)
                0x00000000000017f8                _image_end = (LOADADDR (.data) + SIZEOF (.data))
                0x00000000000017f8                _image_size = (_image_end - _image_start)
OUTPUT(Pad2.axf elf32-littlearm)
LOAD linker stubs

.debug_info     0x0000000000000000    0x11839
 .debug_info    0x0000000000000000     0x1303 ./utilities/fsl_debug_console.o
 .debug_info    0x0000000000001303      0x664 ./startup/startup_lpc804.o
 .debug_info    0x0000000000001967      0x443 ./source/Pad2.o
 .debug_info    0x0000000000001daa       0x38 ./source/semihost_hardfault.o
 .debug_info    0x0000000000001de2     0x11e1 ./drivers/fsl_clock.o
 .debug_info    0x0000000000002fc3     0x16e6 ./drivers/fsl_ctimer.o
 .debug_info    0x00000000000046a9     0x368d ./drivers/fsl_i2c.o
 .debug_info    0x0000000000007d36      0x642 ./drivers/fsl_reset.o
 .debug_info    0x0000000000008378     0x2273 ./drivers/fsl_spi.o
 .debug_info    0x000000000000a5eb      0x790 ./drivers/fsl_swm.o
 .debug_info    0x000000000000ad7b     0x20d3 ./drivers/fsl_usart.o
 .debug_info    0x000000000000ce4e      0x5b4 ./device/system_LPC804.o
 .debug_info    0x000000000000d402      0xec0 ./component/uart/fsl_adapter_miniusart.o
 .debug_info    0x000000000000e2c2      0xa0e ./board/board.o
 .debug_info    0x000000000000ecd0      0xa23 ./board/clock_config.o
 .debug_info    0x000000000000f6f3      0xc8d ./board/peripherals.o
 .debug_info    0x0000000000010380     0x14b9 ./board/pin_mux.o

.debug_abbrev   0x0000000000000000     0x2e83
 .debug_abbrev  0x0000000000000000      0x37d ./utilities/fsl_debug_console.o
 .debug_abbrev  0x000000000000037d      0x192 ./startup/startup_lpc804.o
 .debug_abbrev  0x000000000000050f      0x1dd ./source/Pad2.o
 .debug_abbrev  0x00000000000006ec       0x2e ./source/semihost_hardfault.o
 .debug_abbrev  0x000000000000071a      0x431 ./drivers/fsl_clock.o
 .debug_abbrev  0x0000000000000b4b      0x46b ./drivers/fsl_ctimer.o
 .debug_abbrev  0x0000000000000fb6      0x530 ./drivers/fsl_i2c.o
 .debug_abbrev  0x00000000000014e6      0x1a6 ./drivers/fsl_reset.o
 .debug_abbrev  0x000000000000168c      0x4df ./drivers/fsl_spi.o
 .debug_abbrev  0x0000000000001b6b      0x182 ./drivers/fsl_swm.o
 .debug_abbrev  0x0000000000001ced      0x4a8 ./drivers/fsl_usart.o
 .debug_abbrev  0x0000000000002195      0x147 ./device/system_LPC804.o
 .debug_abbrev  0x00000000000022dc      0x2a0 ./component/uart/fsl_adapter_miniusart.o
 .debug_abbrev  0x000000000000257c      0x1d0 ./board/board.o
 .debug_abbrev  0x000000000000274c      0x20e ./board/clock_config.o
 .debug_abbrev  0x000000000000295a      0x1f1 ./board/peripherals.o
 .debug_abbrev  0x0000000000002b4b      0x338 ./board/pin_mux.o

.debug_loc      0x0000000000000000     0x7026
 .debug_loc     0x0000000000000000      0xc7c ./utilities/fsl_debug_console.o
 .debug_loc     0x0000000000000c7c      0x234 ./startup/startup_lpc804.o
 .debug_loc     0x0000000000000eb0       0x8d ./source/Pad2.o
 .debug_loc     0x0000000000000f3d      0x3fa ./drivers/fsl_clock.o
 .debug_loc     0x0000000000001337      0xa33 ./drivers/fsl_ctimer.o
 .debug_loc     0x0000000000001d6a     0x2a23 ./drivers/fsl_i2c.o
 .debug_loc     0x000000000000478d      0x175 ./drivers/fsl_reset.o
 .debug_loc     0x0000000000004902      0xf08 ./drivers/fsl_spi.o
 .debug_loc     0x000000000000580a      0x206 ./drivers/fsl_swm.o
 .debug_loc     0x0000000000005a10      0xe7f ./drivers/fsl_usart.o
 .debug_loc     0x000000000000688f      0x276 ./component/uart/fsl_adapter_miniusart.o
 .debug_loc     0x0000000000006b05       0x2d ./board/board.o
 .debug_loc     0x0000000000006b32      0x132 ./board/clock_config.o
 .debug_loc     0x0000000000006c64      0x3c2 ./board/pin_mux.o

.debug_aranges  0x0000000000000000      0x740
 .debug_aranges
                0x0000000000000000       0x58 ./utilities/fsl_debug_console.o
 .debug_aranges
                0x0000000000000058      0x160 ./startup/startup_lpc804.o
 .debug_aranges
                0x00000000000001b8       0x20 ./source/Pad2.o
 .debug_aranges
                0x00000000000001d8       0x20 ./source/semihost_hardfault.o
 .debug_aranges
                0x00000000000001f8       0x78 ./drivers/fsl_clock.o
 .debug_aranges
                0x0000000000000270       0x78 ./drivers/fsl_ctimer.o
 .debug_aranges
                0x00000000000002e8      0x128 ./drivers/fsl_i2c.o
 .debug_aranges
                0x0000000000000410       0x20 ./drivers/fsl_reset.o
 .debug_aranges
                0x0000000000000430       0xd0 ./drivers/fsl_spi.o
 .debug_aranges
                0x0000000000000500       0x30 ./drivers/fsl_swm.o
 .debug_aranges
                0x0000000000000530       0xb8 ./drivers/fsl_usart.o
 .debug_aranges
                0x00000000000005e8       0x30 ./device/system_LPC804.o
 .debug_aranges
                0x0000000000000618       0x40 ./component/uart/fsl_adapter_miniusart.o
 .debug_aranges
                0x0000000000000658       0x20 ./board/board.o
 .debug_aranges
                0x0000000000000678       0x40 ./board/clock_config.o
 .debug_aranges
                0x00000000000006b8       0x28 ./board/peripherals.o
 .debug_aranges
                0x00000000000006e0       0x60 ./board/pin_mux.o

.debug_ranges   0x0000000000000000     0x1068
 .debug_ranges  0x0000000000000000       0xa0 ./utilities/fsl_debug_console.o
 .debug_ranges  0x00000000000000a0      0x150 ./startup/startup_lpc804.o
 .debug_ranges  0x00000000000001f0       0x28 ./source/Pad2.o
 .debug_ranges  0x0000000000000218       0x10 ./source/semihost_hardfault.o
 .debug_ranges  0x0000000000000228       0xb0 ./drivers/fsl_clock.o
 .debug_ranges  0x00000000000002d8      0x110 ./drivers/fsl_ctimer.o
 .debug_ranges  0x00000000000003e8      0x520 ./drivers/fsl_i2c.o
 .debug_ranges  0x0000000000000908       0x28 ./drivers/fsl_reset.o
 .debug_ranges  0x0000000000000930      0x238 ./drivers/fsl_spi.o
 .debug_ranges  0x0000000000000b68       0x20 ./drivers/fsl_swm.o
 .debug_ranges  0x0000000000000b88      0x168 ./drivers/fsl_usart.o
 .debug_ranges  0x0000000000000cf0       0x20 ./device/system_LPC804.o
 .debug_ranges  0x0000000000000d10       0x48 ./component/uart/fsl_adapter_miniusart.o
 .debug_ranges  0x0000000000000d58       0x38 ./board/board.o
 .debug_ranges  0x0000000000000d90      0x198 ./board/clock_config.o
 .debug_ranges  0x0000000000000f28       0x18 ./board/peripherals.o
 .debug_ranges  0x0000000000000f40      0x128 ./board/pin_mux.o

.debug_line     0x0000000000000000     0x7389
 .debug_line    0x0000000000000000      0x8a3 ./utilities/fsl_debug_console.o
 .debug_line    0x00000000000008a3      0x3bb ./startup/startup_lpc804.o
 .debug_line    0x0000000000000c5e      0x3b2 ./source/Pad2.o
 .debug_line    0x0000000000001010       0x5a ./source/semihost_hardfault.o
 .debug_line    0x000000000000106a      0x6c8 ./drivers/fsl_clock.o
 .debug_line    0x0000000000001732      0x8ff ./drivers/fsl_ctimer.o
 .debug_line    0x0000000000002031     0x1c86 ./drivers/fsl_i2c.o
 .debug_line    0x0000000000003cb7      0x196 ./drivers/fsl_reset.o
 .debug_line    0x0000000000003e4d      0xf21 ./drivers/fsl_spi.o
 .debug_line    0x0000000000004d6e      0x22b ./drivers/fsl_swm.o
 .debug_line    0x0000000000004f99      0xef3 ./drivers/fsl_usart.o
 .debug_line    0x0000000000005e8c      0x1eb ./device/system_LPC804.o
 .debug_line    0x0000000000006077      0x3b2 ./component/uart/fsl_adapter_miniusart.o
 .debug_line    0x0000000000006429      0x2e4 ./board/board.o
 .debug_line    0x000000000000670d      0x475 ./board/clock_config.o
 .debug_line    0x0000000000006b82      0x266 ./board/peripherals.o
 .debug_line    0x0000000000006de8      0x5a1 ./board/pin_mux.o

.debug_str      0x0000000000000000     0x6302
 .debug_str     0x0000000000000000     0x137d ./utilities/fsl_debug_console.o
                                       0x13e1 (size before relaxing)
 .debug_str     0x000000000000137d      0x3b8 ./startup/startup_lpc804.o
                                        0x4d4 (size before relaxing)
 .debug_str     0x0000000000001735      0x1e0 ./source/Pad2.o
                                        0x3cb (size before relaxing)
 .debug_str     0x0000000000001915       0x1f ./source/semihost_hardfault.o
                                        0x13a (size before relaxing)
 .debug_str     0x0000000000001934      0x4ea ./drivers/fsl_clock.o
                                       0x1237 (size before relaxing)
 .debug_str     0x0000000000001e1e      0xc70 ./drivers/fsl_ctimer.o
                                       0x1151 (size before relaxing)
 .debug_str     0x0000000000002a8e      0xe46 ./drivers/fsl_i2c.o
                                       0x2319 (size before relaxing)
 .debug_str     0x00000000000038d4       0x6e ./drivers/fsl_reset.o
                                        0x63a (size before relaxing)
 .debug_str     0x0000000000003942      0x938 ./drivers/fsl_spi.o
                                       0x1efd (size before relaxing)
 .debug_str     0x000000000000427a      0xd30 ./drivers/fsl_swm.o
                                        0xfe0 (size before relaxing)
 .debug_str     0x0000000000004faa      0xb43 ./drivers/fsl_usart.o
                                       0x2055 (size before relaxing)
 .debug_str     0x0000000000005aed       0x74 ./device/system_LPC804.o
                                        0x47d (size before relaxing)
 .debug_str     0x0000000000005b61       0xdf ./component/uart/fsl_adapter_miniusart.o
                                       0x1445 (size before relaxing)
 .debug_str     0x0000000000005c40      0x2fa ./board/board.o
                                       0x1321 (size before relaxing)
 .debug_str     0x0000000000005f3a      0x143 ./board/clock_config.o
                                        0x8ff (size before relaxing)
 .debug_str     0x000000000000607d       0x43 ./board/peripherals.o
                                       0x1202 (size before relaxing)
 .debug_str     0x00000000000060c0      0x242 ./board/pin_mux.o
                                        0xf08 (size before relaxing)

.comment        0x0000000000000000       0x49
 .comment       0x0000000000000000       0x49 ./utilities/fsl_debug_console.o
                                         0x4a (size before relaxing)
 .comment       0x0000000000000049       0x4a ./startup/startup_lpc804.o
 .comment       0x0000000000000049       0x4a ./source/Pad2.o
 .comment       0x0000000000000049       0x4a ./source/semihost_hardfault.o
 .comment       0x0000000000000049       0x4a ./drivers/fsl_clock.o
 .comment       0x0000000000000049       0x4a ./drivers/fsl_ctimer.o
 .comment       0x0000000000000049       0x4a ./drivers/fsl_i2c.o
 .comment       0x0000000000000049       0x4a ./drivers/fsl_reset.o
 .comment       0x0000000000000049       0x4a ./drivers/fsl_spi.o
 .comment       0x0000000000000049       0x4a ./drivers/fsl_swm.o
 .comment       0x0000000000000049       0x4a ./drivers/fsl_usart.o
 .comment       0x0000000000000049       0x4a ./device/system_LPC804.o
 .comment       0x0000000000000049       0x4a ./component/uart/fsl_adapter_miniusart.o
 .comment       0x0000000000000049       0x4a ./board/board.o
 .comment       0x0000000000000049       0x4a ./board/clock_config.o
 .comment       0x0000000000000049       0x4a ./board/peripherals.o
 .comment       0x0000000000000049       0x4a ./board/pin_mux.o
 .comment       0x0000000000000049       0x4a /Applications/MCUXpressoIDE_11.7.0_9198/ide/plugins/com.nxp.mcuxpresso.tools.macosx_11.7.0.202209140929/tools/bin/../lib/gcc/arm-none-eabi/10.3.1/../../../../arm-none-eabi/lib/thumb/v6-m/nofp/libcr_nohost_nf.a(_cr__main.o)
 .comment       0x0000000000000049       0x4a /Applications/MCUXpressoIDE_11.7.0_9198/ide/plugins/com.nxp.mcuxpresso.tools.macosx_11.7.0.202209140929/tools/bin/../lib/gcc/arm-none-eabi/10.3.1/../../../../arm-none-eabi/lib/thumb/v6-m/nofp/libcr_c.a(memcpy.o)
 .comment       0x0000000000000049       0x4a /Applications/MCUXpressoIDE_11.7.0_9198/ide/plugins/com.nxp.mcuxpresso.tools.macosx_11.7.0.202209140929/tools/bin/../lib/gcc/arm-none-eabi/10.3.1/../../../../arm-none-eabi/lib/thumb/v6-m/nofp/libcr_c.a(memset.o)
 .comment       0x0000000000000049       0x4a /Applications/MCUXpressoIDE_11.7.0_9198/ide/plugins/com.nxp.mcuxpresso.tools.macosx_11.7.0.202209140929/tools/bin/../lib/gcc/arm-none-eabi/10.3.1/../../../../arm-none-eabi/lib/thumb/v6-m/nofp/libcr_c.a(alloc.o)
 .comment       0x0000000000000049       0x4a /Applications/MCUXpressoIDE_11.7.0_9198/ide/plugins/com.nxp.mcuxpresso.tools.macosx_11.7.0.202209140929/tools/bin/../lib/gcc/arm-none-eabi/10.3.1/../../../../arm-none-eabi/lib/thumb/v6-m/nofp/libcr_c.a(errno.o)
 .comment       0x0000000000000049       0x4a /Applications/MCUXpressoIDE_11.7.0_9198/ide/plugins/com.nxp.mcuxpresso.tools.macosx_11.7.0.202209140929/tools/bin/../lib/gcc/arm-none-eabi/10.3.1/../../../../arm-none-eabi/lib/thumb/v6-m/nofp/libcr_c.a(initio.o)
 .comment       0x0000000000000049       0x4a /Applications/MCUXpressoIDE_11.7.0_9198/ide/plugins/com.nxp.mcuxpresso.tools.macosx_11.7.0.202209140929/tools/bin/../lib/gcc/arm-none-eabi/10.3.1/../../../../arm-none-eabi/lib/thumb/v6-m/nofp/libcr_c.a(setvbuf.o)
 .comment       0x0000000000000049       0x4a /Applications/MCUXpressoIDE_11.7.0_9198/ide/plugins/com.nxp.mcuxpresso.tools.macosx_11.7.0.202209140929/tools/bin/../lib/gcc/arm-none-eabi/10.3.1/../../../../arm-none-eabi/lib/thumb/v6-m/nofp/libcr_c.a(strlen.o)
 .comment       0x0000000000000049       0x4a /Applications/MCUXpressoIDE_11.7.0_9198/ide/plugins/com.nxp.mcuxpresso.tools.macosx_11.7.0.202209140929/tools/bin/../lib/gcc/arm-none-eabi/10.3.1/../../../../arm-none-eabi/lib/thumb/v6-m/nofp/libcr_c.a(_deferredlazyseek.o)
 .comment       0x0000000000000049       0x4a /Applications/MCUXpressoIDE_11.7.0_9198/ide/plugins/com.nxp.mcuxpresso.tools.macosx_11.7.0.202209140929/tools/bin/../lib/gcc/arm-none-eabi/10.3.1/../../../../arm-none-eabi/lib/thumb/v6-m/nofp/libcr_c.a(_fdopen.o)
 .comment       0x0000000000000049       0x4a /Applications/MCUXpressoIDE_11.7.0_9198/ide/plugins/com.nxp.mcuxpresso.tools.macosx_11.7.0.202209140929/tools/bin/../lib/gcc/arm-none-eabi/10.3.1/../../../../arm-none-eabi/lib/thumb/v6-m/nofp/libcr_c.a(_fflush.o)
 .comment       0x0000000000000049       0x4a /Applications/MCUXpressoIDE_11.7.0_9198/ide/plugins/com.nxp.mcuxpresso.tools.macosx_11.7.0.202209140929/tools/bin/../lib/gcc/arm-none-eabi/10.3.1/../../../../arm-none-eabi/lib/thumb/v6-m/nofp/libcr_c.a(_writebuf.o)
 .comment       0x0000000000000049       0x4a /Applications/MCUXpressoIDE_11.7.0_9198/ide/plugins/com.nxp.mcuxpresso.tools.macosx_11.7.0.202209140929/tools/bin/../lib/gcc/arm-none-eabi/10.3.1/../../../../arm-none-eabi/lib/thumb/v6-m/nofp/libcr_c.a(fclose.o)
 .comment       0x0000000000000049       0x4a /Applications/MCUXpressoIDE_11.7.0_9198/ide/plugins/com.nxp.mcuxpresso.tools.macosx_11.7.0.202209140929/tools/bin/../lib/gcc/arm-none-eabi/10.3.1/../../../../arm-none-eabi/lib/thumb/v6-m/nofp/libcr_c.a(fflush.o)
 .comment       0x0000000000000049       0x4a /Applications/MCUXpressoIDE_11.7.0_9198/ide/plugins/com.nxp.mcuxpresso.tools.macosx_11.7.0.202209140929/tools/bin/../lib/gcc/arm-none-eabi/10.3.1/../../../../arm-none-eabi/lib/thumb/v6-m/nofp/libcr_c.a(fseek.o)
 .comment       0x0000000000000049       0x4a /Applications/MCUXpressoIDE_11.7.0_9198/ide/plugins/com.nxp.mcuxpresso.tools.macosx_11.7.0.202209140929/tools/bin/../lib/gcc/arm-none-eabi/10.3.1/../../../../arm-none-eabi/lib/thumb/v6-m/nofp/libcr_c.a(ftell.o)
 .comment       0x0000000000000049       0x4a /Applications/MCUXpressoIDE_11.7.0_9198/ide/plugins/com.nxp.mcuxpresso.tools.macosx_11.7.0.202209140929/tools/bin/../lib/gcc/arm-none-eabi/10.3.1/../../../../arm-none-eabi/lib/thumb/v6-m/nofp/libcr_c.a(remove.o)
 .comment       0x0000000000000049       0x4a /Applications/MCUXpressoIDE_11.7.0_9198/ide/plugins/com.nxp.mcuxpresso.tools.macosx_11.7.0.202209140929/tools/bin/../lib/gcc/arm-none-eabi/10.3.1/../../../../arm-none-eabi/lib/thumb/v6-m/nofp/libcr_c.a(_do_fflush.o)
 .comment       0x0000000000000049       0x4a /Applications/MCUXpressoIDE_11.7.0_9198/ide/plugins/com.nxp.mcuxpresso.tools.macosx_11.7.0.202209140929/tools/bin/../lib/gcc/arm-none-eabi/10.3.1/../../../../arm-none-eabi/lib/thumb/v6-m/nofp/libcr_nohost_nf.a(__ciob.o)
 .comment       0x0000000000000049       0x4a /Applications/MCUXpressoIDE_11.7.0_9198/ide/plugins/com.nxp.mcuxpresso.tools.macosx_11.7.0.202209140929/tools/bin/../lib/gcc/arm-none-eabi/10.3.1/../../../../arm-none-eabi/lib/thumb/v6-m/nofp/libcr_nohost_nf.a(__sys_close.o)
 .comment       0x0000000000000049       0x4a /Applications/MCUXpressoIDE_11.7.0_9198/ide/plugins/com.nxp.mcuxpresso.tools.macosx_11.7.0.202209140929/tools/bin/../lib/gcc/arm-none-eabi/10.3.1/../../../../arm-none-eabi/lib/thumb/v6-m/nofp/libcr_nohost_nf.a(__sys_flen.o)
 .comment       0x0000000000000049       0x4a /Applications/MCUXpressoIDE_11.7.0_9198/ide/plugins/com.nxp.mcuxpresso.tools.macosx_11.7.0.202209140929/tools/bin/../lib/gcc/arm-none-eabi/10.3.1/../../../../arm-none-eabi/lib/thumb/v6-m/nofp/libcr_nohost_nf.a(__sys_istty.o)
 .comment       0x0000000000000049       0x4a /Applications/MCUXpressoIDE_11.7.0_9198/ide/plugins/com.nxp.mcuxpresso.tools.macosx_11.7.0.202209140929/tools/bin/../lib/gcc/arm-none-eabi/10.3.1/../../../../arm-none-eabi/lib/thumb/v6-m/nofp/libcr_nohost_nf.a(__sys_remove.o)
 .comment       0x0000000000000049       0x4a /Applications/MCUXpressoIDE_11.7.0_9198/ide/plugins/com.nxp.mcuxpresso.tools.macosx_11.7.0.202209140929/tools/bin/../lib/gcc/arm-none-eabi/10.3.1/../../../../arm-none-eabi/lib/thumb/v6-m/nofp/libcr_nohost_nf.a(__sys_seek.o)
 .comment       0x0000000000000049       0x4a /Applications/MCUXpressoIDE_11.7.0_9198/ide/plugins/com.nxp.mcuxpresso.tools.macosx_11.7.0.202209140929/tools/bin/../lib/gcc/arm-none-eabi/10.3.1/../../../../arm-none-eabi/lib/thumb/v6-m/nofp/libcr_nohost_nf.a(__sys_tmpnam.o)
 .comment       0x0000000000000049       0x4a /Applications/MCUXpressoIDE_11.7.0_9198/ide/plugins/com.nxp.mcuxpresso.tools.macosx_11.7.0.202209140929/tools/bin/../lib/gcc/arm-none-eabi/10.3.1/../../../../arm-none-eabi/lib/thumb/v6-m/nofp/libcr_nohost_nf.a(__sys_write.o)

.ARM.attributes
                0x0000000000000000       0x2a
 .ARM.attributes
                0x0000000000000000       0x2c ./utilities/fsl_debug_console.o
 .ARM.attributes
                0x000000000000002c       0x2c ./startup/startup_lpc804.o
 .ARM.attributes
                0x0000000000000058       0x2c ./source/Pad2.o
 .ARM.attributes
                0x0000000000000084       0x2c ./source/semihost_hardfault.o
 .ARM.attributes
                0x00000000000000b0       0x2c ./drivers/fsl_clock.o
 .ARM.attributes
                0x00000000000000dc       0x2c ./drivers/fsl_ctimer.o
 .ARM.attributes
                0x0000000000000108       0x2c ./drivers/fsl_i2c.o
 .ARM.attributes
                0x0000000000000134       0x2c ./drivers/fsl_reset.o
 .ARM.attributes
                0x0000000000000160       0x2c ./drivers/fsl_spi.o
 .ARM.attributes
                0x000000000000018c       0x2c ./drivers/fsl_swm.o
 .ARM.attributes
                0x00000000000001b8       0x2c ./drivers/fsl_usart.o
 .ARM.attributes
                0x00000000000001e4       0x2c ./device/system_LPC804.o
 .ARM.attributes
                0x0000000000000210       0x2c ./component/uart/fsl_adapter_miniusart.o
 .ARM.attributes
                0x000000000000023c       0x2c ./board/board.o
 .ARM.attributes
                0x0000000000000268       0x2c ./board/clock_config.o
 .ARM.attributes
                0x0000000000000294       0x2c ./board/peripherals.o
 .ARM.attributes
                0x00000000000002c0       0x2c ./board/pin_mux.o
 .ARM.attributes
                0x00000000000002ec       0x2c /Applications/MCUXpressoIDE_11.7.0_9198/ide/plugins/com.nxp.mcuxpresso.tools.macosx_11.7.0.202209140929/tools/bin/../lib/gcc/arm-none-eabi/10.3.1/../../../../arm-none-eabi/lib/thumb/v6-m/nofp/libcr_nohost_nf.a(_cr__main.o)
 .ARM.attributes
                0x0000000000000318       0x2c /Applications/MCUXpressoIDE_11.7.0_9198/ide/plugins/com.nxp.mcuxpresso.tools.macosx_11.7.0.202209140929/tools/bin/../lib/gcc/arm-none-eabi/10.3.1/../../../../arm-none-eabi/lib/thumb/v6-m/nofp/libcr_c.a(memcpy.o)
 .ARM.attributes
                0x0000000000000344       0x2c /Applications/MCUXpressoIDE_11.7.0_9198/ide/plugins/com.nxp.mcuxpresso.tools.macosx_11.7.0.202209140929/tools/bin/../lib/gcc/arm-none-eabi/10.3.1/../../../../arm-none-eabi/lib/thumb/v6-m/nofp/libcr_c.a(memset.o)
 .ARM.attributes
                0x0000000000000370       0x2c /Applications/MCUXpressoIDE_11.7.0_9198/ide/plugins/com.nxp.mcuxpresso.tools.macosx_11.7.0.202209140929/tools/bin/../lib/gcc/arm-none-eabi/10.3.1/../../../../arm-none-eabi/lib/thumb/v6-m/nofp/libcr_c.a(alloc.o)
 .ARM.attributes
                0x000000000000039c       0x2c /Applications/MCUXpressoIDE_11.7.0_9198/ide/plugins/com.nxp.mcuxpresso.tools.macosx_11.7.0.202209140929/tools/bin/../lib/gcc/arm-none-eabi/10.3.1/../../../../arm-none-eabi/lib/thumb/v6-m/nofp/libcr_c.a(errno.o)
 .ARM.attributes
                0x00000000000003c8       0x2c /Applications/MCUXpressoIDE_11.7.0_9198/ide/plugins/com.nxp.mcuxpresso.tools.macosx_11.7.0.202209140929/tools/bin/../lib/gcc/arm-none-eabi/10.3.1/../../../../arm-none-eabi/lib/thumb/v6-m/nofp/libcr_c.a(initio.o)
 .ARM.attributes
                0x00000000000003f4       0x2c /Applications/MCUXpressoIDE_11.7.0_9198/ide/plugins/com.nxp.mcuxpresso.tools.macosx_11.7.0.202209140929/tools/bin/../lib/gcc/arm-none-eabi/10.3.1/../../../../arm-none-eabi/lib/thumb/v6-m/nofp/libcr_c.a(setvbuf.o)
 .ARM.attributes
                0x0000000000000420       0x2c /Applications/MCUXpressoIDE_11.7.0_9198/ide/plugins/com.nxp.mcuxpresso.tools.macosx_11.7.0.202209140929/tools/bin/../lib/gcc/arm-none-eabi/10.3.1/../../../../arm-none-eabi/lib/thumb/v6-m/nofp/libcr_c.a(strlen.o)
 .ARM.attributes
                0x000000000000044c       0x2c /Applications/MCUXpressoIDE_11.7.0_9198/ide/plugins/com.nxp.mcuxpresso.tools.macosx_11.7.0.202209140929/tools/bin/../lib/gcc/arm-none-eabi/10.3.1/../../../../arm-none-eabi/lib/thumb/v6-m/nofp/libcr_c.a(_deferredlazyseek.o)
 .ARM.attributes
                0x0000000000000478       0x2c /Applications/MCUXpressoIDE_11.7.0_9198/ide/plugins/com.nxp.mcuxpresso.tools.macosx_11.7.0.202209140929/tools/bin/../lib/gcc/arm-none-eabi/10.3.1/../../../../arm-none-eabi/lib/thumb/v6-m/nofp/libcr_c.a(_fdopen.o)
 .ARM.attributes
                0x00000000000004a4       0x2c /Applications/MCUXpressoIDE_11.7.0_9198/ide/plugins/com.nxp.mcuxpresso.tools.macosx_11.7.0.202209140929/tools/bin/../lib/gcc/arm-none-eabi/10.3.1/../../../../arm-none-eabi/lib/thumb/v6-m/nofp/libcr_c.a(_fflush.o)
 .ARM.attributes
                0x00000000000004d0       0x2c /Applications/MCUXpressoIDE_11.7.0_9198/ide/plugins/com.nxp.mcuxpresso.tools.macosx_11.7.0.202209140929/tools/bin/../lib/gcc/arm-none-eabi/10.3.1/../../../../arm-none-eabi/lib/thumb/v6-m/nofp/libcr_c.a(_writebuf.o)
 .ARM.attributes
                0x00000000000004fc       0x2c /Applications/MCUXpressoIDE_11.7.0_9198/ide/plugins/com.nxp.mcuxpresso.tools.macosx_11.7.0.202209140929/tools/bin/../lib/gcc/arm-none-eabi/10.3.1/../../../../arm-none-eabi/lib/thumb/v6-m/nofp/libcr_c.a(fclose.o)
 .ARM.attributes
                0x0000000000000528       0x2c /Applications/MCUXpressoIDE_11.7.0_9198/ide/plugins/com.nxp.mcuxpresso.tools.macosx_11.7.0.202209140929/tools/bin/../lib/gcc/arm-none-eabi/10.3.1/../../../../arm-none-eabi/lib/thumb/v6-m/nofp/libcr_c.a(fflush.o)
 .ARM.attributes
                0x0000000000000554       0x2c /Applications/MCUXpressoIDE_11.7.0_9198/ide/plugins/com.nxp.mcuxpresso.tools.macosx_11.7.0.202209140929/tools/bin/../lib/gcc/arm-none-eabi/10.3.1/../../../../arm-none-eabi/lib/thumb/v6-m/nofp/libcr_c.a(fseek.o)
 .ARM.attributes
                0x0000000000000580       0x2c /Applications/MCUXpressoIDE_11.7.0_9198/ide/plugins/com.nxp.mcuxpresso.tools.macosx_11.7.0.202209140929/tools/bin/../lib/gcc/arm-none-eabi/10.3.1/../../../../arm-none-eabi/lib/thumb/v6-m/nofp/libcr_c.a(ftell.o)
 .ARM.attributes
                0x00000000000005ac       0x2c /Applications/MCUXpressoIDE_11.7.0_9198/ide/plugins/com.nxp.mcuxpresso.tools.macosx_11.7.0.202209140929/tools/bin/../lib/gcc/arm-none-eabi/10.3.1/../../../../arm-none-eabi/lib/thumb/v6-m/nofp/libcr_c.a(remove.o)
 .ARM.attributes
                0x00000000000005d8       0x2c /Applications/MCUXpressoIDE_11.7.0_9198/ide/plugins/com.nxp.mcuxpresso.tools.macosx_11.7.0.202209140929/tools/bin/../lib/gcc/arm-none-eabi/10.3.1/../../../../arm-none-eabi/lib/thumb/v6-m/nofp/libcr_c.a(_do_fflush.o)
 .ARM.attributes
                0x0000000000000604       0x1c /Applications/MCUXpressoIDE_11.7.0_9198/ide/plugins/com.nxp.mcuxpresso.tools.macosx_11.7.0.202209140929/tools/bin/../lib/gcc/arm-none-eabi/10.3.1/thumb/v6-m/nofp/libcr_eabihelpers.a(division_32.o)
 .ARM.attributes
                0x0000000000000620       0x1c /Applications/MCUXpressoIDE_11.7.0_9198/ide/plugins/com.nxp.mcuxpresso.tools.macosx_11.7.0.202209140929/tools/bin/../lib/gcc/arm-none-eabi/10.3.1/thumb/v6-m/nofp/libcr_eabihelpers.a(division_64.o)
 .ARM.attributes
                0x000000000000063c       0x1c /Applications/MCUXpressoIDE_11.7.0_9198/ide/plugins/com.nxp.mcuxpresso.tools.macosx_11.7.0.202209140929/tools/bin/../lib/gcc/arm-none-eabi/10.3.1/thumb/v6-m/nofp/libcr_eabihelpers.a(division_idiv0.o)
 .ARM.attributes
                0x0000000000000658       0x1c /Applications/MCUXpressoIDE_11.7.0_9198/ide/plugins/com.nxp.mcuxpresso.tools.macosx_11.7.0.202209140929/tools/bin/../lib/gcc/arm-none-eabi/10.3.1/thumb/v6-m/nofp/libcr_eabihelpers.a(memcpy.o)
 .ARM.attributes
                0x0000000000000674       0x1c /Applications/MCUXpressoIDE_11.7.0_9198/ide/plugins/com.nxp.mcuxpresso.tools.macosx_11.7.0.202209140929/tools/bin/../lib/gcc/arm-none-eabi/10.3.1/thumb/v6-m/nofp/libcr_eabihelpers.a(thumb1_switch_helpers.o)
 .ARM.attributes
                0x0000000000000690       0x2c /Applications/MCUXpressoIDE_11.7.0_9198/ide/plugins/com.nxp.mcuxpresso.tools.macosx_11.7.0.202209140929/tools/bin/../lib/gcc/arm-none-eabi/10.3.1/../../../../arm-none-eabi/lib/thumb/v6-m/nofp/libcr_nohost_nf.a(__ciob.o)
 .ARM.attributes
                0x00000000000006bc       0x2c /Applications/MCUXpressoIDE_11.7.0_9198/ide/plugins/com.nxp.mcuxpresso.tools.macosx_11.7.0.202209140929/tools/bin/../lib/gcc/arm-none-eabi/10.3.1/../../../../arm-none-eabi/lib/thumb/v6-m/nofp/libcr_nohost_nf.a(__sys_close.o)
 .ARM.attributes
                0x00000000000006e8       0x2c /Applications/MCUXpressoIDE_11.7.0_9198/ide/plugins/com.nxp.mcuxpresso.tools.macosx_11.7.0.202209140929/tools/bin/../lib/gcc/arm-none-eabi/10.3.1/../../../../arm-none-eabi/lib/thumb/v6-m/nofp/libcr_nohost_nf.a(__sys_flen.o)
 .ARM.attributes
                0x0000000000000714       0x2c /Applications/MCUXpressoIDE_11.7.0_9198/ide/plugins/com.nxp.mcuxpresso.tools.macosx_11.7.0.202209140929/tools/bin/../lib/gcc/arm-none-eabi/10.3.1/../../../../arm-none-eabi/lib/thumb/v6-m/nofp/libcr_nohost_nf.a(__sys_istty.o)
 .ARM.attributes
                0x0000000000000740       0x2c /Applications/MCUXpressoIDE_11.7.0_9198/ide/plugins/com.nxp.mcuxpresso.tools.macosx_11.7.0.202209140929/tools/bin/../lib/gcc/arm-none-eabi/10.3.1/../../../../arm-none-eabi/lib/thumb/v6-m/nofp/libcr_nohost_nf.a(__sys_remove.o)
 .ARM.attributes
                0x000000000000076c       0x2c /Applications/MCUXpressoIDE_11.7.0_9198/ide/plugins/com.nxp.mcuxpresso.tools.macosx_11.7.0.202209140929/tools/bin/../lib/gcc/arm-none-eabi/10.3.1/../../../../arm-none-eabi/lib/thumb/v6-m/nofp/libcr_nohost_nf.a(__sys_seek.o)
 .ARM.attributes
                0x0000000000000798       0x2c /Applications/MCUXpressoIDE_11.7.0_9198/ide/plugins/com.nxp.mcuxpresso.tools.macosx_11.7.0.202209140929/tools/bin/../lib/gcc/arm-none-eabi/10.3.1/../../../../arm-none-eabi/lib/thumb/v6-m/nofp/libcr_nohost_nf.a(__sys_tmpnam.o)
 .ARM.attributes
                0x00000000000007c4       0x2c /Applications/MCUXpressoIDE_11.7.0_9198/ide/plugins/com.nxp.mcuxpresso.tools.macosx_11.7.0.202209140929/tools/bin/../lib/gcc/arm-none-eabi/10.3.1/../../../../arm-none-eabi/lib/thumb/v6-m/nofp/libcr_nohost_nf.a(__sys_write.o)

.debug_frame    0x0000000000000000     0x12b4
 .debug_frame   0x0000000000000000      0x104 ./utilities/fsl_debug_console.o
 .debug_frame   0x0000000000000104      0x3b4 ./startup/startup_lpc804.o
 .debug_frame   0x00000000000004b8       0x2c ./source/Pad2.o
 .debug_frame   0x00000000000004e4       0x20 ./source/semihost_hardfault.o
 .debug_frame   0x0000000000000504      0x128 ./drivers/fsl_clock.o
 .debug_frame   0x000000000000062c      0x148 ./drivers/fsl_ctimer.o
 .debug_frame   0x0000000000000774      0x3b0 ./drivers/fsl_i2c.o
 .debug_frame   0x0000000000000b24       0x20 ./drivers/fsl_reset.o
 .debug_frame   0x0000000000000b44      0x24c ./drivers/fsl_spi.o
 .debug_frame   0x0000000000000d90       0x54 ./drivers/fsl_swm.o
 .debug_frame   0x0000000000000de4      0x1f4 ./drivers/fsl_usart.o
 .debug_frame   0x0000000000000fd8       0x50 ./device/system_LPC804.o
 .debug_frame   0x0000000000001028       0x94 ./component/uart/fsl_adapter_miniusart.o
 .debug_frame   0x00000000000010bc       0x28 ./board/board.o
 .debug_frame   0x00000000000010e4       0x8c ./board/clock_config.o
 .debug_frame   0x0000000000001170       0x58 ./board/peripherals.o
 .debug_frame   0x00000000000011c8       0xec ./board/pin_mux.o

Cross Reference Table

Symbol                                            File
ADC_OVR_DriverIRQHandler                          ./startup/startup_lpc804.o
ADC_OVR_IRQHandler                                ./startup/startup_lpc804.o
ADC_SEQA_DriverIRQHandler                         ./startup/startup_lpc804.o
ADC_SEQA_IRQHandler                               ./startup/startup_lpc804.o
ADC_SEQB_DriverIRQHandler                         ./startup/startup_lpc804.o
ADC_SEQB_IRQHandler                               ./startup/startup_lpc804.o
ADC_THCMP_DriverIRQHandler                        ./startup/startup_lpc804.o
ADC_THCMP_IRQHandler                              ./startup/startup_lpc804.o
BOARD_BootClockFRO18M                             ./board/clock_config.o
BOARD_BootClockFRO24M                             ./board/clock_config.o
BOARD_BootClockFRO30M                             ./board/clock_config.o
BOARD_InitBUTTONsPins                             ./board/pin_mux.o
BOARD_InitBootClocks                              ./board/clock_config.o
                                                  ./source/Pad2.o
BOARD_InitBootPeripherals                         ./board/peripherals.o
                                                  ./source/Pad2.o
BOARD_InitBootPins                                ./board/pin_mux.o
                                                  ./source/Pad2.o
BOARD_InitDEBUG_UARTPins                          ./board/pin_mux.o
BOARD_InitDebugConsole                            ./board/board.o
                                                  ./source/Pad2.o
BOARD_InitI2CPins                                 ./board/pin_mux.o
BOARD_InitISPIPins                                ./board/pin_mux.o
BOARD_InitLEDsPins                                ./board/pin_mux.o
BOARD_InitPeripherals                             ./board/peripherals.o
BOARD_InitPins                                    ./board/pin_mux.o
BOARD_InitSWD_DEBUGPins                           ./board/pin_mux.o
BOD_DriverIRQHandler                              ./startup/startup_lpc804.o
BOD_IRQHandler                                    ./startup/startup_lpc804.o
CLOCK_GetClockOutClkFreq                          ./drivers/fsl_clock.o
CLOCK_GetFRG0ClkFreq                              ./drivers/fsl_clock.o
CLOCK_GetFreq                                     ./drivers/fsl_clock.o
CLOCK_GetFroFreq                                  ./drivers/fsl_clock.o
CLOCK_GetMainClkFreq                              ./drivers/fsl_clock.o
                                                  ./board/board.o
CLOCK_GetUart0ClkFreq                             ./drivers/fsl_clock.o
CLOCK_GetUart1ClkFreq                             ./drivers/fsl_clock.o
CLOCK_InitExtClkin                                ./drivers/fsl_clock.o
CLOCK_SetFRG0ClkFreq                              ./drivers/fsl_clock.o
                                                  ./board/clock_config.o
CLOCK_SetFroOscFreq                               ./drivers/fsl_clock.o
                                                  ./board/clock_config.o
CLOCK_SetMainClkSrc                               ./drivers/fsl_clock.o
                                                  ./board/clock_config.o
CMP_CAPT_DriverIRQHandler                         ./startup/startup_lpc804.o
CMP_CAPT_IRQHandler                               ./startup/startup_lpc804.o
CRP_WORD                                          ./startup/startup_lpc804.o
CTIMER0_DriverIRQHandler                          ./drivers/fsl_ctimer.o
                                                  ./startup/startup_lpc804.o
CTIMER0_IRQHandler                                ./startup/startup_lpc804.o
CTIMER_Deinit                                     ./drivers/fsl_ctimer.o
CTIMER_GetDefaultConfig                           ./drivers/fsl_ctimer.o
CTIMER_GetOutputMatchStatus                       ./drivers/fsl_ctimer.o
CTIMER_Init                                       ./drivers/fsl_ctimer.o
CTIMER_RegisterCallBack                           ./drivers/fsl_ctimer.o
CTIMER_SetupCapture                               ./drivers/fsl_ctimer.o
CTIMER_SetupMatch                                 ./drivers/fsl_ctimer.o
CTIMER_SetupPwm                                   ./drivers/fsl_ctimer.o
CTIMER_SetupPwmPeriod                             ./drivers/fsl_ctimer.o
CTIMER_UpdatePwmDutycycle                         ./drivers/fsl_ctimer.o
DAC0_DriverIRQHandler                             ./startup/startup_lpc804.o
DAC0_IRQHandler                                   ./startup/startup_lpc804.o
DbgConsole_Deinit                                 ./utilities/fsl_debug_console.o
DbgConsole_Getchar                                ./utilities/fsl_debug_console.o
DbgConsole_Init                                   ./utilities/fsl_debug_console.o
                                                  ./board/board.o
DbgConsole_Printf                                 ./utilities/fsl_debug_console.o
                                                  ./source/Pad2.o
DbgConsole_Putchar                                ./utilities/fsl_debug_console.o
DbgConsole_Scanf                                  ./utilities/fsl_debug_console.o
DbgConsole_Vprintf                                ./utilities/fsl_debug_console.o
DisableDeepSleepIRQ                               ./drivers/fsl_power.o
EnableDeepSleepIRQ                                ./drivers/fsl_power.o
ExtClockIn                                        ./board/board.o
FLASH_DriverIRQHandler                            ./startup/startup_lpc804.o
FLASH_IRQHandler                                  ./startup/startup_lpc804.o
GPIO_PinInit                                      ./drivers/fsl_gpio.o
                                                  ./board/pin_mux.o
GPIO_PortInit                                     ./drivers/fsl_gpio.o
HAL_UartDeinit                                    ./component/uart/fsl_adapter_miniusart.o
                                                  ./utilities/fsl_debug_console.o
HAL_UartEnterLowpower                             ./component/uart/fsl_adapter_miniusart.o
HAL_UartExitLowpower                              ./component/uart/fsl_adapter_miniusart.o
HAL_UartInit                                      ./component/uart/fsl_adapter_miniusart.o
                                                  ./utilities/fsl_debug_console.o
HAL_UartReceiveBlocking                           ./component/uart/fsl_adapter_miniusart.o
                                                  ./utilities/fsl_debug_console.o
HAL_UartSendBlocking                              ./component/uart/fsl_adapter_miniusart.o
                                                  ./utilities/fsl_debug_console.o
HardFault_Handler                                 ./source/semihost_hardfault.o
                                                  ./startup/startup_lpc804.o
I2C0_DriverIRQHandler                             ./drivers/fsl_i2c.o
                                                  ./startup/startup_lpc804.o
I2C0_IRQHandler                                   ./startup/startup_lpc804.o
I2C1_DriverIRQHandler                             ./drivers/fsl_i2c.o
                                                  ./startup/startup_lpc804.o
I2C1_IRQHandler                                   ./startup/startup_lpc804.o
I2C_GetInstance                                   ./drivers/fsl_i2c.o
I2C_MasterDeinit                                  ./drivers/fsl_i2c.o
I2C_MasterGetDefaultConfig                        ./drivers/fsl_i2c.o
I2C_MasterInit                                    ./drivers/fsl_i2c.o
I2C_MasterReadBlocking                            ./drivers/fsl_i2c.o
I2C_MasterSetBaudRate                             ./drivers/fsl_i2c.o
I2C_MasterStart                                   ./drivers/fsl_i2c.o
I2C_MasterStop                                    ./drivers/fsl_i2c.o
I2C_MasterTransferAbort                           ./drivers/fsl_i2c.o
I2C_MasterTransferBlocking                        ./drivers/fsl_i2c.o
I2C_MasterTransferCreateHandle                    ./drivers/fsl_i2c.o
I2C_MasterTransferGetCount                        ./drivers/fsl_i2c.o
I2C_MasterTransferHandleIRQ                       ./drivers/fsl_i2c.o
I2C_MasterTransferNonBlocking                     ./drivers/fsl_i2c.o
I2C_MasterWriteBlocking                           ./drivers/fsl_i2c.o
I2C_SlaveDeinit                                   ./drivers/fsl_i2c.o
I2C_SlaveGetDefaultConfig                         ./drivers/fsl_i2c.o
I2C_SlaveInit                                     ./drivers/fsl_i2c.o
I2C_SlaveReadBlocking                             ./drivers/fsl_i2c.o
I2C_SlaveSetAddress                               ./drivers/fsl_i2c.o
I2C_SlaveSetReceiveBuffer                         ./drivers/fsl_i2c.o
I2C_SlaveSetSendBuffer                            ./drivers/fsl_i2c.o
I2C_SlaveTransferAbort                            ./drivers/fsl_i2c.o
I2C_SlaveTransferCreateHandle                     ./drivers/fsl_i2c.o
I2C_SlaveTransferGetCount                         ./drivers/fsl_i2c.o
I2C_SlaveTransferHandleIRQ                        ./drivers/fsl_i2c.o
I2C_SlaveTransferNonBlocking                      ./drivers/fsl_i2c.o
I2C_SlaveWriteBlocking                            ./drivers/fsl_i2c.o
IntDefaultHandler                                 ./startup/startup_lpc804.o
MRT0_DriverIRQHandler                             ./startup/startup_lpc804.o
MRT0_IRQHandler                                   ./startup/startup_lpc804.o
NMI_Handler                                       ./startup/startup_lpc804.o
PIN_INT0_DriverIRQHandler                         ./startup/startup_lpc804.o
PIN_INT0_IRQHandler                               ./startup/startup_lpc804.o
PIN_INT1_DriverIRQHandler                         ./startup/startup_lpc804.o
PIN_INT1_IRQHandler                               ./startup/startup_lpc804.o
PIN_INT2_DriverIRQHandler                         ./startup/startup_lpc804.o
PIN_INT2_IRQHandler                               ./startup/startup_lpc804.o
PIN_INT3_DriverIRQHandler                         ./startup/startup_lpc804.o
PIN_INT3_IRQHandler                               ./startup/startup_lpc804.o
PIN_INT4_DriverIRQHandler                         ./startup/startup_lpc804.o
PIN_INT4_IRQHandler                               ./startup/startup_lpc804.o
PIN_INT5_DriverIRQHandler                         ./startup/startup_lpc804.o
PIN_INT5_IRQHandler                               ./startup/startup_lpc804.o
PIN_INT6_DriverIRQHandler                         ./startup/startup_lpc804.o
PIN_INT6_IRQHandler                               ./startup/startup_lpc804.o
PIN_INT7_DriverIRQHandler                         ./startup/startup_lpc804.o
PIN_INT7_IRQHandler                               ./startup/startup_lpc804.o
POWER_EnterDeepPowerDownMode                      ./drivers/fsl_power.o
POWER_EnterDeepSleep                              ./drivers/fsl_power.o
POWER_EnterPowerDown                              ./drivers/fsl_power.o
POWER_EnterSleep                                  ./drivers/fsl_power.o
PendSV_Handler                                    ./startup/startup_lpc804.o
RESET_PeripheralReset                             ./drivers/fsl_reset.o
                                                  ./board/board.o
                                                  ./drivers/fsl_usart.o
                                                  ./drivers/fsl_spi.o
                                                  ./drivers/fsl_i2c.o
                                                  ./drivers/fsl_gpio.o
                                                  ./drivers/fsl_ctimer.o
Reserved17_DriverIRQHandler                       ./startup/startup_lpc804.o
Reserved17_IRQHandler                             ./startup/startup_lpc804.o
Reserved21_DriverIRQHandler                       ./startup/startup_lpc804.o
Reserved21_IRQHandler                             ./startup/startup_lpc804.o
Reserved22_DriverIRQHandler                       ./startup/startup_lpc804.o
Reserved22_IRQHandler                             ./startup/startup_lpc804.o
Reserved25_DriverIRQHandler                       ./startup/startup_lpc804.o
Reserved25_IRQHandler                             ./startup/startup_lpc804.o
Reserved36_DriverIRQHandler                       ./startup/startup_lpc804.o
Reserved36_IRQHandler                             ./startup/startup_lpc804.o
Reserved37_DriverIRQHandler                       ./startup/startup_lpc804.o
Reserved37_IRQHandler                             ./startup/startup_lpc804.o
Reserved38_DriverIRQHandler                       ./startup/startup_lpc804.o
Reserved38_IRQHandler                             ./startup/startup_lpc804.o
ResetISR                                          ./startup/startup_lpc804.o
SDK_DelayAtLeastUs                                ./drivers/fsl_common_arm.o
SDK_Free                                          ./drivers/fsl_common.o
SDK_Malloc                                        ./drivers/fsl_common.o
SPI0_DriverIRQHandler                             ./drivers/fsl_spi.o
                                                  ./startup/startup_lpc804.o
SPI0_IRQHandler                                   ./startup/startup_lpc804.o
SPI0_config                                       ./board/peripherals.o
SPI0_handle                                       ./board/peripherals.o
                                                  ./source/Pad2.o
SPI0_rxBuffer                                     ./board/peripherals.o
                                                  ./source/Pad2.o
SPI0_transfer                                     ./board/peripherals.o
                                                  ./source/Pad2.o
SPI0_txBuffer                                     ./board/peripherals.o
                                                  ./source/Pad2.o
SPI_Deinit                                        ./drivers/fsl_spi.o
SPI_GetInstance                                   ./drivers/fsl_spi.o
SPI_MasterGetDefaultConfig                        ./drivers/fsl_spi.o
SPI_MasterInit                                    ./drivers/fsl_spi.o
                                                  ./board/peripherals.o
SPI_MasterSetBaudRate                             ./drivers/fsl_spi.o
SPI_MasterTransferAbort                           ./drivers/fsl_spi.o
SPI_MasterTransferBlocking                        ./drivers/fsl_spi.o
SPI_MasterTransferCreateHandle                    ./drivers/fsl_spi.o
                                                  ./board/peripherals.o
SPI_MasterTransferGetCount                        ./drivers/fsl_spi.o
SPI_MasterTransferHandleIRQ                       ./drivers/fsl_spi.o
SPI_MasterTransferNonBlocking                     ./drivers/fsl_spi.o
                                                  ./source/Pad2.o
SPI_SetDummyData                                  ./drivers/fsl_spi.o
SPI_SetTransferDelay                              ./drivers/fsl_spi.o
SPI_SlaveGetDefaultConfig                         ./drivers/fsl_spi.o
SPI_SlaveInit                                     ./drivers/fsl_spi.o
SPI_SlaveTransferCreateHandle                     ./drivers/fsl_spi.o
SPI_SlaveTransferHandleIRQ                        ./drivers/fsl_spi.o
SPI_SlaveTransferNonBlocking                      ./drivers/fsl_spi.o
SPI_WriteDataWithConfigFlags                      ./drivers/fsl_spi.o
SVC_Handler                                       ./startup/startup_lpc804.o
SWM_SetFixedMovablePinSelect                      ./drivers/fsl_swm.o
SWM_SetFixedPinSelect                             ./drivers/fsl_swm.o
                                                  ./board/pin_mux.o
SWM_SetMovablePinSelect                           ./drivers/fsl_swm.o
                                                  ./board/pin_mux.o
StrFormatPrintf                                   ./utilities/fsl_str.o
StrFormatScanf                                    ./utilities/fsl_str.o
                                                  ./utilities/fsl_debug_console.o
SysTick_Handler                                   ./startup/startup_lpc804.o
SystemCoreClock                                   ./device/system_LPC804.o
                                                  ./board/clock_config.o
SystemCoreClockUpdate                             ./device/system_LPC804.o
SystemInit                                        ./device/system_LPC804.o
                                                  ./startup/startup_lpc804.o
SystemInitHook                                    ./device/system_LPC804.o
USART0_DriverIRQHandler                           ./drivers/fsl_usart.o
                                                  ./startup/startup_lpc804.o
USART0_IRQHandler                                 ./startup/startup_lpc804.o
USART1_DriverIRQHandler                           ./drivers/fsl_usart.o
                                                  ./startup/startup_lpc804.o
USART1_IRQHandler                                 ./startup/startup_lpc804.o
USART_Deinit                                      ./drivers/fsl_usart.o
                                                  ./component/uart/fsl_adapter_miniusart.o
USART_GetDefaultConfig                            ./drivers/fsl_usart.o
                                                  ./component/uart/fsl_adapter_miniusart.o
USART_GetInstance                                 ./drivers/fsl_usart.o
USART_Init                                        ./drivers/fsl_usart.o
                                                  ./component/uart/fsl_adapter_miniusart.o
USART_ReadBlocking                                ./drivers/fsl_usart.o
                                                  ./component/uart/fsl_adapter_miniusart.o
USART_SetBaudRate                                 ./drivers/fsl_usart.o
USART_TransferAbortReceive                        ./drivers/fsl_usart.o
USART_TransferAbortSend                           ./drivers/fsl_usart.o
USART_TransferCreateHandle                        ./drivers/fsl_usart.o
USART_TransferGetReceiveCount                     ./drivers/fsl_usart.o
USART_TransferGetRxRingBufferLength               ./drivers/fsl_usart.o
USART_TransferGetSendCount                        ./drivers/fsl_usart.o
USART_TransferHandleIRQ                           ./drivers/fsl_usart.o
USART_TransferReceiveNonBlocking                  ./drivers/fsl_usart.o
USART_TransferSendNonBlocking                     ./drivers/fsl_usart.o
USART_TransferStartRingBuffer                     ./drivers/fsl_usart.o
USART_TransferStopRingBuffer                      ./drivers/fsl_usart.o
USART_WriteBlocking                               ./drivers/fsl_usart.o
                                                  ./component/uart/fsl_adapter_miniusart.o
WDT_DriverIRQHandler                              ./startup/startup_lpc804.o
WDT_IRQHandler                                    ./startup/startup_lpc804.o
WKT_DriverIRQHandler                              ./startup/startup_lpc804.o
WKT_IRQHandler                                    ./startup/startup_lpc804.o
_Csys_alloc                                       /Applications/MCUXpressoIDE_11.7.0_9198/ide/plugins/com.nxp.mcuxpresso.tools.macosx_11.7.0.202209140929/tools/bin/../lib/gcc/arm-none-eabi/10.3.1/../../../../arm-none-eabi/lib/thumb/v6-m/nofp/libcr_c.a(alloc.o)
                                                  /Applications/MCUXpressoIDE_11.7.0_9198/ide/plugins/com.nxp.mcuxpresso.tools.macosx_11.7.0.202209140929/tools/bin/../lib/gcc/arm-none-eabi/10.3.1/../../../../arm-none-eabi/lib/thumb/v6-m/nofp/libcr_c.a(_deferredlazyseek.o)
                                                  /Applications/MCUXpressoIDE_11.7.0_9198/ide/plugins/com.nxp.mcuxpresso.tools.macosx_11.7.0.202209140929/tools/bin/../lib/gcc/arm-none-eabi/10.3.1/../../../../arm-none-eabi/lib/thumb/v6-m/nofp/libcr_c.a(__fillbuf.o)
_Csys_read_                                       /Applications/MCUXpressoIDE_11.7.0_9198/ide/plugins/com.nxp.mcuxpresso.tools.macosx_11.7.0.202209140929/tools/bin/../lib/gcc/arm-none-eabi/10.3.1/../../../../arm-none-eabi/lib/thumb/v6-m/nofp/libcr_c.a(__fillbuf.o)
_Cwritebuf                                        /Applications/MCUXpressoIDE_11.7.0_9198/ide/plugins/com.nxp.mcuxpresso.tools.macosx_11.7.0.202209140929/tools/bin/../lib/gcc/arm-none-eabi/10.3.1/../../../../arm-none-eabi/lib/thumb/v6-m/nofp/libcr_c.a(_writebuf.o)
                                                  /Applications/MCUXpressoIDE_11.7.0_9198/ide/plugins/com.nxp.mcuxpresso.tools.macosx_11.7.0.202209140929/tools/bin/../lib/gcc/arm-none-eabi/10.3.1/../../../../arm-none-eabi/lib/thumb/v6-m/nofp/libcr_c.a(_fflush.o)
                                                  /Applications/MCUXpressoIDE_11.7.0_9198/ide/plugins/com.nxp.mcuxpresso.tools.macosx_11.7.0.202209140929/tools/bin/../lib/gcc/arm-none-eabi/10.3.1/../../../../arm-none-eabi/lib/thumb/v6-m/nofp/libcr_c.a(_deferredlazyseek.o)
__Ciob                                            /Applications/MCUXpressoIDE_11.7.0_9198/ide/plugins/com.nxp.mcuxpresso.tools.macosx_11.7.0.202209140929/tools/bin/../lib/gcc/arm-none-eabi/10.3.1/../../../../arm-none-eabi/lib/thumb/v6-m/nofp/libcr_nohost_nf.a(__ciob.o)
                                                  /Applications/MCUXpressoIDE_11.7.0_9198/ide/plugins/com.nxp.mcuxpresso.tools.macosx_11.7.0.202209140929/tools/bin/../lib/gcc/arm-none-eabi/10.3.1/../../../../arm-none-eabi/lib/thumb/v6-m/nofp/libcr_c.a(fflush.o)
                                                  /Applications/MCUXpressoIDE_11.7.0_9198/ide/plugins/com.nxp.mcuxpresso.tools.macosx_11.7.0.202209140929/tools/bin/../lib/gcc/arm-none-eabi/10.3.1/../../../../arm-none-eabi/lib/thumb/v6-m/nofp/libcr_c.a(scanf.o)
                                                  /Applications/MCUXpressoIDE_11.7.0_9198/ide/plugins/com.nxp.mcuxpresso.tools.macosx_11.7.0.202209140929/tools/bin/../lib/gcc/arm-none-eabi/10.3.1/../../../../arm-none-eabi/lib/thumb/v6-m/nofp/libcr_c.a(initio.o)
__Vectors                                         ./startup/startup_lpc804.o
__aeabi_cdcmpeq                                   /Applications/MCUXpressoIDE_11.7.0_9198/ide/plugins/com.nxp.mcuxpresso.tools.macosx_11.7.0.202209140929/tools/bin/../lib/gcc/arm-none-eabi/10.3.1/thumb/v6-m/nofp/libcr_eabihelpers.a(double.o)
__aeabi_cdcmple                                   /Applications/MCUXpressoIDE_11.7.0_9198/ide/plugins/com.nxp.mcuxpresso.tools.macosx_11.7.0.202209140929/tools/bin/../lib/gcc/arm-none-eabi/10.3.1/thumb/v6-m/nofp/libcr_eabihelpers.a(double.o)
__aeabi_cdrcmple                                  /Applications/MCUXpressoIDE_11.7.0_9198/ide/plugins/com.nxp.mcuxpresso.tools.macosx_11.7.0.202209140929/tools/bin/../lib/gcc/arm-none-eabi/10.3.1/thumb/v6-m/nofp/libcr_eabihelpers.a(double.o)
__aeabi_d2f                                       /Applications/MCUXpressoIDE_11.7.0_9198/ide/plugins/com.nxp.mcuxpresso.tools.macosx_11.7.0.202209140929/tools/bin/../lib/gcc/arm-none-eabi/10.3.1/thumb/v6-m/nofp/libcr_eabihelpers.a(double.o)
                                                  /Applications/MCUXpressoIDE_11.7.0_9198/ide/plugins/com.nxp.mcuxpresso.tools.macosx_11.7.0.202209140929/tools/bin/../lib/gcc/arm-none-eabi/10.3.1/../../../../arm-none-eabi/lib/thumb/v6-m/nofp/libcr_c.a(scanf.o)
__aeabi_d2iz                                      /Applications/MCUXpressoIDE_11.7.0_9198/ide/plugins/com.nxp.mcuxpresso.tools.macosx_11.7.0.202209140929/tools/bin/../lib/gcc/arm-none-eabi/10.3.1/thumb/v6-m/nofp/libcr_eabihelpers.a(double.o)
__aeabi_d2lz                                      /Applications/MCUXpressoIDE_11.7.0_9198/ide/plugins/com.nxp.mcuxpresso.tools.macosx_11.7.0.202209140929/tools/bin/../lib/gcc/arm-none-eabi/10.3.1/thumb/v6-m/nofp/libcr_eabihelpers.a(double.o)
__aeabi_d2uiz                                     /Applications/MCUXpressoIDE_11.7.0_9198/ide/plugins/com.nxp.mcuxpresso.tools.macosx_11.7.0.202209140929/tools/bin/../lib/gcc/arm-none-eabi/10.3.1/thumb/v6-m/nofp/libcr_eabihelpers.a(double.o)
__aeabi_d2ulz                                     /Applications/MCUXpressoIDE_11.7.0_9198/ide/plugins/com.nxp.mcuxpresso.tools.macosx_11.7.0.202209140929/tools/bin/../lib/gcc/arm-none-eabi/10.3.1/thumb/v6-m/nofp/libcr_eabihelpers.a(double.o)